notebooks/Supplement_Sales_Strong_Correlation.csv
Date,Product Name,Category,Units Sold,Price,Revenue,Discount,Units Returned,Location,Platform,Month
2021-01-04,Whey Protein,Protein,139,22.37,2953.69,0.05,1,UK,Amazon,1
2021-01-11,Whey Protein,Protein,171,22.47,2882.23,0.25,2,UK,iHerb,1
2021-02-22,Whey Protein,Protein,108,43.24,4436.25,0.05,5,UK,Walmart,2
2021-03-01,Whey Protein,Protein,105,43.21,3402.95,0.25,5,UK,Walmart,3
2021-03-22,Whey Protein,Protein,106,29.46,2654.11,0.15,2,UK,Amazon,3
2021-04-12,Whey Protein,Protein,74,35.84,2652.24,0.0,3,UK,iHerb,4
2021-04-19,Whey Protein,Protein,101,49.88,3778.63,0.25,3,UK,Walmart,4
2021-04-26,Whey Protein,Protein,68,45.72,3109.04,0.0,1,UK,Walmart,4
2021-05-10,Whey Protein,Protein,110,39.61,3050.31,0.3,1,UK,iHerb,5
2021-07-26,Whey Protein,Protein,74,33.39,2470.95,0.0,1,UK,Amazon,7
2021-08-09,Whey Protein,Protein,92,50.75,3734.97,0.2,1,UK,iHerb,8
2021-08-23,Whey Protein,Protein,85,29.91,2542.05,0.0,4,UK,iHerb,8
2021-09-27,Whey Protein,Protein,79,40.59,3206.56,0.0,3,UK,Amazon,9
2021-10-04,Whey Protein,Protein,94,26.81,2520.56,0.0,1,UK,iHerb,10
2021-10-11,Whey Protein,Protein,82,29.69,2434.48,0.0,2,UK,iHerb,10
2021-10-18,Whey Protein,Protein,84,45.36,3238.86,0.15,1,UK,Walmart,10
2021-10-25,Whey Protein,Protein,113,26.35,2530.88,0.15,4,UK,Walmart,10
2021-11-01,Whey Protein,Protein,117,17.92,2097.1,0.0,3,UK,iHerb,11
2021-12-06,Whey Protein,Protein,89,37.22,3312.36,0.0,3,UK,Walmart,12
2021-12-20,Whey Protein,Protein,99,47.46,4463.43,0.05,2,UK,iHerb,12
2022-01-10,Whey Protein,Protein,107,23.19,2481.72,0.0,3,UK,Walmart,1
2022-01-17,Whey Protein,Protein,103,29.49,3037.17,0.0,2,UK,iHerb,1
2022-01-24,Whey Protein,Protein,120,24.59,2951.13,0.0,5,UK,Amazon,1
2022-01-31,Whey Protein,Protein,128,18.43,2359.53,0.0,3,UK,Amazon,1
2022-02-14,Whey Protein,Protein,142,38.28,3805.32,0.3,6,UK,iHerb,2
2022-02-21,Whey Protein,Protein,137,42.77,4395.04,0.25,3,UK,Walmart,2
2022-03-07,Whey Protein,Protein,126,36.03,3405.18,0.25,1,UK,iHerb,3
2022-03-28,Whey Protein,Protein,102,21.11,2153.01,0.0,3,UK,iHerb,3
2022-04-11,Whey Protein,Protein,104,19.64,1940.84,0.05,3,UK,iHerb,4
2022-05-02,Whey Protein,Protein,90,37.38,3027.71,0.1,1,UK,iHerb,5
2022-06-13,Whey Protein,Protein,98,49.87,3665.56,0.25,1,UK,Walmart,6
2022-07-11,Whey Protein,Protein,83,32.82,2724.36,0.0,3,UK,Walmart,7
2022-08-08,Whey Protein,Protein,73,26.7,1949.27,0.0,2,UK,Walmart,8
2022-08-15,Whey Protein,Protein,123,28.28,2608.61,0.25,1,UK,iHerb,8
2022-09-05,Whey Protein,Protein,70,39.69,2639.7,0.05,3,UK,iHerb,9
2022-10-10,Whey Protein,Protein,108,19.13,1962.95,0.05,4,UK,iHerb,10
2022-10-31,Whey Protein,Protein,126,30.69,2706.94,0.3,4,UK,iHerb,10
2022-11-07,Whey Protein,Protein,143,41.48,4152.08,0.3,6,UK,Amazon,11
2022-11-14,Whey Protein,Protein,83,36.34,3016.08,0.0,3,UK,Amazon,11
2022-12-26,Whey Protein,Protein,89,43.87,3903.99,0.0,3,UK,Amazon,12
2023-02-13,Whey Protein,Protein,109,41.18,4264.25,0.05,3,UK,Walmart,2
2023-03-20,Whey Protein,Protein,114,27.6,2674.69,0.15,3,UK,Walmart,3
2023-03-27,Whey Protein,Protein,99,32.45,2890.97,0.1,3,UK,Amazon,3
2023-04-03,Whey Protein,Protein,148,14.66,1518.29,0.3,4,UK,Walmart,4
2023-04-17,Whey Protein,Protein,93,20.43,1900.26,0.0,1,UK,Walmart,4
2023-04-24,Whey Protein,Protein,82,43.06,3177.68,0.1,2,UK,Walmart,4
2023-05-29,Whey Protein,Protein,118,40.96,3383.21,0.3,5,UK,Walmart,5
2023-06-05,Whey Protein,Protein,131,15.43,1617.0,0.2,5,UK,Amazon,6
2023-06-12,Whey Protein,Protein,89,32.72,2766.47,0.05,3,UK,Walmart,6
2023-06-19,Whey Protein,Protein,64,43.53,2785.93,0.0,2,UK,iHerb,6
2023-06-26,Whey Protein,Protein,70,42.72,2840.99,0.05,2,UK,iHerb,6
2023-07-03,Whey Protein,Protein,99,15.71,1477.74,0.05,4,UK,Walmart,7
2023-07-24,Whey Protein,Protein,67,35.39,2370.98,0.0,2,UK,iHerb,7
2023-08-07,Whey Protein,Protein,117,30.01,2808.58,0.2,2,UK,iHerb,8
2023-08-14,Whey Protein,Protein,89,41.12,3293.8,0.1,2,UK,iHerb,8
2023-08-28,Whey Protein,Protein,89,25.72,2288.74,0.0,1,UK,iHerb,8
2023-09-18,Whey Protein,Protein,54,48.83,2637.01,0.0,1,UK,Walmart,9
2023-09-25,Whey Protein,Protein,106,42.97,3643.82,0.2,2,UK,Amazon,9
2023-10-02,Whey Protein,Protein,80,43.5,3479.61,0.0,2,UK,Amazon,10
2023-10-23,Whey Protein,Protein,115,33.69,2906.03,0.25,1,UK,Walmart,10
2023-11-06,Whey Protein,Protein,66,46.63,3077.65,0.0,1,UK,Amazon,11
2023-11-27,Whey Protein,Protein,114,21.09,2404.66,0.0,2,UK,Walmart,11
2023-12-18,Whey Protein,Protein,111,34.71,3467.84,0.1,2,UK,Amazon,12
2023-12-25,Whey Protein,Protein,168,24.46,2876.74,0.3,3,UK,Amazon,12
2021-01-04,Vitamin C,Vitamin,78,34.88,2720.43,0.0,1,UK,Amazon,1
2021-02-01,Vitamin C,Vitamin,57,46.68,2661.01,0.0,1,UK,Walmart,2
2021-03-15,Vitamin C,Vitamin,74,45.19,2674.99,0.2,2,UK,iHerb,3
2021-04-05,Vitamin C,Vitamin,70,30.37,2125.72,0.0,1,UK,iHerb,4
2021-04-26,Vitamin C,Vitamin,80,17.4,1391.83,0.0,2,UK,Amazon,4
2021-05-10,Vitamin C,Vitamin,107,38.86,2910.83,0.3,4,UK,Amazon,5
2021-05-17,Vitamin C,Vitamin,85,27.64,2231.82,0.05,2,UK,Amazon,5
2021-05-24,Vitamin C,Vitamin,70,26.01,1821.0,0.0,1,UK,iHerb,5
2021-07-05,Vitamin C,Vitamin,70,27.13,1804.38,0.05,3,UK,iHerb,7
2021-07-19,Vitamin C,Vitamin,108,21.57,1980.06,0.15,2,UK,Amazon,7
2021-08-02,Vitamin C,Vitamin,125,27.08,2538.86,0.25,3,UK,iHerb,8
2021-08-30,Vitamin C,Vitamin,94,28.11,2378.38,0.1,2,UK,Walmart,8
2021-09-06,Vitamin C,Vitamin,53,41.22,2184.8,0.0,0,UK,iHerb,9
2021-09-13,Vitamin C,Vitamin,78,49.05,3060.94,0.2,1,UK,iHerb,9
2021-09-20,Vitamin C,Vitamin,100,20.12,1709.88,0.15,4,UK,Amazon,9
2021-10-04,Vitamin C,Vitamin,65,33.09,2150.97,0.0,2,UK,Walmart,10
2021-10-18,Vitamin C,Vitamin,69,22.49,1552.09,0.0,2,UK,Amazon,10
2021-10-25,Vitamin C,Vitamin,99,18.86,1586.99,0.15,2,UK,Walmart,10
2021-12-06,Vitamin C,Vitamin,119,42.63,3550.8,0.3,3,UK,Walmart,12
2022-01-03,Vitamin C,Vitamin,90,48.06,3676.59,0.15,1,UK,Walmart,1
2022-01-10,Vitamin C,Vitamin,96,26.42,2535.88,0.0,3,UK,iHerb,1
2022-01-17,Vitamin C,Vitamin,80,38.57,3085.38,0.0,1,UK,Walmart,1
2022-02-07,Vitamin C,Vitamin,119,33.3,3368.46,0.15,5,UK,Walmart,2
2022-04-18,Vitamin C,Vitamin,78,48.68,2847.71,0.25,1,UK,iHerb,4
2022-04-25,Vitamin C,Vitamin,58,44.42,2447.34,0.05,2,UK,Amazon,4
2022-05-16,Vitamin C,Vitamin,117,30.58,2504.43,0.3,2,UK,Walmart,5
2022-05-23,Vitamin C,Vitamin,47,42.84,2013.46,0.0,1,UK,Amazon,5
2022-05-30,Vitamin C,Vitamin,64,37.89,2425.2,0.0,3,UK,Amazon,5
2022-07-04,Vitamin C,Vitamin,71,21.47,1524.26,0.0,1,UK,iHerb,7
2022-07-25,Vitamin C,Vitamin,72,28.57,2057.21,0.0,1,UK,Amazon,7
2022-08-01,Vitamin C,Vitamin,57,33.53,1911.14,0.0,0,UK,Amazon,8
2022-08-08,Vitamin C,Vitamin,80,30.57,2078.75,0.15,3,UK,iHerb,8
2022-08-22,Vitamin C,Vitamin,77,28.87,2223.04,0.0,2,UK,Amazon,8
2022-09-05,Vitamin C,Vitamin,100,37.1,2597.15,0.3,1,UK,iHerb,9
2022-10-03,Vitamin C,Vitamin,58,41.68,2417.16,0.0,0,UK,Amazon,10
2022-10-17,Vitamin C,Vitamin,112,26.96,2113.55,0.3,4,UK,Amazon,10
2022-11-21,Vitamin C,Vitamin,110,31.7,2964.08,0.15,4,UK,Amazon,11
2022-12-12,Vitamin C,Vitamin,152,17.25,1835.58,0.3,3,UK,Walmart,12
2023-01-02,Vitamin C,Vitamin,84,33.47,2671.08,0.05,3,UK,Walmart,1
2023-01-09,Vitamin C,Vitamin,83,35.26,2926.3,0.0,3,UK,Amazon,1
2023-02-13,Vitamin C,Vitamin,156,26.1,2849.77,0.3,5,UK,iHerb,2
2023-02-27,Vitamin C,Vitamin,114,15.68,1787.04,0.0,1,UK,iHerb,2
2023-04-10,Vitamin C,Vitamin,71,27.01,1917.72,0.0,3,UK,Walmart,4
2023-04-17,Vitamin C,Vitamin,131,17.94,1645.11,0.3,1,UK,Amazon,4
2023-05-15,Vitamin C,Vitamin,69,22.8,1573.09,0.0,1,UK,Amazon,5
2023-05-22,Vitamin C,Vitamin,82,34.79,2567.4,0.1,3,UK,Walmart,5
2023-06-19,Vitamin C,Vitamin,58,33.82,1961.34,0.0,2,UK,Walmart,6
2023-06-26,Vitamin C,Vitamin,81,34.87,2542.06,0.1,1,UK,iHerb,6
2023-07-03,Vitamin C,Vitamin,76,20.63,1567.71,0.0,2,UK,Walmart,7
2023-08-14,Vitamin C,Vitamin,100,22.81,1938.96,0.15,4,UK,Amazon,8
2023-08-28,Vitamin C,Vitamin,91,17.93,1631.25,0.0,3,UK,iHerb,8
2023-09-18,Vitamin C,Vitamin,69,44.78,2626.11,0.15,0,UK,Amazon,9
2023-10-09,Vitamin C,Vitamin,66,34.17,2255.52,0.0,2,UK,Walmart,10
2023-12-11,Vitamin C,Vitamin,70,37.7,2638.73,0.0,2,UK,Walmart,12
2021-01-04,Fish Oil,Omega,70,31.75,2222.57,0.0,1,Canada,Amazon,1
2021-01-25,Fish Oil,Omega,130,15.54,1818.1,0.1,4,Canada,iHerb,1
2021-02-01,Fish Oil,Omega,66,45.48,3001.55,0.0,1,Canada,Amazon,2
2021-02-15,Fish Oil,Omega,106,42.53,3606.63,0.2,3,Canada,iHerb,2
2021-04-05,Fish Oil,Omega,80,39.86,2551.21,0.2,1,Canada,Walmart,4
2021-04-19,Fish Oil,Omega,78,14.12,1101.71,0.0,1,Canada,Amazon,4
2021-06-07,Fish Oil,Omega,40,43.86,1754.51,0.0,0,Canada,Walmart,6
2021-07-12,Fish Oil,Omega,74,23.52,1740.52,0.0,1,Canada,Amazon,7
2021-07-19,Fish Oil,Omega,63,50.4,2540.08,0.2,2,Canada,Walmart,7
2021-08-09,Fish Oil,Omega,93,45.77,2979.51,0.3,4,Canada,Amazon,8
2021-09-13,Fish Oil,Omega,81,29.8,2051.68,0.15,2,Canada,Walmart,9
2021-11-15,Fish Oil,Omega,71,36.3,2577.24,0.0,1,Canada,iHerb,11
2021-12-13,Fish Oil,Omega,79,45.02,3022.96,0.15,3,Canada,Walmart,12
2021-12-20,Fish Oil,Omega,72,39.13,2676.34,0.05,1,Canada,Walmart,12
2022-01-24,Fish Oil,Omega,96,34.01,2938.12,0.1,2,Canada,iHerb,1
2022-03-28,Fish Oil,Omega,64,31.88,2040.5,0.0,1,Canada,iHerb,3
2022-05-16,Fish Oil,Omega,109,36.28,2767.85,0.3,3,Canada,iHerb,5
2022-07-25,Fish Oil,Omega,62,34.37,2131.06,0.0,0,Canada,iHerb,7
2022-09-12,Fish Oil,Omega,70,25.69,1798.37,0.0,1,Canada,iHerb,9
2022-09-26,Fish Oil,Omega,79,36.02,2560.76,0.1,1,Canada,iHerb,9
2022-10-03,Fish Oil,Omega,91,30.1,2054.29,0.25,1,Canada,iHerb,10
2022-10-10,Fish Oil,Omega,95,38.92,2588.12,0.3,3,Canada,iHerb,10
2022-10-17,Fish Oil,Omega,93,24.26,1918.08,0.15,3,Canada,Amazon,10
2022-10-24,Fish Oil,Omega,40,45.42,1816.91,0.0,1,Canada,iHerb,10
2022-12-19,Fish Oil,Omega,108,30.14,2604.45,0.2,5,Canada,Walmart,12
2022-12-26,Fish Oil,Omega,89,26.51,2241.4,0.05,2,Canada,Walmart,12
2023-01-23,Fish Oil,Omega,79,27.9,2204.1,0.0,3,Canada,Amazon,1
2023-02-06,Fish Oil,Omega,141,28.55,3019.57,0.25,3,Canada,Walmart,2
2023-02-13,Fish Oil,Omega,119,34.93,3117.4,0.25,5,Canada,Walmart,2
2023-02-27,Fish Oil,Omega,104,47.31,3444.49,0.3,3,Canada,iHerb,2
2023-03-27,Fish Oil,Omega,108,28.89,2183.97,0.3,4,Canada,Walmart,3
2023-04-03,Fish Oil,Omega,78,42.1,2626.95,0.2,1,Canada,Amazon,4
2023-04-24,Fish Oil,Omega,67,45.58,2595.93,0.15,2,Canada,iHerb,4
2023-05-15,Fish Oil,Omega,59,34.92,2060.35,0.0,1,Canada,Amazon,5
2023-06-12,Fish Oil,Omega,76,41.42,2518.28,0.2,2,Canada,iHerb,6
2023-06-19,Fish Oil,Omega,72,42.64,2455.85,0.2,1,Canada,Amazon,6
2023-07-03,Fish Oil,Omega,103,42.53,3066.33,0.3,4,Canada,iHerb,7
2023-10-23,Fish Oil,Omega,45,44.34,1995.08,0.0,1,Canada,Walmart,10
2023-11-13,Fish Oil,Omega,96,26.16,2386.05,0.05,1,Canada,iHerb,11
2023-11-20,Fish Oil,Omega,148,16.1,1787.06,0.25,4,Canada,Walmart,11
2021-01-04,Multivitamin,Vitamin,180,15.22,1917.54,0.3,5,UK,Walmart,1
2021-01-25,Multivitamin,Vitamin,129,17.22,1999.5,0.1,3,UK,Walmart,1
2021-03-01,Multivitamin,Vitamin,82,25.55,1885.95,0.1,1,UK,Amazon,3
2021-03-08,Multivitamin,Vitamin,45,50.43,2269.24,0.0,1,UK,iHerb,3
2021-04-19,Multivitamin,Vitamin,65,32.69,2018.41,0.05,2,UK,Amazon,4
2021-04-26,Multivitamin,Vitamin,93,31.2,2321.42,0.2,2,UK,Amazon,4
2021-05-03,Multivitamin,Vitamin,74,45.04,2999.82,0.1,2,UK,iHerb,5
2021-06-21,Multivitamin,Vitamin,95,25.84,2086.45,0.15,1,UK,Amazon,6
2021-06-28,Multivitamin,Vitamin,85,43.04,2926.88,0.2,2,UK,iHerb,6
2021-07-26,Multivitamin,Vitamin,98,31.04,2281.6,0.25,4,UK,Walmart,7
2021-08-23,Multivitamin,Vitamin,129,20.3,1833.34,0.3,6,UK,iHerb,8
2021-10-25,Multivitamin,Vitamin,49,41.6,2038.3,0.0,1,UK,iHerb,10
2021-11-08,Multivitamin,Vitamin,144,21.36,2153.01,0.3,5,UK,Walmart,11
2021-11-15,Multivitamin,Vitamin,131,30.5,2996.71,0.25,5,UK,Walmart,11
2021-12-06,Multivitamin,Vitamin,88,24.33,2141.26,0.0,2,UK,Amazon,12
2021-12-27,Multivitamin,Vitamin,88,45.44,3599.05,0.1,1,UK,Amazon,12
2022-01-03,Multivitamin,Vitamin,109,24.59,2412.74,0.1,4,UK,Amazon,1
2022-01-17,Multivitamin,Vitamin,78,38.22,2981.21,0.0,3,UK,Walmart,1
2022-01-24,Multivitamin,Vitamin,117,30.06,2638.1,0.25,5,UK,Amazon,1
2022-01-31,Multivitamin,Vitamin,60,45.95,2756.76,0.0,1,UK,Amazon,1
2022-02-21,Multivitamin,Vitamin,136,31.81,3028.07,0.3,3,UK,iHerb,2
2022-04-11,Multivitamin,Vitamin,99,43.86,3256.69,0.25,4,UK,Walmart,4
2022-04-18,Multivitamin,Vitamin,94,35.68,2683.12,0.2,3,UK,Amazon,4
2022-07-11,Multivitamin,Vitamin,89,16.77,1417.94,0.05,3,UK,Walmart,7
2022-08-01,Multivitamin,Vitamin,52,35.31,1836.14,0.0,2,UK,iHerb,8
2022-08-15,Multivitamin,Vitamin,56,40.54,2270.52,0.0,1,UK,iHerb,8
2022-08-22,Multivitamin,Vitamin,75,25.67,1925.59,0.0,1,UK,Walmart,8
2022-08-29,Multivitamin,Vitamin,94,25.87,2066.63,0.15,2,UK,Amazon,8
2022-11-07,Multivitamin,Vitamin,109,19.76,2046.28,0.05,5,UK,iHerb,11
2022-12-19,Multivitamin,Vitamin,102,22.85,2331.16,0.0,3,UK,Walmart,12
2023-01-09,Multivitamin,Vitamin,82,32.84,2692.79,0.0,2,UK,Amazon,1
2023-02-13,Multivitamin,Vitamin,117,17.17,2009.46,0.0,3,UK,Walmart,2
2023-03-06,Multivitamin,Vitamin,86,37.42,2735.73,0.15,1,UK,iHerb,3
2023-04-17,Multivitamin,Vitamin,40,47.1,1883.95,0.0,1,UK,Walmart,4
2023-04-24,Multivitamin,Vitamin,55,43.03,2366.53,0.0,2,UK,Walmart,4
2023-07-10,Multivitamin,Vitamin,83,23.4,1942.21,0.0,4,UK,Amazon,7
2023-09-11,Multivitamin,Vitamin,53,43.18,2288.4,0.0,1,UK,Walmart,9
2021-01-04,Pre-Workout,Performance,148,38.22,3960.0,0.3,4,USA,iHerb,1
2021-01-25,Pre-Workout,Performance,136,44.28,4517.04,0.25,4,USA,Amazon,1
2021-02-01,Pre-Workout,Performance,171,19.41,2323.85,0.3,6,USA,Walmart,2
2021-03-01,Pre-Workout,Performance,93,25.17,2340.4,0.0,4,USA,Amazon,3
2021-04-26,Pre-Workout,Performance,113,31.75,2690.73,0.25,5,USA,Amazon,4
2021-05-31,Pre-Workout,Performance,89,37.56,2841.7,0.15,1,USA,Amazon,5
2021-06-21,Pre-Workout,Performance,71,42.82,2888.41,0.05,1,USA,Walmart,6
2021-07-05,Pre-Workout,Performance,92,26.06,2277.49,0.05,4,USA,iHerb,7
2021-07-12,Pre-Workout,Performance,128,27.02,2420.76,0.3,1,USA,iHerb,7
2021-08-02,Pre-Workout,Performance,77,31.35,2414.11,0.0,3,USA,Amazon,8
2021-09-06,Pre-Workout,Performance,74,45.6,3037.28,0.1,1,USA,Amazon,9
2021-09-13,Pre-Workout,Performance,106,16.91,1702.45,0.05,4,USA,iHerb,9
2021-10-04,Pre-Workout,Performance,96,19.33,1856.09,0.0,1,USA,Walmart,10
2021-10-11,Pre-Workout,Performance,62,47.13,2922.25,0.0,1,USA,Walmart,10
2021-11-01,Pre-Workout,Performance,84,45.43,3434.55,0.1,1,USA,Amazon,11
2021-11-08,Pre-Workout,Performance,153,27.93,2991.07,0.3,3,USA,iHerb,11
2021-12-06,Pre-Workout,Performance,116,13.58,1574.76,0.0,4,USA,Amazon,12
2021-12-13,Pre-Workout,Performance,91,40.65,3329.3,0.1,2,USA,iHerb,12
2021-12-27,Pre-Workout,Performance,89,31.18,2774.68,0.0,1,USA,iHerb,12
2022-01-17,Pre-Workout,Performance,147,20.83,2603.18,0.15,2,USA,Amazon,1
2022-01-31,Pre-Workout,Performance,112,22.07,2471.57,0.0,1,USA,Walmart,1
2022-02-14,Pre-Workout,Performance,144,15.46,1892.31,0.15,4,USA,iHerb,2
2022-02-28,Pre-Workout,Performance,114,29.27,3169.59,0.05,3,USA,Walmart,2
2022-04-04,Pre-Workout,Performance,93,42.52,3163.7,0.2,3,USA,Amazon,4
2022-05-16,Pre-Workout,Performance,90,33.49,2561.72,0.15,3,USA,iHerb,5
2022-06-06,Pre-Workout,Performance,83,27.2,2257.66,0.0,4,USA,Walmart,6
2022-06-20,Pre-Workout,Performance,119,38.88,3238.34,0.3,5,USA,Walmart,6
2022-08-01,Pre-Workout,Performance,129,25.38,2455.55,0.25,3,USA,iHerb,8
2022-08-08,Pre-Workout,Performance,89,39.83,2836.24,0.2,2,USA,iHerb,8
2022-08-15,Pre-Workout,Performance,77,41.49,3035.18,0.05,3,USA,Walmart,8
2022-09-05,Pre-Workout,Performance,77,27.19,2093.81,0.0,2,USA,iHerb,9
2022-09-12,Pre-Workout,Performance,53,48.21,2555.04,0.0,1,USA,Walmart,9
2022-09-26,Pre-Workout,Performance,87,50.93,3544.76,0.2,4,USA,Walmart,9
2022-10-17,Pre-Workout,Performance,118,26.41,2492.69,0.2,3,USA,Amazon,10
2022-10-31,Pre-Workout,Performance,116,15.75,1552.73,0.15,5,USA,Walmart,10
2022-11-14,Pre-Workout,Performance,69,50.06,3281.64,0.05,1,USA,Amazon,11
2022-11-21,Pre-Workout,Performance,101,30.2,3050.0,0.0,3,USA,Amazon,11
2022-11-28,Pre-Workout,Performance,112,16.5,1848.05,0.0,3,USA,Amazon,11
2022-12-12,Pre-Workout,Performance,144,27.29,2947.01,0.25,5,USA,iHerb,12
2022-12-19,Pre-Workout,Performance,94,34.46,3077.53,0.05,2,USA,iHerb,12
2022-12-26,Pre-Workout,Performance,89,35.19,3131.94,0.0,4,USA,iHerb,12
2023-01-02,Pre-Workout,Performance,113,45.34,4354.58,0.15,4,USA,Walmart,1
2023-01-16,Pre-Workout,Performance,162,15.27,2102.68,0.15,3,USA,Walmart,1
2023-02-06,Pre-Workout,Performance,162,15.92,2062.96,0.2,6,USA,Walmart,2
2023-02-20,Pre-Workout,Performance,100,34.26,3425.52,0.0,1,USA,iHerb,2
2023-03-13,Pre-Workout,Performance,105,11.74,1232.41,0.0,4,USA,iHerb,3
2023-05-08,Pre-Workout,Performance,76,21.72,1650.45,0.0,3,USA,Walmart,5
2023-05-22,Pre-Workout,Performance,108,27.24,2647.57,0.1,4,USA,Walmart,5
2023-05-29,Pre-Workout,Performance,97,20.81,1917.33,0.05,1,USA,iHerb,5
2023-07-03,Pre-Workout,Performance,70,42.9,3003.21,0.0,2,USA,iHerb,7
2023-07-17,Pre-Workout,Performance,84,46.14,3488.14,0.1,1,USA,iHerb,7
2023-10-02,Pre-Workout,Performance,68,40.98,2786.57,0.0,2,USA,Walmart,10
2023-11-06,Pre-Workout,Performance,92,41.67,3450.69,0.1,1,USA,iHerb,11
2023-11-13,Pre-Workout,Performance,120,34.81,3759.7,0.1,5,USA,Amazon,11
2023-12-04,Pre-Workout,Performance,69,43.53,3003.38,0.0,2,USA,Walmart,12
2023-12-11,Pre-Workout,Performance,144,17.01,2204.94,0.1,6,USA,iHerb,12
