notebooks/Supplement_Sales_Strong_Correlation.csv
Date,Product Name,Category,Units Sold,Price,Revenue,Discount,Units Returned,Location,Platform,Month
2021-01-04,BCAA,Amino Acid,132,14.06,1577.61,0.15,4,Canada,Amazon,1
2021-01-11,BCAA,Amino Acid,112,29.23,2782.33,0.15,4,Canada,Walmart,1
2021-02-15,BCAA,Amino Acid,126,24.64,2483.57,0.2,1,Canada,Amazon,2
2021-03-01,BCAA,Amino Acid,73,47.34,2764.66,0.2,1,Canada,Amazon,3
2021-03-15,BCAA,Amino Acid,53,38.64,2047.81,0.0,1,Canada,iHerb,3
2021-04-12,BCAA,Amino Acid,76,46.85,2848.41,0.2,1,Canada,iHerb,4
2021-05-17,BCAA,Amino Acid,85,35.75,2430.71,0.2,3,Canada,Amazon,5
2021-05-24,BCAA,Amino Acid,58,33.48,1941.7,0.0,1,Canada,Amazon,5
2021-05-31,BCAA,Amino Acid,70,29.19,1941.27,0.05,2,Canada,Amazon,5
2021-06-14,BCAA,Amino Acid,117,15.73,1379.91,0.25,5,Canada,iHerb,6
2021-06-21,BCAA,Amino Acid,99,30.41,2258.22,0.25,1,Canada,iHerb,6
2021-06-28,BCAA,Amino Acid,61,45.31,2487.65,0.1,2,Canada,Amazon,6
2021-07-05,BCAA,Amino Acid,79,29.43,2208.39,0.05,1,Canada,Amazon,7
2021-07-19,BCAA,Amino Acid,68,38.35,2346.72,0.1,1,Canada,Walmart,7
2021-08-02,BCAA,Amino Acid,83,30.93,2181.8,0.15,3,Canada,Amazon,8
2021-09-20,BCAA,Amino Acid,89,36.68,2774.47,0.15,0,Canada,Walmart,9
2021-10-04,BCAA,Amino Acid,76,17.79,1352.19,0.0,2,Canada,Amazon,10
2021-11-01,BCAA,Amino Acid,96,42.54,3267.02,0.2,1,Canada,iHerb,11
2021-11-08,BCAA,Amino Acid,87,24.64,2143.54,0.0,4,Canada,Amazon,11
2021-11-15,BCAA,Amino Acid,66,38.4,2534.23,0.0,2,Canada,iHerb,11
2021-11-22,BCAA,Amino Acid,71,32.81,2329.56,0.0,2,Canada,Amazon,11
2021-12-13,BCAA,Amino Acid,69,45.06,2798.02,0.1,2,Canada,iHerb,12
2021-12-20,BCAA,Amino Acid,108,30.35,2622.38,0.2,2,Canada,Amazon,12
2021-12-27,BCAA,Amino Acid,134,16.1,1834.19,0.15,4,Canada,iHerb,12
2022-01-10,BCAA,Amino Acid,75,49.8,3174.51,0.15,1,Canada,Amazon,1
2022-01-31,BCAA,Amino Acid,111,15.72,1744.86,0.0,4,Canada,Walmart,1
2022-03-14,BCAA,Amino Acid,103,36.99,2666.9,0.3,4,Canada,Amazon,3
2022-03-28,BCAA,Amino Acid,45,51.09,2069.14,0.1,0,Canada,Walmart,3
2022-04-04,BCAA,Amino Acid,63,33.17,2089.91,0.0,3,Canada,Walmart,4
2022-04-25,BCAA,Amino Acid,66,32.1,2118.4,0.0,1,Canada,Amazon,4
2022-05-02,BCAA,Amino Acid,63,38.46,2423.15,0.0,1,Canada,Amazon,5
2022-05-30,BCAA,Amino Acid,68,29.29,1991.72,0.0,2,Canada,Amazon,5
2022-06-06,BCAA,Amino Acid,88,25.8,1930.21,0.15,2,Canada,iHerb,6
2022-06-13,BCAA,Amino Acid,70,21.39,1497.12,0.0,2,Canada,Walmart,6
2022-06-27,BCAA,Amino Acid,83,20.71,1633.15,0.05,3,Canada,Walmart,6
2022-07-11,BCAA,Amino Acid,92,38.44,2652.68,0.25,3,Canada,Amazon,7
2022-07-18,BCAA,Amino Acid,64,33.21,2125.73,0.0,2,Canada,Amazon,7
2022-10-10,BCAA,Amino Acid,55,45.32,2492.35,0.0,0,Canada,Walmart,10
2022-11-07,BCAA,Amino Acid,65,44.01,2717.32,0.05,2,Canada,Walmart,11
2022-11-14,BCAA,Amino Acid,95,45.92,3272.11,0.25,1,Canada,Amazon,11
2022-11-21,BCAA,Amino Acid,111,17.63,1858.94,0.05,3,Canada,iHerb,11
2023-01-09,BCAA,Amino Acid,115,18.42,1906.83,0.1,2,Canada,Walmart,1
2023-01-30,BCAA,Amino Acid,117,36.95,3242.21,0.25,3,Canada,Walmart,1
2023-05-01,BCAA,Amino Acid,72,19.29,1388.67,0.0,0,Canada,Amazon,5
2023-05-22,BCAA,Amino Acid,107,15.99,1453.96,0.15,4,Canada,iHerb,5
2023-06-19,BCAA,Amino Acid,56,38.15,2136.25,0.0,1,Canada,iHerb,6
2023-07-24,BCAA,Amino Acid,75,34.19,2179.55,0.15,1,Canada,Walmart,7
2023-08-21,BCAA,Amino Acid,58,32.89,1907.5,0.0,1,Canada,Walmart,8
2023-10-09,BCAA,Amino Acid,88,36.66,2419.4,0.25,2,Canada,Amazon,10
2023-11-13,BCAA,Amino Acid,87,36.87,2726.19,0.15,1,Canada,iHerb,11
2023-11-20,BCAA,Amino Acid,108,27.0,2478.71,0.15,3,Canada,Amazon,11
2021-01-04,Creatine,Performance,65,48.47,3150.63,0.0,2,UK,iHerb,1
2021-03-01,Creatine,Performance,83,28.71,2383.28,0.0,1,UK,Amazon,3
2021-04-12,Creatine,Performance,95,21.36,1927.74,0.05,2,UK,Walmart,4
2021-04-26,Creatine,Performance,95,38.63,3119.41,0.15,1,UK,iHerb,4
2021-05-03,Creatine,Performance,99,40.21,2985.92,0.25,3,UK,Walmart,5
2021-06-07,Creatine,Performance,82,42.22,3115.72,0.1,3,UK,Walmart,6
2021-07-19,Creatine,Performance,123,24.23,2384.5,0.2,2,UK,Amazon,7
2021-07-26,Creatine,Performance,82,22.34,1831.83,0.0,1,UK,Amazon,7
2021-08-02,Creatine,Performance,69,39.29,2575.37,0.05,0,UK,iHerb,8
2021-09-20,Creatine,Performance,96,25.87,2483.9,0.0,2,UK,iHerb,9
2021-10-04,Creatine,Performance,108,35.21,2851.79,0.25,3,UK,iHerb,10
2021-11-08,Creatine,Performance,71,48.43,3438.19,0.0,1,UK,iHerb,11
2021-12-13,Creatine,Performance,111,16.54,1836.35,0.0,2,UK,Amazon,12
2022-01-03,Creatine,Performance,82,40.52,3322.53,0.0,3,UK,Walmart,1
2022-01-10,Creatine,Performance,109,46.15,4526.96,0.1,1,UK,iHerb,1
2022-02-21,Creatine,Performance,102,46.86,4302.19,0.1,2,UK,Amazon,2
2022-02-28,Creatine,Performance,86,43.89,3774.14,0.0,1,UK,iHerb,2
2022-04-11,Creatine,Performance,68,36.97,2513.66,0.0,2,UK,Walmart,4
2022-04-25,Creatine,Performance,101,41.12,3114.95,0.25,4,UK,iHerb,4
2022-05-30,Creatine,Performance,135,13.97,1508.26,0.2,6,UK,Walmart,5
2022-06-13,Creatine,Performance,73,46.49,3054.08,0.1,2,UK,Walmart,6
2022-06-27,Creatine,Performance,56,49.26,2758.67,0.0,1,UK,Amazon,6
2022-07-04,Creatine,Performance,79,31.08,2455.32,0.0,2,UK,iHerb,7
2022-07-11,Creatine,Performance,62,45.16,2659.78,0.05,2,UK,Amazon,7
2022-07-18,Creatine,Performance,140,20.37,1996.22,0.3,5,UK,iHerb,7
2022-08-15,Creatine,Performance,63,39.68,2500.08,0.0,2,UK,Amazon,8
2022-08-22,Creatine,Performance,91,34.73,2844.52,0.1,3,UK,Walmart,8
2022-10-10,Creatine,Performance,117,18.12,1907.79,0.1,1,UK,Amazon,10
2022-10-17,Creatine,Performance,83,25.66,2129.4,0.0,2,UK,iHerb,10
2022-11-14,Creatine,Performance,90,27.5,2475.16,0.0,4,UK,Walmart,11
2022-11-21,Creatine,Performance,89,34.8,3097.27,0.0,1,UK,Walmart,11
2023-01-16,Creatine,Performance,70,53.36,3735.48,0.0,1,UK,Amazon,1
2023-01-23,Creatine,Performance,134,41.68,3909.92,0.3,2,UK,iHerb,1
2023-02-13,Creatine,Performance,153,29.35,3367.75,0.25,5,UK,Amazon,2
2023-03-13,Creatine,Performance,70,40.71,2849.94,0.0,1,UK,Amazon,3
2023-04-10,Creatine,Performance,63,36.3,2286.66,0.0,2,UK,Walmart,4
2023-04-17,Creatine,Performance,68,31.09,2114.37,0.0,1,UK,Walmart,4
2023-04-24,Creatine,Performance,88,21.31,1875.71,0.0,3,UK,Walmart,4
2023-05-08,Creatine,Performance,80,46.42,3156.84,0.15,0,UK,Amazon,5
2023-05-29,Creatine,Performance,112,36.02,3025.83,0.25,5,UK,Amazon,5
2023-07-03,Creatine,Performance,76,27.48,2088.8,0.0,1,UK,Amazon,7
2023-07-10,Creatine,Performance,130,28.46,2590.25,0.3,1,UK,Walmart,7
2023-08-07,Creatine,Performance,95,23.31,2103.41,0.05,4,UK,iHerb,8
2023-08-14,Creatine,Performance,87,21.49,1869.62,0.0,2,UK,Walmart,8
2023-08-21,Creatine,Performance,138,21.7,2095.76,0.3,1,UK,Amazon,8
2023-09-18,Creatine,Performance,112,28.24,2530.32,0.2,2,UK,iHerb,9
2023-09-25,Creatine,Performance,86,33.39,2728.33,0.05,0,UK,iHerb,9
2023-10-23,Creatine,Performance,99,14.27,1413.03,0.0,4,UK,Amazon,10
2021-01-04,Zinc,Mineral,113,15.74,1779.0,0.0,5,Canada,Walmart,1
2021-03-08,Zinc,Mineral,78,31.82,2234.09,0.1,2,Canada,iHerb,3
2021-03-15,Zinc,Mineral,91,45.57,3110.29,0.25,1,Canada,iHerb,3
2021-04-12,Zinc,Mineral,63,39.4,2482.0,0.0,1,Canada,Amazon,4
2021-04-19,Zinc,Mineral,105,27.21,2143.15,0.25,1,Canada,iHerb,4
2021-05-03,Zinc,Mineral,112,31.41,2638.61,0.25,4,Canada,Amazon,5
2021-05-24,Zinc,Mineral,115,27.68,2387.62,0.25,2,Canada,Amazon,5
2021-06-14,Zinc,Mineral,76,16.44,1249.07,0.0,1,Canada,Walmart,6
2021-06-21,Zinc,Mineral,77,22.33,1719.43,0.0,2,Canada,Amazon,6
2021-06-28,Zinc,Mineral,77,17.95,1382.41,0.0,3,Canada,iHerb,6
2021-07-05,Zinc,Mineral,84,43.98,2770.47,0.25,1,Canada,iHerb,7
2021-07-19,Zinc,Mineral,106,30.76,2445.63,0.25,1,Canada,Amazon,7
2021-08-02,Zinc,Mineral,82,18.84,1467.37,0.05,2,Canada,Amazon,8
2021-08-09,Zinc,Mineral,39,44.34,1729.33,0.0,0,Canada,iHerb,8
2021-08-30,Zinc,Mineral,46,47.78,2198.1,0.0,0,Canada,iHerb,8
2021-09-06,Zinc,Mineral,108,34.82,2632.7,0.3,4,Canada,Walmart,9
2021-09-27,Zinc,Mineral,68,42.01,2428.13,0.15,1,Canada,Amazon,9
2021-11-01,Zinc,Mineral,129,22.93,2218.72,0.25,3,Canada,Walmart,11
2021-11-08,Zinc,Mineral,118,28.05,2482.76,0.25,2,Canada,Walmart,11
2021-12-06,Zinc,Mineral,137,21.38,2343.7,0.2,6,Canada,Amazon,12
2021-12-13,Zinc,Mineral,76,42.94,2936.77,0.1,2,Canada,Amazon,12
2021-12-27,Zinc,Mineral,93,19.29,1794.38,0.0,1,Canada,Amazon,12
2022-01-17,Zinc,Mineral,44,49.44,2175.14,0.0,2,Canada,Walmart,1
2022-01-31,Zinc,Mineral,101,17.36,1753.19,0.0,1,Canada,iHerb,1
2022-02-14,Zinc,Mineral,120,38.5,3465.36,0.25,1,Canada,Amazon,2
2022-02-28,Zinc,Mineral,119,22.05,2099.15,0.2,1,Canada,Amazon,2
2022-03-14,Zinc,Mineral,63,29.49,1858.08,0.0,1,Canada,Amazon,3
2022-03-21,Zinc,Mineral,78,27.6,2152.94,0.0,1,Canada,Walmart,3
2022-05-09,Zinc,Mineral,80,22.03,1762.47,0.0,0,Canada,Amazon,5
2022-05-16,Zinc,Mineral,76,15.41,1171.52,0.0,2,Canada,iHerb,5
2022-07-04,Zinc,Mineral,81,15.35,1243.49,0.0,1,Canada,iHerb,7
2022-07-18,Zinc,Mineral,88,30.95,2042.99,0.25,2,Canada,Walmart,7
2022-08-01,Zinc,Mineral,80,46.11,2766.55,0.25,3,Canada,Walmart,8
2022-08-08,Zinc,Mineral,79,17.15,1354.68,0.0,3,Canada,Walmart,8
2022-08-15,Zinc,Mineral,50,38.27,1913.58,0.0,2,Canada,iHerb,8
2022-08-22,Zinc,Mineral,101,17.72,1610.58,0.1,3,Canada,iHerb,8
2022-08-29,Zinc,Mineral,51,43.65,2226.28,0.0,0,Canada,Amazon,8
2022-09-05,Zinc,Mineral,51,37.89,1932.17,0.0,1,Canada,Walmart,9
2022-09-19,Zinc,Mineral,70,22.16,1551.36,0.0,2,Canada,Walmart,9
2022-10-10,Zinc,Mineral,83,44.1,2745.52,0.25,3,Canada,iHerb,10
2022-10-17,Zinc,Mineral,64,46.07,2506.0,0.15,2,Canada,Walmart,10
2022-11-14,Zinc,Mineral,47,46.52,2186.49,0.0,1,Canada,Amazon,11
2022-11-28,Zinc,Mineral,69,35.29,2434.93,0.0,2,Canada,Walmart,11
2022-12-05,Zinc,Mineral,138,27.4,2646.89,0.3,5,Canada,Walmart,12
2022-12-12,Zinc,Mineral,72,41.12,2960.41,0.0,3,Canada,iHerb,12
2023-01-02,Zinc,Mineral,68,34.52,2347.02,0.0,1,Canada,Amazon,1
2023-01-16,Zinc,Mineral,94,28.73,2700.88,0.0,1,Canada,iHerb,1
2023-02-06,Zinc,Mineral,73,29.62,2162.62,0.0,0,Canada,Amazon,2
2023-02-13,Zinc,Mineral,77,49.62,3247.39,0.15,1,Canada,Amazon,2
2023-02-20,Zinc,Mineral,84,34.37,2886.86,0.0,3,Canada,iHerb,2
2023-03-06,Zinc,Mineral,77,19.74,1519.64,0.0,2,Canada,Walmart,3
2023-03-13,Zinc,Mineral,106,14.97,1427.77,0.1,3,Canada,Walmart,3
2023-03-20,Zinc,Mineral,48,46.7,2129.73,0.05,1,Canada,iHerb,3
2023-05-01,Zinc,Mineral,99,28.43,2251.29,0.2,3,Canada,Walmart,5
2023-05-15,Zinc,Mineral,82,29.82,2323.3,0.05,2,Canada,Amazon,5
2023-05-22,Zinc,Mineral,124,15.39,1335.95,0.3,4,Canada,iHerb,5
2023-05-29,Zinc,Mineral,85,31.99,2311.08,0.15,4,Canada,Amazon,5
2023-06-05,Zinc,Mineral,85,32.07,2180.48,0.2,3,Canada,Walmart,6
2023-06-26,Zinc,Mineral,94,33.77,2380.67,0.25,4,Canada,iHerb,6
2023-07-10,Zinc,Mineral,65,38.6,2257.96,0.1,2,Canada,Amazon,7
2023-07-24,Zinc,Mineral,61,43.76,2402.64,0.1,0,Canada,iHerb,7
2023-07-31,Zinc,Mineral,83,29.59,2087.36,0.15,3,Canada,Amazon,7
2023-08-07,Zinc,Mineral,64,30.41,1946.17,0.0,0,Canada,Walmart,8
2023-08-21,Zinc,Mineral,47,45.38,2132.89,0.0,1,Canada,Amazon,8
2023-08-28,Zinc,Mineral,103,41.88,3019.39,0.3,2,Canada,Walmart,8
2023-09-18,Zinc,Mineral,67,31.71,2018.55,0.05,1,Canada,Walmart,9
2023-10-09,Zinc,Mineral,48,46.68,2240.55,0.0,0,Canada,Walmart,10
2023-10-16,Zinc,Mineral,112,22.29,1872.16,0.25,4,Canada,Walmart,10
2023-11-06,Zinc,Mineral,62,42.5,2635.3,0.0,1,Canada,iHerb,11
2023-11-13,Zinc,Mineral,117,32.12,2818.76,0.25,2,Canada,Walmart,11
2023-11-27,Zinc,Mineral,73,41.22,2707.89,0.1,1,Canada,iHerb,11
2023-12-18,Zinc,Mineral,70,28.79,2015.63,0.0,1,Canada,iHerb,12
2021-01-04,Magnesium,Mineral,94,16.08,1511.43,0.0,4,UK,iHerb,1
2021-01-18,Magnesium,Mineral,121,35.86,3254.7,0.25,1,UK,Amazon,1
2021-02-01,Magnesium,Mineral,97,51.29,3482.45,0.3,1,UK,Amazon,2
2021-02-15,Magnesium,Mineral,144,22.83,2301.36,0.3,3,UK,Amazon,2
2021-03-15,Magnesium,Mineral,119,18.28,1522.41,0.3,1,UK,iHerb,3
2021-04-26,Magnesium,Mineral,55,37.82,2080.11,0.0,1,UK,iHerb,4
2021-05-17,Magnesium,Mineral,57,38.04,2168.05,0.0,2,UK,iHerb,5
2021-05-24,Magnesium,Mineral,45,49.98,2249.12,0.0,1,UK,iHerb,5
2021-05-31,Magnesium,Mineral,80,16.93,1354.57,0.0,2,UK,Walmart,5
2021-06-07,Magnesium,Mineral,80,32.7,2354.05,0.1,2,UK,Walmart,6
2021-06-14,Magnesium,Mineral,97,42.81,2906.94,0.3,2,UK,iHerb,6
2021-06-28,Magnesium,Mineral,50,36.69,1834.31,0.0,1,UK,Amazon,6
2021-07-12,Magnesium,Mineral,45,47.62,2142.87,0.0,1,UK,Walmart,7
2021-07-26,Magnesium,Mineral,60,40.38,2422.81,0.0,0,UK,Amazon,7
2021-08-23,Magnesium,Mineral,74,43.99,2766.83,0.15,2,UK,Walmart,8
2021-09-06,Magnesium,Mineral,64,34.99,2239.63,0.0,2,UK,iHerb,9
2021-09-20,Magnesium,Mineral,67,26.44,1771.58,0.0,2,UK,Walmart,9
2021-10-11,Magnesium,Mineral,64,34.15,2185.33,0.0,1,UK,Walmart,10
2021-10-18,Magnesium,Mineral,78,29.97,2221.08,0.05,2,UK,Walmart,10
2021-11-29,Magnesium,Mineral,139,27.6,2685.38,0.3,3,UK,Walmart,11
2022-01-17,Magnesium,Mineral,106,29.04,2770.6,0.1,2,UK,Walmart,1
2022-01-31,Magnesium,Mineral,114,38.28,3273.25,0.25,2,UK,iHerb,1
2022-02-14,Magnesium,Mineral,75,31.56,2367.31,0.0,1,UK,Walmart,2
2022-05-02,Magnesium,Mineral,73,22.91,1672.5,0.0,2,UK,iHerb,5
2022-05-09,Magnesium,Mineral,47,44.11,2073.35,0.0,1,UK,Walmart,5
2022-06-06,Magnesium,Mineral,37,41.16,1522.84,0.0,0,UK,Walmart,6
2022-06-20,Magnesium,Mineral,87,38.05,2648.04,0.2,2,UK,Walmart,6
2022-07-18,Magnesium,Mineral,85,16.63,1413.4,0.0,1,UK,iHerb,7
2022-08-01,Magnesium,Mineral,67,27.77,1860.84,0.0,2,UK,Amazon,8
2022-08-15,Magnesium,Mineral,59,34.64,2043.98,0.0,2,UK,iHerb,8
2022-08-22,Magnesium,Mineral,118,15.98,1413.86,0.25,5,UK,Walmart,8
2022-09-12,Magnesium,Mineral,66,32.58,2149.99,0.0,1,UK,Amazon,9
2022-11-14,Magnesium,Mineral,109,39.81,3037.34,0.3,3,UK,iHerb,11
2022-11-21,Magnesium,Mineral,96,38.21,2934.53,0.2,3,UK,iHerb,11
2022-11-28,Magnesium,Mineral,119,34.24,3056.1,0.25,3,UK,Walmart,11
2022-12-12,Magnesium,Mineral,118,12.6,1411.97,0.05,5,UK,Amazon,12
2022-12-19,Magnesium,Mineral,87,24.98,2173.04,0.0,2,UK,Amazon,12
2023-03-13,Magnesium,Mineral,64,33.83,2056.68,0.05,2,UK,iHerb,3
2023-03-27,Magnesium,Mineral,61,32.69,1994.18,0.0,1,UK,Amazon,3
2023-04-10,Magnesium,Mineral,50,44.1,2094.92,0.05,1,UK,Amazon,4
2023-07-03,Magnesium,Mineral,83,38.63,2565.26,0.2,4,UK,Amazon,7
2023-07-17,Magnesium,Mineral,96,20.81,1698.12,0.15,4,UK,Walmart,7
2023-07-31,Magnesium,Mineral,53,42.53,2141.35,0.05,2,UK,iHerb,7
2023-09-04,Magnesium,Mineral,88,16.07,1414.3,0.0,0,UK,Amazon,9
2023-09-11,Magnesium,Mineral,84,26.4,1995.47,0.1,1,UK,Amazon,9
2023-10-02,Magnesium,Mineral,63,39.0,2457.17,0.0,1,UK,Walmart,10
2023-10-23,Magnesium,Mineral,82,41.46,2719.7,0.2,2,UK,iHerb,10
2023-11-06,Magnesium,Mineral,54,40.85,2205.95,0.0,0,UK,iHerb,11
2023-12-04,Magnesium,Mineral,111,36.71,3259.85,0.2,3,UK,iHerb,12
2021-01-04,Probiotic,Digestive,144,22.57,2437.73,0.25,1,Canada,Amazon,1
2021-01-18,Probiotic,Digestive,94,27.95,2626.96,0.0,4,Canada,Walmart,1
2021-01-25,Probiotic,Digestive,95,25.64,2435.77,0.0,2,Canada,Amazon,1
2021-02-01,Probiotic,Digestive,108,33.69,2910.48,0.2,3,Canada,Walmart,2
2021-02-15,Probiotic,Digestive,109,42.45,3470.22,0.25,3,Canada,Amazon,2
2021-03-08,Probiotic,Digestive,122,14.13,1206.96,0.3,1,Canada,Walmart,3
2021-03-22,Probiotic,Digestive,84,23.15,1847.02,0.05,0,Canada,Amazon,3
2021-04-26,Probiotic,Digestive,85,27.78,2007.07,0.15,1,Canada,iHerb,4
2021-05-10,Probiotic,Digestive,66,30.63,2021.67,0.0,1,Canada,Amazon,5
2021-06-21,Probiotic,Digestive,55,34.54,1899.52,0.0,1,Canada,Walmart,6
2021-09-06,Probiotic,Digestive,72,33.53,2172.63,0.1,2,Canada,Amazon,9
2021-09-13,Probiotic,Digestive,70,40.16,2389.43,0.15,1,Canada,Walmart,9
2021-09-20,Probiotic,Digestive,77,21.46,1652.28,0.0,2,Canada,Walmart,9
2021-11-01,Probiotic,Digestive,130,31.11,2830.59,0.3,5,Canada,Walmart,11
2021-12-06,Probiotic,Digestive,93,18.71,1740.34,0.0,2,Canada,iHerb,12
2021-12-13,Probiotic,Digestive,119,34.22,3053.82,0.25,1,Canada,Walmart,12
2021-12-27,Probiotic,Digestive,105,43.11,3621.26,0.2,3,Canada,Amazon,12
2022-02-07,Probiotic,Digestive,76,44.09,2848.03,0.15,1,Canada,iHerb,2
2022-03-14,Probiotic,Digestive,55,34.9,1919.65,0.0,1,Canada,Walmart,3
2022-04-18,Probiotic,Digestive,59,36.16,2133.17,0.0,0,Canada,iHerb,4
2022-04-25,Probiotic,Digestive,116,20.63,1794.5,0.25,3,Canada,Walmart,4
2022-05-09,Probiotic,Digestive,84,33.78,2411.8,0.15,1,Canada,Walmart,5
2022-07-18,Probiotic,Digestive,78,18.95,1478.41,0.0,3,Canada,Amazon,7
2022-09-05,Probiotic,Digestive,63,39.17,2344.15,0.05,1,Canada,iHerb,9
2022-10-03,Probiotic,Digestive,99,19.12,1514.15,0.2,3,Canada,Amazon,10
2022-10-17,Probiotic,Digestive,64,29.16,1866.29,0.0,3,Canada,Walmart,10
2022-11-21,Probiotic,Digestive,62,49.19,2744.96,0.1,0,Canada,iHerb,11
2022-11-28,Probiotic,Digestive,61,44.87,2737.32,0.0,2,Canada,iHerb,11
2022-12-05,Probiotic,Digestive,145,21.88,2221.2,0.3,3,Canada,Amazon,12
2022-12-26,Probiotic,Digestive,35,51.82,1813.6,0.0,1,Canada,iHerb,12
2023-01-30,Probiotic,Digestive,112,14.78,1655.67,0.0,4,Canada,Amazon,1
2023-04-17,Probiotic,Digestive,103,29.12,2249.43,0.25,2,Canada,Amazon,4
2023-05-08,Probiotic,Digestive,77,30.37,2104.7,0.1,2,Canada,Walmart,5
2023-06-12,Probiotic,Digestive,86,14.53,1249.73,0.0,1,Canada,iHerb,6
2023-06-19,Probiotic,Digestive,81,26.37,1922.41,0.1,1,Canada,Walmart,6
2023-06-26,Probiotic,Digestive,80,47.54,2852.49,0.25,3,Canada,iHerb,6
2023-07-10,Probiotic,Digestive,61,29.1,1774.99,0.0,2,Canada,iHerb,7
2023-08-07,Probiotic,Digestive,100,18.03,1442.05,0.2,3,Canada,Amazon,8
2023-08-21,Probiotic,Digestive,67,30.59,2049.67,0.0,3,Canada,Walmart,8
2023-09-04,Probiotic,Digestive,33,46.66,1539.62,0.0,1,Canada,Amazon,9
2023-11-20,Probiotic,Digestive,132,19.92,1972.52,0.25,4,Canada,Amazon,11
