notebooks/Supplement_Sales_Strong_Correlation.csv
Date,Product Name,Category,Units Sold,Price,Revenue,Discount,Units Returned,Location,Platform,Month
2021-01-04,Ashwagandha,Herbal,100,43.19,3455.43,0.2,4,UK,Amazon,1
2021-02-01,Ashwagandha,Herbal,139,26.95,2809.98,0.25,4,UK,Amazon,2
2021-03-01,Ashwagandha,Herbal,51,43.32,1988.51,0.1,0,UK,Walmart,3
2021-03-29,Ashwagandha,Herbal,81,36.08,2191.64,0.25,0,UK,Walmart,3
2021-04-26,Ashwagandha,Herbal,73,20.82,1519.51,0.0,0,UK,Walmart,4
2021-05-17,Ashwagandha,Herbal,58,30.12,1746.78,0.0,0,UK,Amazon,5
2021-05-31,Ashwagandha,Herbal,68,42.46,2454.19,0.15,1,UK,Amazon,5
2021-06-07,Ashwagandha,Herbal,42,34.78,1460.76,0.0,1,UK,Amazon,6
2021-07-12,Ashwagandha,Herbal,101,24.31,1964.15,0.2,2,UK,Amazon,7
2021-07-19,Ashwagandha,Herbal,43,39.46,1696.7,0.0,0,UK,iHerb,7
2021-08-02,Ashwagandha,Herbal,66,37.47,2225.64,0.1,2,UK,iHerb,8
2021-08-16,Ashwagandha,Herbal,83,33.11,2060.79,0.25,1,UK,Walmart,8
2021-08-23,Ashwagandha,Herbal,42,41.96,1762.49,0.0,1,UK,Amazon,8
2021-09-13,Ashwagandha,Herbal,46,35.95,1653.7,0.0,2,UK,Walmart,9
2021-09-20,Ashwagandha,Herbal,35,50.63,1683.32,0.05,0,UK,Amazon,9
2021-09-27,Ashwagandha,Herbal,80,27.28,1854.73,0.15,3,UK,Walmart,9
2021-10-11,Ashwagandha,Herbal,104,27.18,1978.87,0.3,2,UK,Amazon,10
2021-10-25,Ashwagandha,Herbal,75,21.25,1593.54,0.0,2,UK,iHerb,10
2021-11-08,Ashwagandha,Herbal,37,48.52,1795.28,0.0,1,UK,Walmart,11
2021-11-22,Ashwagandha,Herbal,73,31.51,2300.43,0.0,1,UK,iHerb,11
2021-12-06,Ashwagandha,Herbal,65,49.43,2891.83,0.1,2,UK,Walmart,12
2021-12-20,Ashwagandha,Herbal,71,29.46,1882.49,0.1,3,UK,Walmart,12
2021-12-27,Ashwagandha,Herbal,128,29.04,2601.71,0.3,4,UK,Walmart,12
2022-01-31,Ashwagandha,Herbal,136,27.36,2790.74,0.25,5,UK,Walmart,1
2022-02-14,Ashwagandha,Herbal,47,48.21,2265.74,0.0,1,UK,Walmart,2
2022-03-21,Ashwagandha,Herbal,75,34.65,2209.22,0.15,1,UK,Amazon,3
2022-03-28,Ashwagandha,Herbal,92,14.91,1234.44,0.1,3,UK,Walmart,3
2022-04-18,Ashwagandha,Herbal,76,23.5,1696.52,0.05,2,UK,Amazon,4
2022-05-09,Ashwagandha,Herbal,77,15.98,1230.78,0.0,1,UK,Amazon,5
2022-06-06,Ashwagandha,Herbal,48,37.37,1793.76,0.0,2,UK,iHerb,6
2022-06-27,Ashwagandha,Herbal,66,38.09,2136.59,0.15,2,UK,Amazon,6
2022-08-08,Ashwagandha,Herbal,39,43.23,1686.03,0.0,1,UK,Walmart,8
2022-09-12,Ashwagandha,Herbal,85,39.72,2700.68,0.2,3,UK,Amazon,9
2022-10-10,Ashwagandha,Herbal,78,36.16,2115.47,0.25,2,UK,iHerb,10
2022-10-24,Ashwagandha,Herbal,49,32.77,1605.93,0.0,2,UK,Amazon,10
2022-10-31,Ashwagandha,Herbal,77,18.36,1342.89,0.05,2,UK,Walmart,10
2022-11-21,Ashwagandha,Herbal,54,41.71,2252.18,0.0,1,UK,Amazon,11
2022-12-12,Ashwagandha,Herbal,77,42.72,2960.48,0.1,0,UK,Walmart,12
2022-12-19,Ashwagandha,Herbal,109,17.72,1641.93,0.15,4,UK,iHerb,12
2023-01-02,Ashwagandha,Herbal,65,33.11,2152.14,0.0,0,UK,iHerb,1
2023-01-16,Ashwagandha,Herbal,122,20.43,1993.84,0.2,4,UK,iHerb,1
2023-01-30,Ashwagandha,Herbal,116,16.44,1716.59,0.1,5,UK,Walmart,1
2023-02-06,Ashwagandha,Herbal,43,50.48,2170.73,0.0,1,UK,iHerb,2
2023-02-13,Ashwagandha,Herbal,66,41.77,2756.56,0.0,2,UK,Amazon,2
2023-02-27,Ashwagandha,Herbal,88,32.91,2606.44,0.1,3,UK,Walmart,2
2023-04-03,Ashwagandha,Herbal,71,15.92,1130.03,0.0,2,UK,Amazon,4
2023-04-24,Ashwagandha,Herbal,66,43.5,2296.75,0.2,2,UK,Amazon,4
2023-05-08,Ashwagandha,Herbal,63,25.76,1623.11,0.0,2,UK,Amazon,5
2023-06-05,Ashwagandha,Herbal,72,45.18,2439.88,0.25,2,UK,Amazon,6
2023-07-03,Ashwagandha,Herbal,78,16.51,1288.11,0.0,1,UK,Amazon,7
2023-08-28,Ashwagandha,Herbal,74,15.3,1132.25,0.0,2,UK,iHerb,8
2023-10-16,Ashwagandha,Herbal,44,49.26,2167.47,0.0,0,UK,iHerb,10
2023-10-23,Ashwagandha,Herbal,118,19.29,1706.79,0.25,4,UK,Amazon,10
2023-11-06,Ashwagandha,Herbal,46,47.03,2055.19,0.05,1,UK,iHerb,11
2023-11-20,Ashwagandha,Herbal,118,34.64,2860.97,0.3,5,UK,Amazon,11
2021-01-04,Melatonin,Sleep Aid,98,24.53,2403.94,0.0,2,USA,Walmart,1
2021-01-11,Melatonin,Sleep Aid,97,23.98,2326.51,0.0,2,USA,Amazon,1
2021-01-18,Melatonin,Sleep Aid,117,18.08,1903.65,0.1,4,USA,iHerb,1
2021-01-25,Melatonin,Sleep Aid,87,45.43,3359.85,0.15,2,USA,Amazon,1
2021-02-01,Melatonin,Sleep Aid,120,16.73,1806.42,0.1,4,USA,Walmart,2
2021-02-15,Melatonin,Sleep Aid,116,30.27,2808.59,0.2,4,USA,iHerb,2
2021-02-22,Melatonin,Sleep Aid,92,28.83,2652.05,0.0,3,USA,Amazon,2
2021-03-22,Melatonin,Sleep Aid,45,48.65,2189.4,0.0,0,USA,Walmart,3
2021-03-29,Melatonin,Sleep Aid,77,24.16,1767.47,0.05,1,USA,Amazon,3
2021-04-12,Melatonin,Sleep Aid,71,43.07,2599.48,0.15,1,USA,Amazon,4
2021-04-26,Melatonin,Sleep Aid,46,40.66,1870.55,0.0,2,USA,iHerb,4
2021-05-10,Melatonin,Sleep Aid,77,44.51,2742.05,0.2,2,USA,Amazon,5
2021-05-17,Melatonin,Sleep Aid,77,17.39,1339.16,0.0,2,USA,Walmart,5
2021-06-21,Melatonin,Sleep Aid,72,45.5,2620.77,0.2,2,USA,iHerb,6
2021-07-19,Melatonin,Sleep Aid,52,43.88,2281.53,0.0,2,USA,Walmart,7
2021-09-06,Melatonin,Sleep Aid,79,21.19,1674.27,0.0,2,USA,Walmart,9
2021-10-04,Melatonin,Sleep Aid,100,19.09,1527.48,0.2,4,USA,Walmart,10
2021-10-18,Melatonin,Sleep Aid,95,20.17,1724.34,0.1,3,USA,iHerb,10
2021-10-25,Melatonin,Sleep Aid,90,38.7,2612.37,0.25,3,USA,iHerb,10
2021-11-08,Melatonin,Sleep Aid,103,14.16,1458.41,0.0,1,USA,iHerb,11
2021-11-22,Melatonin,Sleep Aid,92,30.56,2811.75,0.0,2,USA,Walmart,11
2021-11-29,Melatonin,Sleep Aid,69,30.69,2117.69,0.0,0,USA,Walmart,11
2021-12-13,Melatonin,Sleep Aid,70,34.6,2421.86,0.0,1,USA,Amazon,12
2021-12-27,Melatonin,Sleep Aid,128,23.23,2378.39,0.2,1,USA,Walmart,12
2022-01-17,Melatonin,Sleep Aid,59,45.94,2710.27,0.0,2,USA,Amazon,1
2022-01-24,Melatonin,Sleep Aid,95,33.62,2874.21,0.1,1,USA,Walmart,1
2022-03-28,Melatonin,Sleep Aid,52,43.18,2132.86,0.05,1,USA,Walmart,3
2022-04-11,Melatonin,Sleep Aid,34,49.15,1671.06,0.0,1,USA,Walmart,4
2022-04-25,Melatonin,Sleep Aid,64,44.81,2437.52,0.15,3,USA,Walmart,4
2022-05-02,Melatonin,Sleep Aid,72,42.78,2618.21,0.15,2,USA,Amazon,5
2022-06-06,Melatonin,Sleep Aid,122,16.54,1412.11,0.3,3,USA,iHerb,6
2022-06-13,Melatonin,Sleep Aid,76,42.74,2760.99,0.15,0,USA,Amazon,6
2022-06-27,Melatonin,Sleep Aid,65,33.88,1982.02,0.1,1,USA,iHerb,6
2022-07-04,Melatonin,Sleep Aid,97,31.1,2262.81,0.25,2,USA,Walmart,7
2022-08-08,Melatonin,Sleep Aid,87,28.16,2082.17,0.15,3,USA,iHerb,8
2022-09-05,Melatonin,Sleep Aid,78,21.88,1621.07,0.05,3,USA,Walmart,9
2022-09-26,Melatonin,Sleep Aid,50,45.32,2266.14,0.0,1,USA,Walmart,9
2022-10-24,Melatonin,Sleep Aid,87,23.07,1706.24,0.15,1,USA,iHerb,10
2022-11-14,Melatonin,Sleep Aid,72,38.3,2757.69,0.0,2,USA,Walmart,11
2022-11-21,Melatonin,Sleep Aid,120,32.89,2959.69,0.25,4,USA,Walmart,11
2022-11-28,Melatonin,Sleep Aid,132,27.77,2565.65,0.3,3,USA,Walmart,11
2022-12-05,Melatonin,Sleep Aid,103,14.33,1475.55,0.0,2,USA,Walmart,12
2022-12-12,Melatonin,Sleep Aid,100,32.39,2752.98,0.15,4,USA,iHerb,12
2022-12-26,Melatonin,Sleep Aid,127,30.43,2898.89,0.25,4,USA,iHerb,12
2023-01-16,Melatonin,Sleep Aid,72,37.97,2597.01,0.05,1,USA,Amazon,1
2023-01-30,Melatonin,Sleep Aid,100,27.8,2779.62,0.0,3,USA,iHerb,1
2023-02-06,Melatonin,Sleep Aid,66,45.44,2999.27,0.0,1,USA,Amazon,2
2023-02-13,Melatonin,Sleep Aid,104,30.89,2891.09,0.1,2,USA,iHerb,2
2023-02-20,Melatonin,Sleep Aid,119,38.04,3168.72,0.3,2,USA,iHerb,2
2023-04-03,Melatonin,Sleep Aid,61,39.66,2177.4,0.1,1,USA,Amazon,4
2023-05-22,Melatonin,Sleep Aid,81,24.93,1918.02,0.05,2,USA,Amazon,5
2023-06-05,Melatonin,Sleep Aid,55,43.74,2285.33,0.05,0,USA,Walmart,6
2023-06-12,Melatonin,Sleep Aid,82,16.55,1289.35,0.05,2,USA,Amazon,6
2023-06-19,Melatonin,Sleep Aid,107,20.75,1665.14,0.25,2,USA,iHerb,6
2023-06-26,Melatonin,Sleep Aid,92,21.72,1798.47,0.1,2,USA,iHerb,6
2023-07-03,Melatonin,Sleep Aid,58,40.89,2371.75,0.0,0,USA,iHerb,7
2023-07-10,Melatonin,Sleep Aid,73,28.05,2047.31,0.0,2,USA,Amazon,7
2023-07-17,Melatonin,Sleep Aid,109,20.92,1709.93,0.25,1,USA,Amazon,7
2023-07-31,Melatonin,Sleep Aid,37,48.73,1802.84,0.0,1,USA,iHerb,7
2023-08-28,Melatonin,Sleep Aid,56,36.48,2042.69,0.0,2,USA,Amazon,8
2023-09-04,Melatonin,Sleep Aid,61,42.94,2488.55,0.05,2,USA,iHerb,9
2023-09-11,Melatonin,Sleep Aid,50,47.46,2373.03,0.0,1,USA,Amazon,9
2023-10-02,Melatonin,Sleep Aid,85,40.15,2559.78,0.25,2,USA,iHerb,10
2023-10-30,Melatonin,Sleep Aid,69,23.78,1640.5,0.0,2,USA,Amazon,10
2023-11-13,Melatonin,Sleep Aid,118,22.03,2339.08,0.1,2,USA,Walmart,11
2023-11-20,Melatonin,Sleep Aid,103,25.46,2228.72,0.15,3,USA,Amazon,11
2023-12-25,Melatonin,Sleep Aid,98,18.34,1797.52,0.0,4,USA,Walmart,12
2021-01-04,Biotin,Vitamin,68,36.61,2489.56,0.0,3,USA,iHerb,1
2021-01-18,Biotin,Vitamin,77,35.17,2707.82,0.0,2,USA,Walmart,1
2021-03-29,Biotin,Vitamin,68,38.1,2331.83,0.1,3,USA,Walmart,3
2021-04-19,Biotin,Vitamin,101,21.55,1741.58,0.2,3,USA,iHerb,4
2021-06-28,Biotin,Vitamin,82,38.8,2544.97,0.2,2,USA,iHerb,6
2021-07-26,Biotin,Vitamin,52,41.74,2170.67,0.0,1,USA,iHerb,7
2021-08-02,Biotin,Vitamin,83,45.95,3051.14,0.2,2,USA,iHerb,8
2021-08-09,Biotin,Vitamin,65,36.78,2390.47,0.0,2,USA,iHerb,8
2021-08-16,Biotin,Vitamin,62,32.92,2040.81,0.0,1,USA,Amazon,8
2021-09-13,Biotin,Vitamin,73,22.69,1656.47,0.0,3,USA,Amazon,9
2021-11-15,Biotin,Vitamin,89,20.7,1842.2,0.0,3,USA,iHerb,11
2021-12-06,Biotin,Vitamin,129,27.21,2456.92,0.3,1,USA,Walmart,12
2022-01-17,Biotin,Vitamin,86,38.46,3307.25,0.0,0,USA,iHerb,1
2022-01-31,Biotin,Vitamin,86,30.19,2595.93,0.0,1,USA,Walmart,1
2022-02-07,Biotin,Vitamin,138,38.18,3688.29,0.3,3,USA,iHerb,2
2022-02-21,Biotin,Vitamin,122,27.59,2860.95,0.15,4,USA,Amazon,2
2022-02-28,Biotin,Vitamin,109,21.3,2322.1,0.0,2,USA,Walmart,2
2022-03-07,Biotin,Vitamin,109,34.64,2642.72,0.3,3,USA,Amazon,3
2022-04-04,Biotin,Vitamin,77,33.57,2326.74,0.1,1,USA,Walmart,4
2022-04-11,Biotin,Vitamin,69,26.55,1831.8,0.0,3,USA,Walmart,4
2022-04-18,Biotin,Vitamin,73,28.25,2061.98,0.0,0,USA,iHerb,4
2022-05-23,Biotin,Vitamin,136,17.69,1684.34,0.3,2,USA,Amazon,5
2022-05-30,Biotin,Vitamin,97,14.98,1307.76,0.1,3,USA,Walmart,5
2022-06-13,Biotin,Vitamin,46,44.35,2039.94,0.0,0,USA,Amazon,6
2022-06-20,Biotin,Vitamin,95,36.73,2791.46,0.2,1,USA,Walmart,6
2022-06-27,Biotin,Vitamin,61,48.16,2644.07,0.1,2,USA,Walmart,6
2022-08-01,Biotin,Vitamin,88,41.27,2905.54,0.2,2,USA,Amazon,8
2022-08-15,Biotin,Vitamin,56,45.11,2399.71,0.05,2,USA,Amazon,8
2022-08-29,Biotin,Vitamin,88,25.18,1994.37,0.1,2,USA,Amazon,8
2022-09-05,Biotin,Vitamin,70,34.05,2383.45,0.0,3,USA,iHerb,9
2022-10-31,Biotin,Vitamin,68,42.41,2595.49,0.1,2,USA,iHerb,10
2022-12-12,Biotin,Vitamin,89,23.22,2066.45,0.0,1,USA,iHerb,12
2022-12-19,Biotin,Vitamin,74,34.34,2540.94,0.0,2,USA,Walmart,12
2022-12-26,Biotin,Vitamin,83,30.3,2514.65,0.0,2,USA,iHerb,12
2023-01-02,Biotin,Vitamin,71,50.95,3255.72,0.1,2,USA,iHerb,1
2023-01-23,Biotin,Vitamin,115,14.73,1693.83,0.0,1,USA,Amazon,1
2023-02-13,Biotin,Vitamin,119,34.61,3088.88,0.25,1,USA,Walmart,2
2023-02-20,Biotin,Vitamin,75,43.3,3247.8,0.0,1,USA,Amazon,2
2023-02-27,Biotin,Vitamin,145,15.95,1966.19,0.15,4,USA,iHerb,2
2023-03-27,Biotin,Vitamin,52,43.69,2271.79,0.0,1,USA,iHerb,3
2023-04-03,Biotin,Vitamin,53,35.01,1855.47,0.0,0,USA,iHerb,4
2023-04-10,Biotin,Vitamin,97,41.09,2790.02,0.3,2,USA,Walmart,4
2023-04-17,Biotin,Vitamin,85,29.37,2122.12,0.15,2,USA,iHerb,4
2023-05-01,Biotin,Vitamin,75,46.28,2950.62,0.15,2,USA,iHerb,5
2023-06-12,Biotin,Vitamin,86,20.5,1675.23,0.05,2,USA,iHerb,6
2023-06-19,Biotin,Vitamin,54,43.53,2350.44,0.0,0,USA,iHerb,6
2023-06-26,Biotin,Vitamin,82,39.58,2921.25,0.1,3,USA,iHerb,6
2023-07-17,Biotin,Vitamin,117,27.16,2224.24,0.3,3,USA,iHerb,7
2023-07-24,Biotin,Vitamin,72,24.16,1739.46,0.0,2,USA,iHerb,7
2023-07-31,Biotin,Vitamin,91,22.77,1864.92,0.1,3,USA,Amazon,7
2023-08-21,Biotin,Vitamin,100,15.73,1415.59,0.1,3,USA,Walmart,8
2023-09-25,Biotin,Vitamin,85,22.25,1702.29,0.1,3,USA,iHerb,9
2023-10-02,Biotin,Vitamin,51,42.54,2169.37,0.0,2,USA,Walmart,10
2023-10-23,Biotin,Vitamin,45,45.23,2035.57,0.0,1,USA,Walmart,10
2023-10-30,Biotin,Vitamin,64,41.88,2680.3,0.0,1,USA,iHerb,10
2023-11-27,Biotin,Vitamin,132,33.14,3062.25,0.3,3,USA,Walmart,11
2023-12-04,Biotin,Vitamin,78,40.83,3025.64,0.05,2,USA,Amazon,12
2023-12-11,Biotin,Vitamin,53,43.07,2282.69,0.0,1,USA,Amazon,12
2021-01-04,Green Tea Extract,Fat Burner,64,38.7,2476.87,0.0,2,UK,Amazon,1
2021-01-18,Green Tea Extract,Fat Burner,118,14.34,1692.55,0.0,1,UK,Walmart,1
2021-04-05,Green Tea Extract,Fat Burner,96,41.5,2987.96,0.25,2,UK,Walmart,4
2021-04-19,Green Tea Extract,Fat Burner,69,28.64,1976.4,0.0,2,UK,Amazon,4
2021-05-03,Green Tea Extract,Fat Burner,63,40.45,2293.29,0.1,1,UK,Walmart,5
2021-05-17,Green Tea Extract,Fat Burner,50,37.94,1896.99,0.0,1,UK,iHerb,5
2021-05-24,Green Tea Extract,Fat Burner,81,16.0,1231.02,0.05,0,UK,Walmart,5
2021-07-05,Green Tea Extract,Fat Burner,74,30.61,2038.76,0.1,1,UK,Walmart,7
2021-07-19,Green Tea Extract,Fat Burner,78,24.42,1904.38,0.0,3,UK,Walmart,7
2021-09-27,Green Tea Extract,Fat Burner,96,44.88,3015.84,0.3,2,UK,Walmart,9
2021-10-11,Green Tea Extract,Fat Burner,108,20.24,1858.18,0.15,3,UK,Amazon,10
2021-10-25,Green Tea Extract,Fat Burner,88,29.42,2200.44,0.15,1,UK,Walmart,10
2021-12-13,Green Tea Extract,Fat Burner,73,40.73,2675.99,0.1,3,UK,iHerb,12
2021-12-20,Green Tea Extract,Fat Burner,52,51.7,2688.53,0.0,2,UK,Walmart,12
2022-01-24,Green Tea Extract,Fat Burner,72,43.18,3109.01,0.0,1,UK,iHerb,1
2022-02-07,Green Tea Extract,Fat Burner,98,22.1,2165.36,0.0,2,UK,Amazon,2
2022-04-04,Green Tea Extract,Fat Burner,45,47.34,2130.19,0.0,1,UK,iHerb,4
2022-04-11,Green Tea Extract,Fat Burner,114,24.44,1950.45,0.3,1,UK,Amazon,4
2022-04-25,Green Tea Extract,Fat Burner,106,19.18,1524.55,0.25,4,UK,Amazon,4
2022-05-16,Green Tea Extract,Fat Burner,65,26.88,1747.04,0.0,1,UK,Amazon,5
2022-06-20,Green Tea Extract,Fat Burner,80,15.01,1141.03,0.05,1,UK,Amazon,6
2022-07-11,Green Tea Extract,Fat Burner,42,43.47,1825.79,0.0,1,UK,Walmart,7
2022-07-25,Green Tea Extract,Fat Burner,136,13.53,1288.09,0.3,5,UK,iHerb,7
2022-09-05,Green Tea Extract,Fat Burner,50,40.11,2005.36,0.0,2,UK,Amazon,9
2022-09-12,Green Tea Extract,Fat Burner,57,39.54,2140.94,0.05,1,UK,Amazon,9
2022-10-10,Green Tea Extract,Fat Burner,89,39.8,2656.53,0.25,1,UK,Walmart,10
2022-11-21,Green Tea Extract,Fat Burner,60,40.94,2456.64,0.0,1,UK,Walmart,11
2022-12-05,Green Tea Extract,Fat Burner,122,27.99,2561.04,0.25,6,UK,Walmart,12
2023-03-13,Green Tea Extract,Fat Burner,49,46.4,2160.1,0.05,1,UK,Amazon,3
2023-04-17,Green Tea Extract,Fat Burner,99,27.67,2191.19,0.2,3,UK,Amazon,4
2023-05-01,Green Tea Extract,Fat Burner,93,30.56,2273.75,0.2,2,UK,iHerb,5
2023-05-08,Green Tea Extract,Fat Burner,117,28.89,2366.01,0.3,1,UK,Amazon,5
2023-05-15,Green Tea Extract,Fat Burner,79,26.08,1957.56,0.05,2,UK,Amazon,5
2023-09-04,Green Tea Extract,Fat Burner,71,23.09,1639.23,0.0,3,UK,Amazon,9
2023-10-02,Green Tea Extract,Fat Burner,95,15.69,1341.66,0.1,2,UK,Amazon,10
2023-11-13,Green Tea Extract,Fat Burner,96,21.78,1986.11,0.05,4,UK,Walmart,11
2023-12-04,Green Tea Extract,Fat Burner,52,49.97,2468.74,0.05,2,UK,Amazon,12
2023-12-18,Green Tea Extract,Fat Burner,44,55.6,2446.39,0.0,1,UK,iHerb,12
