notebooks/Supplement_Sales_Strong_Correlation.csv
Date,Product Name,Category,Units Sold,Price,Revenue,Discount,Units Returned,Location,Platform,Month
2021-01-04,Iron Supplement,Mineral,91,30.68,2652.09,0.05,2,Canada,Walmart,1
2021-01-18,Iron Supplement,Mineral,144,18.83,2304.51,0.15,3,Canada,Walmart,1
2021-01-25,Iron Supplement,Mineral,97,19.03,1845.84,0.0,4,Canada,Amazon,1
2021-02-01,Iron Supplement,Mineral,151,19.46,2350.67,0.2,4,Canada,iHerb,2
2021-02-15,Iron Supplement,Mineral,93,21.45,1994.48,0.0,1,Canada,Amazon,2
2021-03-08,Iron Supplement,Mineral,82,42.19,2594.72,0.25,3,Canada,Amazon,3
2021-03-22,Iron Supplement,Mineral,52,39.97,2078.21,0.0,2,Canada,Walmart,3
2021-05-03,Iron Supplement,Mineral,46,39.47,1815.44,0.0,1,Canada,iHerb,5
2021-05-10,Iron Supplement,Mineral,60,29.78,1786.89,0.0,1,Canada,iHerb,5
2021-06-07,Iron Supplement,Mineral,84,45.19,2846.68,0.25,3,Canada,Amazon,6
2021-06-14,Iron Supplement,Mineral,109,24.01,1962.83,0.25,1,Canada,Walmart,6
2021-06-28,Iron Supplement,Mineral,65,31.8,2066.93,0.0,1,Canada,Walmart,6
2021-07-12,Iron Supplement,Mineral,60,46.59,2515.76,0.1,1,Canada,Amazon,7
2021-07-26,Iron Supplement,Mineral,70,23.94,1675.5,0.0,2,Canada,Amazon,7
2021-08-02,Iron Supplement,Mineral,60,36.3,2178.21,0.0,1,Canada,Walmart,8
2021-08-09,Iron Supplement,Mineral,87,45.38,2960.84,0.25,3,Canada,Walmart,8
2021-09-13,Iron Supplement,Mineral,114,21.23,1694.21,0.3,3,Canada,iHerb,9
2021-09-20,Iron Supplement,Mineral,111,29.07,2258.78,0.3,4,Canada,Amazon,9
2021-10-11,Iron Supplement,Mineral,86,17.8,1530.91,0.0,1,Canada,Walmart,10
2021-11-08,Iron Supplement,Mineral,81,43.83,3194.94,0.1,1,Canada,Amazon,11
2021-11-15,Iron Supplement,Mineral,98,39.52,3098.35,0.2,4,Canada,Walmart,11
2021-12-13,Iron Supplement,Mineral,103,13.25,1365.15,0.0,3,Canada,Walmart,12
2022-01-10,Iron Supplement,Mineral,148,18.74,2079.7,0.25,3,Canada,Walmart,1
2022-01-17,Iron Supplement,Mineral,106,44.39,3529.25,0.25,1,Canada,Amazon,1
2022-02-07,Iron Supplement,Mineral,81,39.68,3053.4,0.05,1,Canada,iHerb,2
2022-03-07,Iron Supplement,Mineral,59,35.26,2080.39,0.0,1,Canada,Walmart,3
2022-04-04,Iron Supplement,Mineral,47,46.54,2077.85,0.05,1,Canada,Amazon,4
2022-04-11,Iron Supplement,Mineral,111,27.38,2431.31,0.2,1,Canada,Walmart,4
2022-05-09,Iron Supplement,Mineral,109,22.14,1809.58,0.25,3,Canada,Amazon,5
2022-05-16,Iron Supplement,Mineral,69,20.83,1437.27,0.0,0,Canada,iHerb,5
2022-06-13,Iron Supplement,Mineral,46,43.7,2010.4,0.0,0,Canada,Amazon,6
2022-07-18,Iron Supplement,Mineral,96,39.54,2657.07,0.3,3,Canada,iHerb,7
2022-08-01,Iron Supplement,Mineral,108,32.32,2618.22,0.25,2,Canada,Amazon,8
2022-08-08,Iron Supplement,Mineral,52,40.6,2111.15,0.0,1,Canada,iHerb,8
2022-08-22,Iron Supplement,Mineral,78,33.29,2337.2,0.1,2,Canada,Walmart,8
2022-08-29,Iron Supplement,Mineral,65,26.62,1730.15,0.0,0,Canada,Amazon,8
2022-09-05,Iron Supplement,Mineral,58,37.26,2160.99,0.0,2,Canada,Amazon,9
2022-10-24,Iron Supplement,Mineral,99,20.24,1603.32,0.2,4,Canada,Walmart,10
2022-11-14,Iron Supplement,Mineral,102,32.58,2824.66,0.15,1,Canada,Walmart,11
2022-12-12,Iron Supplement,Mineral,81,21.4,1733.71,0.0,1,Canada,Walmart,12
2023-01-09,Iron Supplement,Mineral,81,32.4,2624.12,0.0,1,Canada,iHerb,1
2023-01-30,Iron Supplement,Mineral,161,20.37,2295.65,0.3,3,Canada,iHerb,1
2023-02-06,Iron Supplement,Mineral,110,26.91,2516.43,0.15,2,Canada,iHerb,2
2023-03-27,Iron Supplement,Mineral,102,25.86,1977.91,0.25,4,Canada,iHerb,3
2023-05-22,Iron Supplement,Mineral,81,19.43,1573.46,0.0,2,Canada,Walmart,5
2023-07-17,Iron Supplement,Mineral,46,44.22,2034.04,0.0,1,Canada,Amazon,7
2023-07-31,Iron Supplement,Mineral,68,28.29,1923.41,0.0,1,Canada,Walmart,7
2023-10-02,Iron Supplement,Mineral,112,19.44,1632.58,0.25,2,Canada,iHerb,10
2023-10-09,Iron Supplement,Mineral,89,40.99,2736.24,0.25,2,Canada,iHerb,10
2023-10-23,Iron Supplement,Mineral,83,50.01,2905.45,0.3,3,Canada,Amazon,10
2023-10-30,Iron Supplement,Mineral,51,38.28,1952.2,0.0,0,Canada,iHerb,10
2023-11-06,Iron Supplement,Mineral,64,42.27,2705.11,0.0,1,Canada,iHerb,11
2023-11-27,Iron Supplement,Mineral,147,14.01,1544.42,0.25,5,Canada,Amazon,11
2023-12-04,Iron Supplement,Mineral,95,32.32,2763.32,0.1,1,Canada,Amazon,12
2021-01-04,Electrolyte Powder,Hydration,85,26.68,2267.89,0.0,1,Canada,Amazon,1
2021-01-25,Electrolyte Powder,Hydration,146,14.95,1637.14,0.25,6,Canada,Walmart,1
2021-03-15,Electrolyte Powder,Hydration,74,47.79,2829.34,0.2,0,Canada,iHerb,3
2021-04-05,Electrolyte Powder,Hydration,81,15.16,1228.27,0.0,1,Canada,iHerb,4
2021-04-19,Electrolyte Powder,Hydration,81,39.49,2718.61,0.15,1,Canada,iHerb,4
2021-04-26,Electrolyte Powder,Hydration,53,47.4,2512.17,0.0,2,Canada,Walmart,4
2021-05-10,Electrolyte Powder,Hydration,76,16.34,1242.09,0.0,1,Canada,Walmart,5
2021-05-31,Electrolyte Powder,Hydration,64,26.62,1703.68,0.0,2,Canada,iHerb,5
2021-07-19,Electrolyte Powder,Hydration,34,46.81,1591.6,0.0,0,Canada,iHerb,7
2021-08-09,Electrolyte Powder,Hydration,64,28.7,1836.71,0.0,2,Canada,Walmart,8
2021-08-23,Electrolyte Powder,Hydration,76,20.38,1549.15,0.0,1,Canada,Walmart,8
2021-08-30,Electrolyte Powder,Hydration,51,41.47,2114.82,0.0,2,Canada,Amazon,8
2021-09-06,Electrolyte Powder,Hydration,61,31.56,1925.16,0.0,2,Canada,Amazon,9
2021-10-04,Electrolyte Powder,Hydration,64,36.43,2331.81,0.0,2,Canada,Amazon,10
2021-10-25,Electrolyte Powder,Hydration,76,20.18,1533.65,0.0,2,Canada,Amazon,10
2021-11-08,Electrolyte Powder,Hydration,109,19.02,1866.17,0.1,3,Canada,Amazon,11
2021-11-22,Electrolyte Powder,Hydration,50,47.26,2362.84,0.0,0,Canada,Amazon,11
2021-11-29,Electrolyte Powder,Hydration,74,42.66,2999.12,0.05,1,Canada,Amazon,11
2021-12-13,Electrolyte Powder,Hydration,102,40.98,3135.27,0.25,2,Canada,Amazon,12
2021-12-20,Electrolyte Powder,Hydration,103,48.0,3460.91,0.3,2,Canada,Amazon,12
2022-01-17,Electrolyte Powder,Hydration,153,15.55,1902.86,0.2,2,Canada,iHerb,1
2022-02-07,Electrolyte Powder,Hydration,52,52.5,2729.84,0.0,1,Canada,Amazon,2
2022-02-14,Electrolyte Powder,Hydration,95,21.8,2071.05,0.0,3,Canada,Walmart,2
2022-02-21,Electrolyte Powder,Hydration,118,32.81,3290.5,0.15,2,Canada,Amazon,2
2022-03-07,Electrolyte Powder,Hydration,76,22.86,1563.77,0.1,1,Canada,Walmart,3
2022-03-14,Electrolyte Powder,Hydration,88,33.62,2515.14,0.15,2,Canada,iHerb,3
2022-04-04,Electrolyte Powder,Hydration,75,29.9,2018.25,0.1,1,Canada,iHerb,4
2022-04-18,Electrolyte Powder,Hydration,91,43.76,2986.67,0.25,0,Canada,iHerb,4
2022-05-09,Electrolyte Powder,Hydration,70,38.64,2434.63,0.1,0,Canada,Amazon,5
2022-05-23,Electrolyte Powder,Hydration,81,45.3,2751.92,0.25,2,Canada,Amazon,5
2022-06-20,Electrolyte Powder,Hydration,55,33.42,1838.26,0.0,2,Canada,Amazon,6
2022-08-08,Electrolyte Powder,Hydration,87,28.8,2004.6,0.2,0,Canada,iHerb,8
2022-08-22,Electrolyte Powder,Hydration,52,43.75,2161.45,0.05,2,Canada,Amazon,8
2022-09-05,Electrolyte Powder,Hydration,81,30.37,2213.86,0.1,2,Canada,iHerb,9
2022-10-03,Electrolyte Powder,Hydration,55,36.03,1981.62,0.0,1,Canada,iHerb,10
2022-10-31,Electrolyte Powder,Hydration,71,26.83,1809.96,0.05,1,Canada,Amazon,10
2022-11-07,Electrolyte Powder,Hydration,98,47.09,3460.93,0.25,4,Canada,Walmart,11
2022-11-14,Electrolyte Powder,Hydration,90,26.67,2280.1,0.05,3,Canada,iHerb,11
2022-11-28,Electrolyte Powder,Hydration,73,45.39,2816.75,0.15,2,Canada,iHerb,11
2022-12-05,Electrolyte Powder,Hydration,111,31.61,2806.81,0.2,1,Canada,iHerb,12
2023-01-23,Electrolyte Powder,Hydration,98,21.4,2097.61,0.0,2,Canada,Amazon,1
2023-01-30,Electrolyte Powder,Hydration,72,37.92,2729.97,0.0,1,Canada,iHerb,1
2023-02-06,Electrolyte Powder,Hydration,82,31.51,2583.7,0.0,1,Canada,Amazon,2
2023-02-27,Electrolyte Powder,Hydration,157,24.33,2673.46,0.3,3,Canada,Walmart,2
2023-03-13,Electrolyte Powder,Hydration,125,17.04,1491.05,0.3,3,Canada,Amazon,3
2023-04-10,Electrolyte Powder,Hydration,47,44.3,2082.2,0.0,1,Canada,iHerb,4
2023-04-17,Electrolyte Powder,Hydration,109,31.77,2423.83,0.3,5,Canada,Amazon,4
2023-04-24,Electrolyte Powder,Hydration,76,24.62,1870.75,0.0,2,Canada,Walmart,4
2023-05-08,Electrolyte Powder,Hydration,40,50.36,2014.32,0.0,1,Canada,Walmart,5
2023-05-29,Electrolyte Powder,Hydration,110,23.04,1774.19,0.3,4,Canada,iHerb,5
2023-07-24,Electrolyte Powder,Hydration,79,18.89,1492.18,0.0,1,Canada,Amazon,7
2023-08-07,Electrolyte Powder,Hydration,112,28.57,2399.96,0.25,2,Canada,Amazon,8
2023-09-18,Electrolyte Powder,Hydration,62,34.52,2140.18,0.0,2,Canada,iHerb,9
2023-10-16,Electrolyte Powder,Hydration,105,19.44,1633.03,0.2,4,Canada,iHerb,10
2023-10-30,Electrolyte Powder,Hydration,100,39.61,2772.38,0.3,2,Canada,Walmart,10
2023-11-06,Electrolyte Powder,Hydration,101,13.51,1364.29,0.0,4,Canada,Amazon,11
2023-12-11,Electrolyte Powder,Hydration,121,23.01,2088.32,0.25,4,Canada,iHerb,12
2023-12-18,Electrolyte Powder,Hydration,74,35.75,2645.7,0.0,1,Canada,Amazon,12
2021-01-11,Vitamin C,Vitamin,83,32.47,2695.25,0.0,2,Canada,Walmart,1
2021-01-18,Vitamin C,Vitamin,124,32.38,3211.98,0.2,2,Canada,Amazon,1
2021-02-08,Vitamin C,Vitamin,98,34.92,3080.03,0.1,2,Canada,Walmart,2
2021-02-15,Vitamin C,Vitamin,126,33.81,3407.84,0.2,3,Canada,Amazon,2
2021-02-22,Vitamin C,Vitamin,142,19.33,2196.05,0.2,4,Canada,Amazon,2
2021-03-22,Vitamin C,Vitamin,37,47.0,1739.12,0.0,1,Canada,Walmart,3
2021-03-29,Vitamin C,Vitamin,75,35.2,2376.2,0.1,2,Canada,Walmart,3
2021-04-12,Vitamin C,Vitamin,68,32.21,2190.02,0.0,2,Canada,Amazon,4
2021-04-19,Vitamin C,Vitamin,123,17.06,1574.19,0.25,5,Canada,Walmart,4
2021-05-03,Vitamin C,Vitamin,107,21.03,1799.9,0.2,2,Canada,iHerb,5
2021-06-07,Vitamin C,Vitamin,79,23.05,1821.18,0.0,1,Canada,Amazon,6
2021-06-14,Vitamin C,Vitamin,69,50.0,2932.57,0.15,2,Canada,iHerb,6
2021-06-28,Vitamin C,Vitamin,121,23.71,2151.78,0.25,5,Canada,Amazon,6
2021-07-12,Vitamin C,Vitamin,77,41.63,2724.92,0.15,3,Canada,iHerb,7
2021-07-26,Vitamin C,Vitamin,124,21.89,1900.16,0.3,4,Canada,Walmart,7
2021-10-11,Vitamin C,Vitamin,57,43.26,2342.55,0.05,0,Canada,iHerb,10
2021-12-20,Vitamin C,Vitamin,129,15.33,1582.44,0.2,2,Canada,Amazon,12
2022-01-24,Vitamin C,Vitamin,147,17.08,2008.93,0.2,5,Canada,Amazon,1
2022-02-21,Vitamin C,Vitamin,78,46.35,3434.47,0.05,3,Canada,iHerb,2
2022-02-28,Vitamin C,Vitamin,108,18.65,2013.75,0.0,2,Canada,Amazon,2
2022-03-07,Vitamin C,Vitamin,59,51.33,2877.24,0.05,1,Canada,Walmart,3
2022-03-14,Vitamin C,Vitamin,89,16.52,1470.11,0.0,4,Canada,Amazon,3
2022-03-21,Vitamin C,Vitamin,67,28.39,1902.13,0.0,2,Canada,Walmart,3
2022-04-04,Vitamin C,Vitamin,71,27.8,1973.64,0.0,1,Canada,iHerb,4
2022-04-11,Vitamin C,Vitamin,96,24.22,2092.94,0.1,2,Canada,Walmart,4
2022-06-06,Vitamin C,Vitamin,115,15.26,1403.54,0.2,2,Canada,Walmart,6
2022-07-11,Vitamin C,Vitamin,66,31.91,2106.16,0.0,1,Canada,Walmart,7
2022-07-18,Vitamin C,Vitamin,82,35.88,2795.29,0.05,3,Canada,Amazon,7
2022-08-15,Vitamin C,Vitamin,105,32.19,2534.88,0.25,4,Canada,Walmart,8
2022-08-29,Vitamin C,Vitamin,117,27.8,2276.46,0.3,1,Canada,Walmart,8
2022-09-12,Vitamin C,Vitamin,77,49.14,2837.72,0.25,2,Canada,iHerb,9
2022-09-26,Vitamin C,Vitamin,61,37.49,2286.99,0.0,1,Canada,Walmart,9
2022-10-24,Vitamin C,Vitamin,117,16.36,1530.85,0.2,2,Canada,Amazon,10
2022-10-31,Vitamin C,Vitamin,100,18.59,1580.36,0.15,4,Canada,Walmart,10
2022-11-07,Vitamin C,Vitamin,112,16.55,1668.69,0.1,3,Canada,iHerb,11
2022-11-14,Vitamin C,Vitamin,114,40.21,3667.04,0.2,3,Canada,Walmart,11
2022-12-19,Vitamin C,Vitamin,101,20.29,2049.61,0.0,1,Canada,Amazon,12
2022-12-26,Vitamin C,Vitamin,107,45.68,3421.3,0.3,2,Canada,Walmart,12
2023-01-16,Vitamin C,Vitamin,86,36.12,3106.11,0.0,2,Canada,Walmart,1
2023-02-06,Vitamin C,Vitamin,63,43.95,2768.58,0.0,2,Canada,Walmart,2
2023-03-20,Vitamin C,Vitamin,44,45.06,1982.79,0.0,1,Canada,Amazon,3
2023-05-29,Vitamin C,Vitamin,88,38.49,2879.35,0.15,4,Canada,Walmart,5
2023-06-12,Vitamin C,Vitamin,85,24.91,2116.97,0.0,3,Canada,iHerb,6
2023-07-24,Vitamin C,Vitamin,108,22.06,1787.25,0.25,5,Canada,iHerb,7
2023-07-31,Vitamin C,Vitamin,89,24.29,2053.59,0.05,2,Canada,Walmart,7
2023-08-07,Vitamin C,Vitamin,61,49.17,2699.31,0.1,2,Canada,iHerb,8
2023-08-21,Vitamin C,Vitamin,62,34.8,2157.76,0.0,1,Canada,Amazon,8
2023-10-02,Vitamin C,Vitamin,101,37.02,2804.47,0.25,3,Canada,Walmart,10
2023-10-16,Vitamin C,Vitamin,86,15.06,1295.13,0.0,1,Canada,Walmart,10
2023-10-23,Vitamin C,Vitamin,71,28.9,2051.93,0.0,2,Canada,Amazon,10
2023-10-30,Vitamin C,Vitamin,100,40.48,3036.01,0.25,4,Canada,Walmart,10
2023-11-13,Vitamin C,Vitamin,106,41.86,3327.92,0.25,2,Canada,iHerb,11
2023-12-04,Vitamin C,Vitamin,156,21.38,2335.07,0.3,6,Canada,Walmart,12
2023-12-18,Vitamin C,Vitamin,69,43.6,3008.2,0.0,2,Canada,Amazon,12
2023-12-25,Vitamin C,Vitamin,75,39.38,2953.2,0.0,0,Canada,iHerb,12
2021-01-11,Fish Oil,Omega,91,25.92,2240.9,0.05,3,USA,Amazon,1
2021-02-22,Fish Oil,Omega,89,40.25,3045.2,0.15,2,USA,Amazon,2
2021-03-22,Fish Oil,Omega,91,23.21,1795.64,0.15,1,USA,iHerb,3
2021-03-29,Fish Oil,Omega,76,35.84,2179.32,0.2,3,USA,Amazon,3
2021-04-12,Fish Oil,Omega,82,45.48,2796.78,0.25,2,USA,Walmart,4
2021-04-26,Fish Oil,Omega,98,13.44,1185.06,0.1,2,USA,Amazon,4
2021-05-03,Fish Oil,Omega,108,21.57,1747.0,0.25,2,USA,Amazon,5
2021-06-14,Fish Oil,Omega,78,21.3,1661.67,0.0,3,USA,iHerb,6
2021-07-05,Fish Oil,Omega,47,46.68,2194.04,0.0,2,USA,Walmart,7
2021-08-30,Fish Oil,Omega,75,30.78,2077.47,0.1,1,USA,iHerb,8
2021-09-06,Fish Oil,Omega,73,22.7,1657.03,0.0,2,USA,iHerb,9
2021-09-20,Fish Oil,Omega,60,29.86,1791.5,0.0,2,USA,Walmart,9
2021-10-04,Fish Oil,Omega,101,38.03,2688.95,0.3,1,USA,Walmart,10
2021-11-01,Fish Oil,Omega,55,35.31,1941.87,0.0,2,USA,Walmart,11
2021-11-08,Fish Oil,Omega,54,41.41,2236.18,0.0,1,USA,Walmart,11
2021-11-22,Fish Oil,Omega,58,33.99,1971.35,0.0,2,USA,Walmart,11
2021-11-29,Fish Oil,Omega,64,32.72,2094.2,0.0,1,USA,Walmart,11
2022-01-10,Fish Oil,Omega,128,31.05,3179.89,0.2,4,USA,iHerb,1
2022-02-07,Fish Oil,Omega,95,28.8,2598.76,0.05,4,USA,Walmart,2
2022-02-21,Fish Oil,Omega,97,39.06,3410.09,0.1,3,USA,Walmart,2
2022-03-07,Fish Oil,Omega,82,23.41,1824.03,0.05,1,USA,iHerb,3
2022-03-14,Fish Oil,Omega,93,20.53,1623.01,0.15,2,USA,iHerb,3
2022-04-18,Fish Oil,Omega,93,20.07,1586.66,0.15,3,USA,Amazon,4
2022-05-02,Fish Oil,Omega,94,42.17,2774.98,0.3,1,USA,iHerb,5
2022-05-09,Fish Oil,Omega,99,25.9,2051.38,0.2,4,USA,Amazon,5
2022-05-23,Fish Oil,Omega,75,25.05,1784.68,0.05,3,USA,Amazon,5
2022-05-30,Fish Oil,Omega,95,26.11,2108.33,0.15,1,USA,iHerb,5
2022-06-20,Fish Oil,Omega,116,16.97,1476.78,0.25,3,USA,iHerb,6
2022-06-27,Fish Oil,Omega,68,26.65,1812.16,0.0,0,USA,iHerb,6
2022-07-18,Fish Oil,Omega,56,39.25,2088.15,0.05,1,USA,iHerb,7
2022-08-01,Fish Oil,Omega,77,17.8,1370.9,0.0,3,USA,Walmart,8
2022-08-22,Fish Oil,Omega,76,29.83,2040.65,0.1,3,USA,Walmart,8
2022-08-29,Fish Oil,Omega,110,20.5,1691.19,0.25,2,USA,Walmart,8
2022-09-05,Fish Oil,Omega,104,27.61,2153.94,0.25,4,USA,Walmart,9
2022-11-21,Fish Oil,Omega,62,31.9,1977.97,0.0,1,USA,Walmart,11
2022-11-28,Fish Oil,Omega,119,29.24,2957.41,0.15,1,USA,iHerb,11
2022-12-12,Fish Oil,Omega,129,31.67,3063.61,0.25,6,USA,iHerb,12
2023-01-02,Fish Oil,Omega,75,30.36,2276.73,0.0,1,USA,iHerb,1
2023-01-09,Fish Oil,Omega,148,23.49,2607.75,0.25,3,USA,Amazon,1
2023-01-16,Fish Oil,Omega,118,21.75,2181.65,0.15,3,USA,iHerb,1
2023-01-30,Fish Oil,Omega,124,31.67,3141.19,0.2,3,USA,Amazon,1
2023-02-20,Fish Oil,Omega,97,20.19,1958.71,0.0,3,USA,Amazon,2
2023-04-17,Fish Oil,Omega,94,26.78,2014.21,0.2,3,USA,Walmart,4
2023-05-01,Fish Oil,Omega,86,16.4,1339.58,0.05,3,USA,Walmart,5
2023-05-08,Fish Oil,Omega,109,23.08,2012.26,0.2,1,USA,Walmart,5
2023-07-17,Fish Oil,Omega,61,34.77,2015.13,0.05,1,USA,iHerb,7
2023-07-24,Fish Oil,Omega,72,30.04,2162.9,0.0,3,USA,Amazon,7
2023-08-14,Fish Oil,Omega,60,31.23,1873.73,0.0,1,USA,iHerb,8
2023-08-21,Fish Oil,Omega,44,46.42,2042.47,0.0,0,USA,Walmart,8
2023-09-04,Fish Oil,Omega,36,50.76,1827.27,0.0,1,USA,Walmart,9
2023-09-11,Fish Oil,Omega,39,46.25,1803.92,0.0,0,USA,Walmart,9
2023-09-18,Fish Oil,Omega,54,35.23,1902.31,0.0,2,USA,Walmart,9
2023-10-09,Fish Oil,Omega,127,20.05,1782.86,0.3,3,USA,Amazon,10
2023-10-16,Fish Oil,Omega,61,42.37,2326.22,0.1,0,USA,Walmart,10
2023-11-27,Fish Oil,Omega,141,17.29,1828.18,0.25,1,USA,Amazon,11
2023-12-04,Fish Oil,Omega,91,24.83,2033.67,0.1,2,USA,Amazon,12
