notebooks/Supplement_Sales_Strong_Correlation.csv
Date,Product Name,Category,Units Sold,Price,Revenue,Discount,Units Returned,Location,Platform,Month
2021-01-11,Multivitamin,Vitamin,103,21.49,2103.07,0.05,1,Canada,iHerb,1
2021-03-15,Multivitamin,Vitamin,87,44.49,2902.68,0.25,4,Canada,iHerb,3
2021-04-05,Multivitamin,Vitamin,83,50.33,2924.03,0.3,2,Canada,Amazon,4
2021-05-24,Multivitamin,Vitamin,122,20.54,1879.65,0.25,6,Canada,iHerb,5
2021-07-05,Multivitamin,Vitamin,82,38.06,2496.42,0.2,2,Canada,Walmart,7
2021-08-02,Multivitamin,Vitamin,99,32.92,2444.15,0.25,3,Canada,Walmart,8
2021-08-09,Multivitamin,Vitamin,42,45.51,1911.38,0.0,0,Canada,Walmart,8
2021-08-30,Multivitamin,Vitamin,81,24.71,1901.27,0.05,1,Canada,iHerb,8
2021-09-06,Multivitamin,Vitamin,58,40.1,2326.06,0.0,1,Canada,Amazon,9
2021-09-13,Multivitamin,Vitamin,46,49.56,2165.79,0.05,1,Canada,iHerb,9
2021-10-04,Multivitamin,Vitamin,73,32.47,2370.29,0.0,1,Canada,Amazon,10
2021-12-13,Multivitamin,Vitamin,70,45.19,3163.12,0.0,1,Canada,Walmart,12
2021-12-20,Multivitamin,Vitamin,109,18.46,1911.73,0.05,3,Canada,Amazon,12
2022-01-10,Multivitamin,Vitamin,71,40.69,2889.3,0.0,2,Canada,Amazon,1
2022-02-07,Multivitamin,Vitamin,95,20.37,1935.49,0.0,4,Canada,Walmart,2
2022-03-07,Multivitamin,Vitamin,53,40.41,2141.56,0.0,1,Canada,Walmart,3
2022-04-04,Multivitamin,Vitamin,52,48.32,2512.47,0.0,2,Canada,iHerb,4
2022-05-02,Multivitamin,Vitamin,115,18.56,1707.75,0.2,2,Canada,Walmart,5
2022-05-23,Multivitamin,Vitamin,66,25.5,1683.04,0.0,2,Canada,Amazon,5
2022-07-04,Multivitamin,Vitamin,64,41.37,2515.03,0.05,1,Canada,Walmart,7
2022-07-18,Multivitamin,Vitamin,70,32.86,2185.09,0.05,1,Canada,iHerb,7
2022-07-25,Multivitamin,Vitamin,78,24.84,1937.14,0.0,3,Canada,Walmart,7
2022-09-19,Multivitamin,Vitamin,34,53.11,1805.57,0.0,0,Canada,Walmart,9
2022-10-31,Multivitamin,Vitamin,69,24.94,1720.6,0.0,1,Canada,Walmart,10
2022-11-21,Multivitamin,Vitamin,115,37.82,3262.31,0.25,3,Canada,Walmart,11
2022-12-05,Multivitamin,Vitamin,104,45.04,3513.46,0.25,2,Canada,iHerb,12
2022-12-26,Multivitamin,Vitamin,130,27.16,2648.44,0.25,3,Canada,iHerb,12
2023-01-02,Multivitamin,Vitamin,111,29.21,2917.86,0.1,2,Canada,Walmart,1
2023-01-23,Multivitamin,Vitamin,116,34.46,3197.78,0.2,5,Canada,iHerb,1
2023-02-06,Multivitamin,Vitamin,104,38.22,3378.82,0.15,2,Canada,iHerb,2
2023-02-20,Multivitamin,Vitamin,138,31.88,3300.07,0.25,4,Canada,Walmart,2
2023-02-27,Multivitamin,Vitamin,135,31.68,3421.88,0.2,3,Canada,iHerb,2
2023-03-13,Multivitamin,Vitamin,46,48.74,2241.96,0.0,1,Canada,Walmart,3
2023-05-08,Multivitamin,Vitamin,107,36.23,2713.28,0.3,2,Canada,iHerb,5
2023-05-15,Multivitamin,Vitamin,74,29.18,2159.41,0.0,1,Canada,Amazon,5
2023-05-22,Multivitamin,Vitamin,89,40.78,3085.22,0.15,2,Canada,Walmart,5
2023-05-29,Multivitamin,Vitamin,90,22.33,1808.77,0.1,2,Canada,Walmart,5
2023-06-05,Multivitamin,Vitamin,57,42.46,2420.39,0.0,1,Canada,iHerb,6
2023-06-12,Multivitamin,Vitamin,57,35.86,2043.92,0.0,2,Canada,Walmart,6
2023-08-28,Multivitamin,Vitamin,109,22.18,1813.07,0.25,5,Canada,iHerb,8
2023-10-02,Multivitamin,Vitamin,83,26.56,1874.16,0.15,2,Canada,Walmart,10
2023-10-16,Multivitamin,Vitamin,80,19.28,1542.59,0.0,1,Canada,Walmart,10
2023-10-30,Multivitamin,Vitamin,91,24.23,1874.37,0.15,3,Canada,Amazon,10
2023-11-20,Multivitamin,Vitamin,95,25.49,2421.82,0.0,2,Canada,Walmart,11
2023-12-04,Multivitamin,Vitamin,129,24.91,2570.39,0.2,4,Canada,Walmart,12
2023-12-11,Multivitamin,Vitamin,90,24.01,2160.54,0.0,2,Canada,Amazon,12
2021-01-11,Pre-Workout,Performance,151,37.85,4001.17,0.3,3,Canada,Walmart,1
2021-02-22,Pre-Workout,Performance,77,41.84,3221.86,0.0,2,Canada,Walmart,2
2021-03-08,Pre-Workout,Performance,148,14.03,1453.09,0.3,7,Canada,iHerb,3
2021-03-15,Pre-Workout,Performance,84,26.77,2248.44,0.0,1,Canada,Amazon,3
2021-03-22,Pre-Workout,Performance,124,24.51,2279.09,0.25,2,Canada,iHerb,3
2021-03-29,Pre-Workout,Performance,98,38.29,2814.55,0.25,3,Canada,iHerb,3
2021-04-05,Pre-Workout,Performance,117,23.91,2238.23,0.2,1,Canada,Walmart,4
2021-04-12,Pre-Workout,Performance,66,43.84,2893.74,0.0,2,Canada,Amazon,4
2021-05-17,Pre-Workout,Performance,104,44.43,3234.63,0.3,2,Canada,Walmart,5
2021-05-24,Pre-Workout,Performance,105,35.71,3187.13,0.15,2,Canada,iHerb,5
2021-06-07,Pre-Workout,Performance,64,43.72,2798.09,0.0,1,Canada,Walmart,6
2021-07-19,Pre-Workout,Performance,57,49.17,2802.62,0.0,1,Canada,Amazon,7
2021-08-23,Pre-Workout,Performance,98,41.89,3284.01,0.2,3,Canada,Amazon,8
2021-08-30,Pre-Workout,Performance,98,46.81,3210.83,0.3,1,Canada,Amazon,8
2021-09-27,Pre-Workout,Performance,57,48.53,2627.83,0.05,0,Canada,Amazon,9
2021-11-15,Pre-Workout,Performance,112,20.13,2142.08,0.05,4,Canada,Amazon,11
2021-11-22,Pre-Workout,Performance,74,47.66,3526.81,0.0,2,Canada,Walmart,11
2022-01-10,Pre-Workout,Performance,112,20.67,2315.0,0.0,3,Canada,Walmart,1
2022-01-24,Pre-Workout,Performance,97,32.18,3121.07,0.0,4,Canada,Amazon,1
2022-02-07,Pre-Workout,Performance,97,37.73,3659.39,0.0,2,Canada,Amazon,2
2022-03-21,Pre-Workout,Performance,101,43.07,3262.87,0.25,4,Canada,iHerb,3
2022-05-02,Pre-Workout,Performance,81,52.25,3385.74,0.2,2,Canada,iHerb,5
2022-05-09,Pre-Workout,Performance,70,45.87,3050.23,0.05,0,Canada,Walmart,5
2022-05-30,Pre-Workout,Performance,75,38.54,2745.62,0.05,3,Canada,Walmart,5
2022-06-27,Pre-Workout,Performance,88,25.55,2248.38,0.0,2,Canada,Amazon,6
2022-07-11,Pre-Workout,Performance,75,23.02,1726.36,0.0,2,Canada,iHerb,7
2022-08-29,Pre-Workout,Performance,142,15.5,1650.56,0.25,6,Canada,Walmart,8
2022-09-19,Pre-Workout,Performance,113,17.38,1669.0,0.15,1,Canada,Amazon,9
2022-10-03,Pre-Workout,Performance,56,47.83,2678.28,0.0,0,Canada,Amazon,10
2022-10-24,Pre-Workout,Performance,101,28.63,2457.57,0.15,4,Canada,Amazon,10
2022-11-07,Pre-Workout,Performance,122,42.65,3642.24,0.3,5,Canada,Walmart,11
2023-01-30,Pre-Workout,Performance,79,46.27,3655.14,0.0,1,Canada,iHerb,1
2023-02-13,Pre-Workout,Performance,107,25.44,2722.49,0.0,1,Canada,Walmart,2
2023-03-06,Pre-Workout,Performance,68,36.52,2483.54,0.0,1,Canada,Amazon,3
2023-04-03,Pre-Workout,Performance,63,44.92,2830.01,0.0,2,Canada,Amazon,4
2023-04-17,Pre-Workout,Performance,88,35.97,2690.31,0.15,4,Canada,Amazon,4
2023-04-24,Pre-Workout,Performance,106,33.4,2655.43,0.25,2,Canada,Walmart,4
2023-05-15,Pre-Workout,Performance,115,25.93,2385.63,0.2,1,Canada,Amazon,5
2023-06-19,Pre-Workout,Performance,72,29.39,2115.99,0.0,3,Canada,iHerb,6
2023-07-10,Pre-Workout,Performance,106,20.91,1883.88,0.15,1,Canada,iHerb,7
2023-08-14,Pre-Workout,Performance,76,33.48,2544.65,0.0,3,Canada,iHerb,8
2023-08-21,Pre-Workout,Performance,79,34.56,2730.36,0.0,1,Canada,Walmart,8
2023-09-04,Pre-Workout,Performance,102,24.03,2205.76,0.1,2,Canada,Walmart,9
2023-09-25,Pre-Workout,Performance,74,32.76,2424.32,0.0,2,Canada,Amazon,9
2023-10-23,Pre-Workout,Performance,72,35.78,2575.88,0.0,2,Canada,Amazon,10
2023-12-25,Pre-Workout,Performance,138,24.6,2715.42,0.2,3,Canada,Walmart,12
2021-01-11,Creatine,Performance,101,51.03,4123.41,0.2,1,USA,Walmart,1
2021-02-15,Creatine,Performance,140,42.48,4162.75,0.3,2,USA,Walmart,2
2021-02-22,Creatine,Performance,110,44.62,3926.12,0.2,3,USA,Walmart,2
2021-03-08,Creatine,Performance,71,35.0,2485.03,0.0,2,USA,Walmart,3
2021-03-15,Creatine,Performance,80,37.83,2723.8,0.1,3,USA,Amazon,3
2021-04-05,Creatine,Performance,75,27.88,2091.37,0.0,3,USA,Walmart,4
2021-05-17,Creatine,Performance,123,36.58,3149.87,0.3,3,USA,Walmart,5
2021-05-24,Creatine,Performance,99,33.84,2679.74,0.2,1,USA,Walmart,5
2021-05-31,Creatine,Performance,114,25.19,2440.45,0.15,4,USA,Walmart,5
2021-06-21,Creatine,Performance,102,30.98,2686.3,0.15,3,USA,Walmart,6
2021-06-28,Creatine,Performance,107,24.25,2335.65,0.1,2,USA,Walmart,6
2021-07-05,Creatine,Performance,108,24.49,2248.1,0.15,2,USA,Amazon,7
2021-07-12,Creatine,Performance,83,48.86,3244.33,0.2,3,USA,Amazon,7
2021-08-09,Creatine,Performance,104,13.49,1402.7,0.0,3,USA,iHerb,8
2021-08-23,Creatine,Performance,69,35.72,2464.35,0.0,1,USA,iHerb,8
2021-10-11,Creatine,Performance,86,18.58,1598.26,0.0,1,USA,iHerb,10
2021-10-18,Creatine,Performance,70,32.76,2293.49,0.0,2,USA,Amazon,10
2021-10-25,Creatine,Performance,86,32.84,2824.35,0.0,1,USA,iHerb,10
2021-11-01,Creatine,Performance,121,30.07,2910.47,0.2,1,USA,Amazon,11
2021-11-15,Creatine,Performance,149,13.98,1771.15,0.15,6,USA,iHerb,11
2021-11-29,Creatine,Performance,134,45.75,4291.3,0.3,2,USA,iHerb,11
2021-12-06,Creatine,Performance,107,24.4,2480.6,0.05,1,USA,Walmart,12
2021-12-27,Creatine,Performance,119,19.16,2279.9,0.0,2,USA,Amazon,12
2022-01-17,Creatine,Performance,136,36.83,3756.97,0.25,2,USA,iHerb,1
2022-01-31,Creatine,Performance,93,31.97,2973.1,0.0,0,USA,Amazon,1
2022-02-07,Creatine,Performance,161,34.52,3890.07,0.3,4,USA,Walmart,2
2022-03-07,Creatine,Performance,95,15.13,1436.97,0.0,3,USA,Walmart,3
2022-05-02,Creatine,Performance,69,37.61,2595.41,0.0,3,USA,iHerb,5
2022-05-09,Creatine,Performance,107,25.31,2301.79,0.15,2,USA,iHerb,5
2022-05-16,Creatine,Performance,108,36.47,2757.07,0.3,2,USA,Amazon,5
2022-05-23,Creatine,Performance,70,35.0,2449.72,0.0,1,USA,Amazon,5
2022-06-06,Creatine,Performance,93,16.76,1558.68,0.0,1,USA,Amazon,6
2022-08-01,Creatine,Performance,77,33.44,2446.2,0.05,2,USA,Walmart,8
2022-09-12,Creatine,Performance,81,32.52,2502.42,0.05,2,USA,iHerb,9
2022-09-26,Creatine,Performance,54,49.28,2661.08,0.0,0,USA,Walmart,9
2022-11-07,Creatine,Performance,139,25.51,2836.48,0.2,4,USA,Amazon,11
2022-11-28,Creatine,Performance,146,19.85,2173.21,0.25,3,USA,Amazon,11
2022-12-05,Creatine,Performance,120,34.6,3322.07,0.2,5,USA,iHerb,12
2022-12-19,Creatine,Performance,132,29.02,2872.62,0.25,4,USA,Walmart,12
2023-01-02,Creatine,Performance,109,42.26,3915.36,0.15,2,USA,Amazon,1
2023-02-20,Creatine,Performance,82,42.09,3451.63,0.0,0,USA,iHerb,2
2023-04-03,Creatine,Performance,123,27.54,2540.7,0.25,3,USA,Walmart,4
2023-05-01,Creatine,Performance,69,40.26,2778.1,0.0,1,USA,Walmart,5
2023-06-12,Creatine,Performance,69,35.34,2438.37,0.0,0,USA,Walmart,6
2023-06-19,Creatine,Performance,53,47.72,2529.15,0.0,0,USA,Walmart,6
2023-06-26,Creatine,Performance,97,33.62,2609.2,0.2,3,USA,Amazon,6
2023-07-31,Creatine,Performance,67,46.11,3089.3,0.0,1,USA,Walmart,7
2023-08-28,Creatine,Performance,89,23.77,2115.87,0.0,1,USA,Amazon,8
2023-10-02,Creatine,Performance,126,32.68,2881.99,0.3,2,USA,Amazon,10
2023-11-06,Creatine,Performance,68,48.97,3329.89,0.0,1,USA,Walmart,11
2023-11-13,Creatine,Performance,73,49.77,3451.4,0.05,1,USA,Walmart,11
2023-12-11,Creatine,Performance,84,39.26,2967.73,0.1,3,USA,Amazon,12
2023-12-25,Creatine,Performance,118,46.0,4070.98,0.25,4,USA,iHerb,12
2021-01-11,Zinc,Mineral,110,30.68,3037.6,0.1,1,UK,Walmart,1
2021-01-18,Zinc,Mineral,121,22.27,2290.98,0.15,1,UK,Amazon,1
2021-02-01,Zinc,Mineral,76,28.25,2146.79,0.0,1,UK,Amazon,2
2021-02-15,Zinc,Mineral,96,48.58,3731.28,0.2,4,UK,iHerb,2
2021-02-22,Zinc,Mineral,90,30.34,2594.4,0.05,2,UK,iHerb,2
2021-03-01,Zinc,Mineral,44,46.88,2062.6,0.0,0,UK,Walmart,3
2021-03-22,Zinc,Mineral,83,22.09,1741.95,0.05,1,UK,Amazon,3
2021-03-29,Zinc,Mineral,96,30.32,2328.91,0.2,2,UK,Amazon,3
2021-05-17,Zinc,Mineral,96,36.25,2610.17,0.25,2,UK,Amazon,5
2021-05-31,Zinc,Mineral,59,33.67,1986.69,0.0,0,UK,iHerb,5
2021-07-26,Zinc,Mineral,81,27.85,2143.38,0.05,2,UK,Amazon,7
2021-08-16,Zinc,Mineral,52,41.45,2155.49,0.0,2,UK,Amazon,8
2021-09-20,Zinc,Mineral,78,39.15,2595.44,0.15,2,UK,Amazon,9
2021-10-04,Zinc,Mineral,77,28.98,2231.55,0.0,2,UK,iHerb,10
2021-10-11,Zinc,Mineral,71,31.38,2228.27,0.0,3,UK,iHerb,10
2021-10-18,Zinc,Mineral,54,34.35,1854.7,0.0,0,UK,iHerb,10
2021-10-25,Zinc,Mineral,66,47.54,2509.85,0.2,2,UK,iHerb,10
2021-11-22,Zinc,Mineral,111,16.19,1617.5,0.1,4,UK,Walmart,11
2021-12-20,Zinc,Mineral,90,23.09,1974.58,0.05,2,UK,Walmart,12
2022-02-07,Zinc,Mineral,93,46.6,3683.82,0.15,3,UK,iHerb,2
2022-02-21,Zinc,Mineral,53,48.02,2544.94,0.0,0,UK,Walmart,2
2022-03-28,Zinc,Mineral,71,33.4,2252.53,0.05,1,UK,Amazon,3
2022-04-18,Zinc,Mineral,87,42.0,2740.54,0.25,2,UK,Amazon,4
2022-05-23,Zinc,Mineral,120,16.58,1491.82,0.25,4,UK,Walmart,5
2022-06-06,Zinc,Mineral,81,42.73,2769.03,0.2,2,UK,Walmart,6
2022-06-27,Zinc,Mineral,81,36.73,2529.11,0.15,3,UK,iHerb,6
2022-07-11,Zinc,Mineral,115,16.99,1465.41,0.25,4,UK,Amazon,7
2022-07-25,Zinc,Mineral,69,49.06,2707.94,0.2,3,UK,Walmart,7
2022-09-12,Zinc,Mineral,78,27.83,1953.84,0.1,2,UK,iHerb,9
2022-09-26,Zinc,Mineral,85,19.1,1623.71,0.0,1,UK,Amazon,9
2022-10-03,Zinc,Mineral,102,14.09,1293.37,0.1,1,UK,Walmart,10
2022-10-24,Zinc,Mineral,101,23.97,1936.55,0.2,4,UK,iHerb,10
2022-11-07,Zinc,Mineral,106,24.75,2360.98,0.1,3,UK,Walmart,11
2022-11-21,Zinc,Mineral,54,39.97,2158.31,0.0,1,UK,Walmart,11
2022-12-19,Zinc,Mineral,112,45.82,3592.22,0.3,1,UK,Amazon,12
2023-01-09,Zinc,Mineral,70,41.8,2926.13,0.0,2,UK,Amazon,1
2023-01-23,Zinc,Mineral,142,32.12,3192.45,0.3,4,UK,iHerb,1
2023-03-27,Zinc,Mineral,59,31.33,1848.74,0.0,1,UK,Amazon,3
2023-04-03,Zinc,Mineral,76,50.16,3049.77,0.2,3,UK,Walmart,4
2023-04-10,Zinc,Mineral,45,38.44,1730.0,0.0,1,UK,Amazon,4
2023-05-08,Zinc,Mineral,70,23.42,1639.08,0.0,1,UK,iHerb,5
2023-06-12,Zinc,Mineral,64,34.93,2012.06,0.1,3,UK,Walmart,6
2023-06-19,Zinc,Mineral,75,40.36,2421.63,0.2,2,UK,iHerb,6
2023-09-04,Zinc,Mineral,88,33.37,2349.02,0.2,0,UK,Walmart,9
2023-10-23,Zinc,Mineral,93,23.74,1876.29,0.15,4,UK,Amazon,10
2023-10-30,Zinc,Mineral,62,49.15,2742.79,0.1,0,UK,Walmart,10
2023-12-04,Zinc,Mineral,120,27.64,2487.69,0.25,2,UK,iHerb,12
2021-01-11,Magnesium,Mineral,89,29.64,2638.01,0.0,2,USA,Amazon,1
2021-01-25,Magnesium,Mineral,89,46.09,3281.77,0.2,2,USA,iHerb,1
2021-02-22,Magnesium,Mineral,62,40.5,2511.22,0.0,1,USA,Amazon,2
2021-03-08,Magnesium,Mineral,64,35.23,2141.75,0.05,1,USA,Walmart,3
2021-03-22,Magnesium,Mineral,62,36.28,2136.79,0.05,0,USA,Walmart,3
2021-04-12,Magnesium,Mineral,78,30.78,2280.76,0.05,3,USA,Amazon,4
2021-05-03,Magnesium,Mineral,75,21.84,1638.37,0.0,1,USA,Walmart,5
2021-06-21,Magnesium,Mineral,77,21.32,1641.28,0.0,0,USA,Walmart,6
2021-07-19,Magnesium,Mineral,64,27.41,1754.23,0.0,2,USA,iHerb,7
2021-08-02,Magnesium,Mineral,73,40.82,2532.67,0.15,2,USA,Walmart,8
2021-08-09,Magnesium,Mineral,70,38.98,2455.57,0.1,2,USA,iHerb,8
2021-08-30,Magnesium,Mineral,71,25.19,1788.15,0.0,2,USA,Amazon,8
2021-09-27,Magnesium,Mineral,69,43.38,2544.19,0.15,2,USA,Amazon,9
2021-10-04,Magnesium,Mineral,108,22.35,1810.3,0.25,4,USA,Walmart,10
2021-11-01,Magnesium,Mineral,106,40.92,3253.33,0.25,1,USA,iHerb,11
2021-11-08,Magnesium,Mineral,111,20.32,1917.33,0.15,3,USA,Amazon,11
2021-12-13,Magnesium,Mineral,71,40.36,2865.9,0.0,2,USA,iHerb,12
2021-12-20,Magnesium,Mineral,90,24.08,2167.56,0.0,3,USA,Amazon,12
2022-01-03,Magnesium,Mineral,58,48.51,2813.38,0.0,0,USA,Walmart,1
2022-01-10,Magnesium,Mineral,74,38.25,2830.4,0.0,2,USA,Amazon,1
2022-01-24,Magnesium,Mineral,120,15.33,1747.91,0.05,2,USA,Walmart,1
2022-02-21,Magnesium,Mineral,58,43.7,2534.44,0.0,2,USA,Walmart,2
2022-02-28,Magnesium,Mineral,77,34.62,2665.67,0.0,3,USA,Walmart,2
2022-03-07,Magnesium,Mineral,48,48.29,2318.1,0.0,2,USA,Amazon,3
2022-03-21,Magnesium,Mineral,85,46.79,2783.74,0.3,3,USA,Amazon,3
2022-03-28,Magnesium,Mineral,97,23.71,1954.62,0.15,3,USA,Walmart,3
2022-04-04,Magnesium,Mineral,68,29.29,1891.95,0.05,3,USA,iHerb,4
2022-04-25,Magnesium,Mineral,92,32.97,2123.24,0.3,1,USA,iHerb,4
2022-05-23,Magnesium,Mineral,80,24.24,1745.45,0.1,1,USA,iHerb,5
2022-05-30,Magnesium,Mineral,90,15.57,1401.31,0.0,3,USA,Walmart,5
2022-06-13,Magnesium,Mineral,57,29.13,1660.17,0.0,1,USA,Walmart,6
2022-06-27,Magnesium,Mineral,109,27.36,2236.28,0.25,1,USA,Amazon,6
2022-07-04,Magnesium,Mineral,107,34.57,2589.59,0.3,4,USA,Amazon,7
2022-08-08,Magnesium,Mineral,73,39.7,2463.35,0.15,2,USA,Amazon,8
2022-08-29,Magnesium,Mineral,111,23.7,1972.78,0.25,3,USA,iHerb,8
2022-09-26,Magnesium,Mineral,33,47.6,1570.66,0.0,1,USA,iHerb,9
2022-10-03,Magnesium,Mineral,87,46.96,3063.97,0.25,1,USA,Amazon,10
2022-10-10,Magnesium,Mineral,41,44.5,1824.56,0.0,1,USA,Amazon,10
2022-10-17,Magnesium,Mineral,44,43.73,1924.31,0.0,0,USA,iHerb,10
2022-12-26,Magnesium,Mineral,85,33.93,2740.05,0.05,1,USA,Walmart,12
2023-01-02,Magnesium,Mineral,70,39.54,2767.81,0.0,3,USA,Amazon,1
2023-01-16,Magnesium,Mineral,95,22.86,2171.46,0.0,3,USA,iHerb,1
2023-01-30,Magnesium,Mineral,77,42.63,2954.58,0.1,2,USA,Amazon,1
2023-02-20,Magnesium,Mineral,101,45.69,3692.15,0.2,3,USA,iHerb,2
2023-02-27,Magnesium,Mineral,49,49.33,2417.0,0.0,1,USA,Walmart,2
2023-04-17,Magnesium,Mineral,83,27.08,2022.99,0.1,2,USA,Amazon,4
2023-04-24,Magnesium,Mineral,67,28.5,1909.52,0.0,2,USA,iHerb,4
2023-05-08,Magnesium,Mineral,79,16.17,1277.25,0.0,1,USA,iHerb,5
2023-06-05,Magnesium,Mineral,92,35.18,2427.19,0.25,3,USA,iHerb,6
2023-06-12,Magnesium,Mineral,37,48.56,1796.86,0.0,0,USA,Amazon,6
2023-06-19,Magnesium,Mineral,55,34.95,1825.89,0.05,2,USA,iHerb,6
2023-06-26,Magnesium,Mineral,70,22.11,1548.02,0.0,2,USA,iHerb,6
2023-07-10,Magnesium,Mineral,80,42.7,2562.06,0.25,2,USA,Walmart,7
2023-07-24,Magnesium,Mineral,81,17.78,1440.46,0.0,3,USA,iHerb,7
2023-08-21,Magnesium,Mineral,76,21.13,1605.75,0.0,1,USA,Walmart,8
2023-09-18,Magnesium,Mineral,52,41.66,2057.77,0.05,0,USA,iHerb,9
2023-09-25,Magnesium,Mineral,73,26.88,1863.97,0.05,1,USA,Amazon,9
2023-10-16,Magnesium,Mineral,77,27.14,1880.64,0.1,2,USA,iHerb,10
2023-10-30,Magnesium,Mineral,86,37.01,2546.05,0.2,1,USA,iHerb,10
2023-12-25,Magnesium,Mineral,75,25.61,1920.91,0.0,3,USA,Walmart,12
