notebooks/Supplement_Sales_Strong_Correlation.csv
Date,Product Name,Category,Units Sold,Price,Revenue,Discount,Units Returned,Location,Platform,Month
2021-01-11,Probiotic,Digestive,168,19.26,2265.44,0.3,2,UK,iHerb,1
2021-03-01,Probiotic,Digestive,108,15.9,1459.34,0.15,3,UK,Amazon,3
2021-03-15,Probiotic,Digestive,71,23.7,1682.92,0.0,3,UK,Walmart,3
2021-04-05,Probiotic,Digestive,87,29.17,2283.98,0.1,2,UK,Amazon,4
2021-04-19,Probiotic,Digestive,61,28.21,1720.8,0.0,0,UK,iHerb,4
2021-05-03,Probiotic,Digestive,76,49.14,2800.79,0.25,2,UK,Walmart,5
2021-05-24,Probiotic,Digestive,89,39.79,2655.86,0.25,1,UK,Amazon,5
2021-05-31,Probiotic,Digestive,63,30.91,1947.49,0.0,2,UK,iHerb,5
2021-06-28,Probiotic,Digestive,98,32.85,2253.77,0.3,1,UK,Walmart,6
2021-07-05,Probiotic,Digestive,77,17.01,1309.8,0.0,2,UK,Amazon,7
2021-07-12,Probiotic,Digestive,63,43.41,2461.38,0.1,1,UK,Walmart,7
2021-08-09,Probiotic,Digestive,31,48.26,1495.91,0.0,1,UK,iHerb,8
2021-08-23,Probiotic,Digestive,85,39.3,2672.15,0.2,2,UK,Amazon,8
2021-08-30,Probiotic,Digestive,116,22.09,1793.49,0.3,3,UK,iHerb,8
2021-09-27,Probiotic,Digestive,61,41.4,2272.81,0.1,1,UK,Amazon,9
2021-10-18,Probiotic,Digestive,69,41.8,2595.96,0.1,0,UK,iHerb,10
2021-10-25,Probiotic,Digestive,96,38.93,2616.15,0.3,1,UK,iHerb,10
2021-11-15,Probiotic,Digestive,124,37.78,3279.63,0.3,4,UK,Walmart,11
2021-11-22,Probiotic,Digestive,90,29.36,2510.69,0.05,1,UK,iHerb,11
2022-01-24,Probiotic,Digestive,69,48.4,3172.7,0.05,2,UK,Amazon,1
2022-01-31,Probiotic,Digestive,103,42.86,3531.77,0.2,4,UK,iHerb,1
2022-02-14,Probiotic,Digestive,134,20.79,2229.2,0.2,5,UK,Amazon,2
2022-02-21,Probiotic,Digestive,60,48.62,2917.41,0.0,1,UK,Amazon,2
2022-02-28,Probiotic,Digestive,79,43.6,3100.22,0.1,3,UK,Walmart,2
2022-03-28,Probiotic,Digestive,113,24.04,1901.4,0.3,3,UK,iHerb,3
2022-04-04,Probiotic,Digestive,91,41.13,2620.03,0.3,3,UK,Amazon,4
2022-05-02,Probiotic,Digestive,64,25.45,1628.6,0.0,2,UK,iHerb,5
2022-05-16,Probiotic,Digestive,52,33.97,1766.2,0.0,1,UK,Walmart,5
2022-05-23,Probiotic,Digestive,99,36.76,2547.73,0.3,4,UK,Walmart,5
2022-05-30,Probiotic,Digestive,46,47.4,2180.57,0.0,1,UK,Amazon,5
2022-06-06,Probiotic,Digestive,92,36.3,2504.92,0.25,3,UK,iHerb,6
2022-06-20,Probiotic,Digestive,93,45.04,2932.14,0.3,3,UK,Amazon,6
2022-07-11,Probiotic,Digestive,127,20.45,1817.75,0.3,2,UK,Amazon,7
2022-08-01,Probiotic,Digestive,50,45.16,2258.07,0.0,2,UK,Amazon,8
2022-08-15,Probiotic,Digestive,73,22.95,1675.03,0.0,3,UK,iHerb,8
2022-10-24,Probiotic,Digestive,113,32.14,2542.14,0.3,4,UK,Amazon,10
2022-11-07,Probiotic,Digestive,111,31.74,2642.65,0.25,2,UK,Walmart,11
2022-11-14,Probiotic,Digestive,99,38.86,2885.54,0.25,3,UK,Walmart,11
2022-12-12,Probiotic,Digestive,70,49.05,2918.35,0.15,1,UK,Amazon,12
2022-12-19,Probiotic,Digestive,89,21.92,1951.16,0.0,1,UK,Amazon,12
2023-01-02,Probiotic,Digestive,150,22.64,2377.32,0.3,3,UK,Amazon,1
2023-01-09,Probiotic,Digestive,83,28.91,2399.84,0.0,1,UK,Amazon,1
2023-01-16,Probiotic,Digestive,113,16.15,1824.63,0.0,1,UK,Walmart,1
2023-02-06,Probiotic,Digestive,69,48.4,3172.36,0.05,1,UK,iHerb,2
2023-02-20,Probiotic,Digestive,106,40.02,3181.61,0.25,2,UK,Walmart,2
2023-02-27,Probiotic,Digestive,114,15.67,1607.37,0.1,4,UK,Amazon,2
2023-03-06,Probiotic,Digestive,39,49.24,1920.31,0.0,1,UK,iHerb,3
2023-03-20,Probiotic,Digestive,67,40.51,2442.96,0.1,0,UK,Amazon,3
2023-03-27,Probiotic,Digestive,99,23.48,1859.6,0.2,3,UK,Amazon,3
2023-04-10,Probiotic,Digestive,70,47.86,2847.76,0.15,1,UK,Amazon,4
2023-04-24,Probiotic,Digestive,67,23.9,1601.2,0.0,1,UK,iHerb,4
2023-05-15,Probiotic,Digestive,67,53.2,2673.23,0.25,1,UK,iHerb,5
2023-05-22,Probiotic,Digestive,63,23.99,1511.19,0.0,1,UK,Walmart,5
2023-05-29,Probiotic,Digestive,44,42.05,1850.36,0.0,0,UK,Amazon,5
2023-07-03,Probiotic,Digestive,48,46.79,2245.94,0.0,1,UK,Walmart,7
2023-07-24,Probiotic,Digestive,74,47.83,2654.71,0.25,3,UK,Walmart,7
2023-08-14,Probiotic,Digestive,101,40.75,2881.3,0.3,3,UK,Amazon,8
2023-08-28,Probiotic,Digestive,81,51.43,2916.11,0.3,3,UK,Walmart,8
2023-09-11,Probiotic,Digestive,115,21.94,1766.08,0.3,4,UK,iHerb,9
2023-09-25,Probiotic,Digestive,133,18.67,1738.27,0.3,3,UK,Walmart,9
2023-10-02,Probiotic,Digestive,94,24.25,1937.38,0.15,1,UK,Walmart,10
2023-10-23,Probiotic,Digestive,88,25.22,1997.56,0.1,1,UK,iHerb,10
2023-11-13,Probiotic,Digestive,95,35.59,2873.51,0.15,3,UK,Amazon,11
2023-11-27,Probiotic,Digestive,77,22.47,1730.27,0.0,2,UK,iHerb,11
2021-01-11,Ashwagandha,Herbal,85,26.06,2215.28,0.0,1,USA,Amazon,1
2021-01-25,Ashwagandha,Herbal,72,29.29,2108.85,0.0,0,USA,Walmart,1
2021-02-15,Ashwagandha,Herbal,88,26.63,2343.81,0.0,2,USA,iHerb,2
2021-02-22,Ashwagandha,Herbal,72,31.61,2275.6,0.0,2,USA,Amazon,2
2021-03-15,Ashwagandha,Herbal,45,45.18,2033.23,0.0,0,USA,Walmart,3
2021-04-05,Ashwagandha,Herbal,65,31.57,2052.34,0.0,2,USA,Amazon,4
2021-04-12,Ashwagandha,Herbal,49,32.48,1591.36,0.0,1,USA,Amazon,4
2021-04-19,Ashwagandha,Herbal,43,49.72,2031.25,0.05,0,USA,iHerb,4
2021-05-03,Ashwagandha,Herbal,99,26.39,2090.12,0.2,1,USA,Walmart,5
2021-05-10,Ashwagandha,Herbal,92,19.76,1545.18,0.15,2,USA,Amazon,5
2021-05-24,Ashwagandha,Herbal,49,37.06,1816.18,0.0,0,USA,Amazon,5
2021-06-14,Ashwagandha,Herbal,84,19.32,1541.59,0.05,2,USA,Amazon,6
2021-08-30,Ashwagandha,Herbal,94,19.01,1518.63,0.15,4,USA,Walmart,8
2021-09-06,Ashwagandha,Herbal,97,28.08,2042.82,0.25,1,USA,iHerb,9
2021-10-04,Ashwagandha,Herbal,63,30.49,1825.12,0.05,2,USA,Walmart,10
2021-10-18,Ashwagandha,Herbal,47,38.17,1793.81,0.0,1,USA,Amazon,10
2022-01-03,Ashwagandha,Herbal,133,26.13,2605.97,0.25,2,USA,iHerb,1
2022-01-17,Ashwagandha,Herbal,99,42.01,3327.14,0.2,1,USA,iHerb,1
2022-02-07,Ashwagandha,Herbal,87,48.8,3608.7,0.15,0,USA,Amazon,2
2022-02-21,Ashwagandha,Herbal,83,22.46,1864.37,0.0,3,USA,Walmart,2
2022-02-28,Ashwagandha,Herbal,83,21.89,1817.04,0.0,2,USA,Walmart,2
2022-03-07,Ashwagandha,Herbal,63,35.55,2015.8,0.1,1,USA,Walmart,3
2022-04-11,Ashwagandha,Herbal,67,35.0,2110.31,0.1,0,USA,iHerb,4
2022-04-25,Ashwagandha,Herbal,108,16.3,1320.08,0.25,2,USA,Amazon,4
2022-05-30,Ashwagandha,Herbal,106,22.49,1668.63,0.3,1,USA,Amazon,5
2022-07-04,Ashwagandha,Herbal,55,47.13,2203.54,0.15,1,USA,Amazon,7
2022-07-25,Ashwagandha,Herbal,51,42.42,2163.5,0.0,1,USA,Amazon,7
2022-08-15,Ashwagandha,Herbal,68,44.74,2585.9,0.15,1,USA,Walmart,8
2022-09-19,Ashwagandha,Herbal,85,45.6,2713.1,0.3,3,USA,Walmart,9
2022-09-26,Ashwagandha,Herbal,52,51.94,2295.62,0.15,0,USA,Amazon,9
2022-10-03,Ashwagandha,Herbal,112,17.48,1468.57,0.25,4,USA,iHerb,10
2022-11-07,Ashwagandha,Herbal,71,34.92,2479.67,0.0,3,USA,Amazon,11
2022-11-28,Ashwagandha,Herbal,97,19.09,1759.29,0.05,0,USA,iHerb,11
2022-12-05,Ashwagandha,Herbal,80,22.17,1773.42,0.0,1,USA,iHerb,12
2023-01-09,Ashwagandha,Herbal,91,22.2,2020.61,0.0,3,USA,iHerb,1
2023-02-20,Ashwagandha,Herbal,73,46.05,3193.58,0.05,3,USA,Amazon,2
2023-03-06,Ashwagandha,Herbal,70,32.43,2156.73,0.05,3,USA,iHerb,3
2023-03-20,Ashwagandha,Herbal,58,31.6,1833.07,0.0,1,USA,Amazon,3
2023-04-17,Ashwagandha,Herbal,83,17.76,1326.69,0.1,1,USA,iHerb,4
2023-05-01,Ashwagandha,Herbal,36,46.37,1669.33,0.0,1,USA,Walmart,5
2023-07-17,Ashwagandha,Herbal,43,47.96,2062.29,0.0,0,USA,Walmart,7
2023-07-24,Ashwagandha,Herbal,94,17.11,1367.46,0.15,4,USA,Walmart,7
2023-07-31,Ashwagandha,Herbal,43,48.78,1887.8,0.1,0,USA,Walmart,7
2023-08-14,Ashwagandha,Herbal,112,17.34,1456.76,0.25,2,USA,iHerb,8
2023-09-04,Ashwagandha,Herbal,56,33.43,1871.86,0.0,2,USA,Walmart,9
2023-09-11,Ashwagandha,Herbal,86,48.17,2900.09,0.3,2,USA,iHerb,9
2023-09-25,Ashwagandha,Herbal,102,33.22,2371.74,0.3,2,USA,Walmart,9
2023-10-02,Ashwagandha,Herbal,72,21.73,1564.91,0.0,2,USA,Walmart,10
2023-10-30,Ashwagandha,Herbal,98,17.34,1444.28,0.15,2,USA,iHerb,10
2023-11-13,Ashwagandha,Herbal,92,36.73,2703.16,0.2,2,USA,iHerb,11
2023-12-04,Ashwagandha,Herbal,145,21.36,2167.67,0.3,2,USA,Amazon,12
2023-12-25,Ashwagandha,Herbal,109,49.58,3783.24,0.3,4,USA,Walmart,12
2021-01-11,Biotin,Vitamin,74,40.94,3029.23,0.0,3,UK,Walmart,1
2021-02-01,Biotin,Vitamin,83,37.33,3098.27,0.0,1,UK,Amazon,2
2021-02-08,Biotin,Vitamin,61,44.58,2719.1,0.0,1,UK,Amazon,2
2021-02-15,Biotin,Vitamin,115,38.63,3554.36,0.2,1,UK,iHerb,2
2021-03-01,Biotin,Vitamin,56,41.34,2314.8,0.0,2,UK,Amazon,3
2021-03-08,Biotin,Vitamin,69,25.4,1752.57,0.0,0,UK,Amazon,3
2021-04-26,Biotin,Vitamin,56,44.79,2382.91,0.05,0,UK,Walmart,4
2021-05-31,Biotin,Vitamin,55,44.75,2461.03,0.0,1,UK,iHerb,5
2021-06-07,Biotin,Vitamin,57,51.59,2646.4,0.1,1,UK,Walmart,6
2021-06-14,Biotin,Vitamin,57,45.7,2604.72,0.0,2,UK,Amazon,6
2021-06-21,Biotin,Vitamin,66,32.77,2162.82,0.0,0,UK,Amazon,6
2021-08-23,Biotin,Vitamin,58,41.31,2395.72,0.0,1,UK,Amazon,8
2021-08-30,Biotin,Vitamin,110,18.84,1761.4,0.15,2,UK,Walmart,8
2021-09-06,Biotin,Vitamin,89,49.24,3067.73,0.3,4,UK,iHerb,9
2021-09-20,Biotin,Vitamin,74,25.8,1908.89,0.0,3,UK,Walmart,9
2021-09-27,Biotin,Vitamin,77,37.45,2451.13,0.15,3,UK,iHerb,9
2021-10-04,Biotin,Vitamin,57,44.37,2529.02,0.0,2,UK,iHerb,10
2021-10-11,Biotin,Vitamin,114,20.61,1879.43,0.2,2,UK,Walmart,10
2021-11-01,Biotin,Vitamin,90,24.04,2163.52,0.0,4,UK,Walmart,11
2021-11-29,Biotin,Vitamin,79,46.57,3127.0,0.15,2,UK,Walmart,11
2021-12-20,Biotin,Vitamin,52,46.46,2415.83,0.0,0,UK,Amazon,12
2022-01-03,Biotin,Vitamin,101,18.71,1889.53,0.0,1,UK,Walmart,1
2022-02-14,Biotin,Vitamin,80,48.94,3524.01,0.1,2,UK,Walmart,2
2022-03-14,Biotin,Vitamin,71,24.48,1737.79,0.0,1,UK,Walmart,3
2022-03-28,Biotin,Vitamin,67,34.85,2334.9,0.0,0,UK,Amazon,3
2022-05-16,Biotin,Vitamin,88,34.46,2425.73,0.2,1,UK,Walmart,5
2022-07-04,Biotin,Vitamin,68,35.58,2419.77,0.0,1,UK,iHerb,7
2022-07-11,Biotin,Vitamin,87,16.05,1396.09,0.0,1,UK,Amazon,7
2022-07-18,Biotin,Vitamin,111,35.32,2940.68,0.25,4,UK,iHerb,7
2022-09-12,Biotin,Vitamin,54,46.25,2372.52,0.05,2,UK,iHerb,9
2022-10-03,Biotin,Vitamin,90,32.59,2492.86,0.15,3,UK,Amazon,10
2022-10-24,Biotin,Vitamin,96,40.91,2749.02,0.3,4,UK,iHerb,10
2022-11-14,Biotin,Vitamin,66,35.37,2334.27,0.0,2,UK,iHerb,11
2023-01-16,Biotin,Vitamin,122,19.42,2132.3,0.1,5,UK,Amazon,1
2023-01-30,Biotin,Vitamin,110,27.57,2881.58,0.05,1,UK,iHerb,1
2023-03-06,Biotin,Vitamin,92,12.64,1163.22,0.0,3,UK,iHerb,3
2023-03-13,Biotin,Vitamin,111,16.14,1432.95,0.2,2,UK,Walmart,3
2023-03-20,Biotin,Vitamin,67,48.91,2949.3,0.1,1,UK,Amazon,3
2023-04-24,Biotin,Vitamin,54,45.07,2433.84,0.0,2,UK,Walmart,4
2023-05-08,Biotin,Vitamin,89,38.17,2547.95,0.25,1,UK,iHerb,5
2023-05-15,Biotin,Vitamin,79,21.28,1596.83,0.05,0,UK,Amazon,5
2023-05-22,Biotin,Vitamin,71,33.81,2400.76,0.0,2,UK,Walmart,5
2023-05-29,Biotin,Vitamin,67,26.6,1782.14,0.0,1,UK,Walmart,5
2023-06-05,Biotin,Vitamin,70,23.99,1679.39,0.0,0,UK,Walmart,6
2023-07-03,Biotin,Vitamin,54,42.05,2270.89,0.0,1,UK,iHerb,7
2023-07-10,Biotin,Vitamin,45,46.65,2099.09,0.0,1,UK,Walmart,7
2023-08-07,Biotin,Vitamin,111,34.93,2714.41,0.3,4,UK,Walmart,8
2023-08-14,Biotin,Vitamin,80,42.13,2527.7,0.25,2,UK,Amazon,8
2023-09-04,Biotin,Vitamin,80,48.45,3100.85,0.2,1,UK,Walmart,9
2023-10-09,Biotin,Vitamin,110,31.57,2431.2,0.3,2,UK,Walmart,10
2023-10-16,Biotin,Vitamin,106,28.1,2234.01,0.25,3,UK,Amazon,10
2023-11-13,Biotin,Vitamin,86,41.45,3030.22,0.15,3,UK,Walmart,11
2023-11-20,Biotin,Vitamin,85,39.61,3030.33,0.1,3,UK,Walmart,11
2023-12-18,Biotin,Vitamin,83,25.05,2079.41,0.0,2,UK,Amazon,12
2023-12-25,Biotin,Vitamin,48,51.29,2461.79,0.0,2,UK,Amazon,12
2021-01-11,Green Tea Extract,Fat Burner,91,26.06,2252.81,0.05,2,Canada,iHerb,1
2021-03-01,Green Tea Extract,Fat Burner,52,32.53,1691.4,0.0,2,Canada,Amazon,3
2021-03-15,Green Tea Extract,Fat Burner,79,18.94,1496.18,0.0,1,Canada,Amazon,3
2021-04-12,Green Tea Extract,Fat Burner,67,34.0,2278.1,0.0,2,Canada,Walmart,4
2021-05-10,Green Tea Extract,Fat Burner,68,34.72,2124.87,0.1,0,Canada,Walmart,5
2021-05-31,Green Tea Extract,Fat Burner,59,38.1,2248.06,0.0,0,Canada,iHerb,5
2021-06-07,Green Tea Extract,Fat Burner,96,20.92,1807.62,0.1,2,Canada,iHerb,6
2021-06-14,Green Tea Extract,Fat Burner,87,15.26,1327.34,0.0,2,Canada,iHerb,6
2021-08-02,Green Tea Extract,Fat Burner,115,16.04,1291.32,0.3,3,Canada,Walmart,8
2021-08-30,Green Tea Extract,Fat Burner,71,47.63,2705.47,0.2,0,Canada,Amazon,8
2021-09-06,Green Tea Extract,Fat Burner,64,39.97,2302.42,0.1,2,Canada,Amazon,9
2021-09-13,Green Tea Extract,Fat Burner,78,16.58,1292.88,0.0,2,Canada,iHerb,9
2021-10-04,Green Tea Extract,Fat Burner,62,46.39,2588.56,0.1,1,Canada,Walmart,10
2021-11-01,Green Tea Extract,Fat Burner,82,52.03,3200.08,0.25,3,Canada,iHerb,11
2021-11-22,Green Tea Extract,Fat Burner,84,19.33,1623.85,0.0,1,Canada,Amazon,11
2021-12-06,Green Tea Extract,Fat Burner,53,48.28,2559.05,0.0,1,Canada,iHerb,12
2022-01-03,Green Tea Extract,Fat Burner,95,18.74,1780.1,0.0,1,Canada,Amazon,1
2022-01-10,Green Tea Extract,Fat Burner,134,25.49,2562.02,0.25,6,Canada,Amazon,1
2022-01-17,Green Tea Extract,Fat Burner,92,38.03,3149.18,0.1,3,Canada,iHerb,1
2022-02-21,Green Tea Extract,Fat Burner,85,39.39,3181.12,0.05,1,Canada,Walmart,2
2022-03-07,Green Tea Extract,Fat Burner,67,30.28,2028.76,0.0,2,Canada,Walmart,3
2022-03-21,Green Tea Extract,Fat Burner,49,42.14,2064.78,0.0,1,Canada,Amazon,3
2022-04-18,Green Tea Extract,Fat Burner,54,36.39,1866.78,0.05,1,Canada,iHerb,4
2022-05-02,Green Tea Extract,Fat Burner,42,48.79,2049.2,0.0,1,Canada,Walmart,5
2022-05-09,Green Tea Extract,Fat Burner,68,17.79,1209.62,0.0,0,Canada,Amazon,5
2022-05-23,Green Tea Extract,Fat Burner,82,23.59,1837.97,0.05,0,Canada,iHerb,5
2022-05-30,Green Tea Extract,Fat Burner,75,47.31,2838.32,0.2,2,Canada,iHerb,5
2022-06-13,Green Tea Extract,Fat Burner,64,51.25,2787.95,0.15,3,Canada,Walmart,6
2022-06-27,Green Tea Extract,Fat Burner,89,37.88,2528.8,0.25,3,Canada,iHerb,6
2022-07-18,Green Tea Extract,Fat Burner,62,39.43,2322.71,0.05,2,Canada,Walmart,7
2022-08-29,Green Tea Extract,Fat Burner,58,36.72,2129.57,0.0,1,Canada,Amazon,8
2022-09-19,Green Tea Extract,Fat Burner,80,24.02,1825.35,0.05,3,Canada,Walmart,9
2022-09-26,Green Tea Extract,Fat Burner,54,42.49,2294.47,0.0,1,Canada,iHerb,9
2022-10-17,Green Tea Extract,Fat Burner,84,46.35,2725.67,0.3,1,Canada,Walmart,10
2022-10-24,Green Tea Extract,Fat Burner,84,21.59,1813.92,0.0,2,Canada,Walmart,10
2022-10-31,Green Tea Extract,Fat Burner,66,38.39,2406.87,0.05,2,Canada,iHerb,10
2022-12-26,Green Tea Extract,Fat Burner,78,39.16,2749.22,0.1,2,Canada,Amazon,12
2023-01-02,Green Tea Extract,Fat Burner,104,25.46,2383.4,0.1,5,Canada,Amazon,1
2023-01-16,Green Tea Extract,Fat Burner,95,44.41,3586.07,0.15,1,Canada,Walmart,1
2023-01-23,Green Tea Extract,Fat Burner,73,36.98,2699.55,0.0,2,Canada,Amazon,1
2023-03-06,Green Tea Extract,Fat Burner,85,26.48,1913.26,0.15,3,Canada,iHerb,3
2023-03-20,Green Tea Extract,Fat Burner,74,45.62,2700.94,0.2,1,Canada,Amazon,3
2023-03-27,Green Tea Extract,Fat Burner,52,41.47,2156.31,0.0,1,Canada,Amazon,3
2023-04-10,Green Tea Extract,Fat Burner,77,38.01,2487.91,0.15,2,Canada,iHerb,4
2023-04-24,Green Tea Extract,Fat Burner,88,25.57,1799.93,0.2,3,Canada,iHerb,4
2023-05-29,Green Tea Extract,Fat Burner,54,37.71,2036.41,0.0,2,Canada,iHerb,5
2023-06-12,Green Tea Extract,Fat Burner,65,43.66,2412.03,0.15,2,Canada,iHerb,6
2023-06-26,Green Tea Extract,Fat Burner,96,23.53,1806.98,0.2,3,Canada,Amazon,6
2023-07-10,Green Tea Extract,Fat Burner,114,28.02,2236.32,0.3,4,Canada,iHerb,7
2023-07-17,Green Tea Extract,Fat Burner,65,31.08,2020.03,0.0,0,Canada,Walmart,7
2023-08-07,Green Tea Extract,Fat Burner,56,42.06,2355.61,0.0,1,Canada,Walmart,8
2023-08-14,Green Tea Extract,Fat Burner,105,16.55,1390.16,0.2,3,Canada,iHerb,8
2023-09-11,Green Tea Extract,Fat Burner,99,29.46,2041.9,0.3,3,Canada,Amazon,9
2023-09-18,Green Tea Extract,Fat Burner,53,35.97,1906.2,0.0,1,Canada,iHerb,9
2023-09-25,Green Tea Extract,Fat Burner,72,28.7,2066.46,0.0,2,Canada,Walmart,9
2023-10-09,Green Tea Extract,Fat Burner,72,20.31,1462.0,0.0,1,Canada,Walmart,10
2023-11-20,Green Tea Extract,Fat Burner,81,40.67,2964.87,0.1,1,Canada,Amazon,11
2023-12-11,Green Tea Extract,Fat Burner,78,30.54,2382.02,0.0,1,Canada,Walmart,12
2023-12-25,Green Tea Extract,Fat Burner,107,38.41,3082.39,0.25,1,Canada,Amazon,12
