notebooks/Supplement_Sales_Strong_Correlation.csv
Date,Product Name,Category,Units Sold,Price,Revenue,Discount,Units Returned,Location,Platform,Month
2021-01-11,Iron Supplement,Mineral,94,21.15,1987.88,0.0,2,USA,Amazon,1
2021-02-08,Iron Supplement,Mineral,111,29.68,2800.3,0.15,2,USA,iHerb,2
2021-03-01,Iron Supplement,Mineral,43,49.18,2009.1,0.05,1,USA,Walmart,3
2021-03-15,Iron Supplement,Mineral,53,38.41,2035.69,0.0,2,USA,Walmart,3
2021-04-12,Iron Supplement,Mineral,67,35.87,2283.23,0.05,1,USA,Amazon,4
2021-04-19,Iron Supplement,Mineral,70,21.55,1508.21,0.0,2,USA,iHerb,4
2021-04-26,Iron Supplement,Mineral,72,20.77,1420.8,0.05,2,USA,Walmart,4
2021-05-31,Iron Supplement,Mineral,80,19.37,1549.98,0.0,0,USA,iHerb,5
2021-08-30,Iron Supplement,Mineral,62,28.0,1736.18,0.0,2,USA,iHerb,8
2021-09-06,Iron Supplement,Mineral,90,40.01,2700.35,0.25,2,USA,iHerb,9
2021-09-27,Iron Supplement,Mineral,91,48.1,3064.06,0.3,3,USA,Amazon,9
2021-10-18,Iron Supplement,Mineral,63,46.94,2513.7,0.15,2,USA,Walmart,10
2021-12-27,Iron Supplement,Mineral,67,33.25,2228.08,0.0,3,USA,Walmart,12
2022-01-31,Iron Supplement,Mineral,77,33.19,2555.71,0.0,1,USA,iHerb,1
2022-03-14,Iron Supplement,Mineral,69,25.09,1731.43,0.0,0,USA,Walmart,3
2022-03-21,Iron Supplement,Mineral,78,47.69,2790.05,0.25,1,USA,iHerb,3
2022-04-18,Iron Supplement,Mineral,82,17.6,1443.61,0.0,1,USA,iHerb,4
2022-05-23,Iron Supplement,Mineral,55,45.95,2400.77,0.05,1,USA,iHerb,5
2022-05-30,Iron Supplement,Mineral,75,52.47,2754.61,0.3,2,USA,iHerb,5
2022-06-06,Iron Supplement,Mineral,118,28.51,2354.75,0.3,3,USA,Amazon,6
2022-06-27,Iron Supplement,Mineral,42,47.45,1992.73,0.0,2,USA,iHerb,6
2022-07-25,Iron Supplement,Mineral,74,22.63,1591.08,0.05,1,USA,iHerb,7
2022-08-15,Iron Supplement,Mineral,73,41.74,2589.67,0.15,2,USA,Walmart,8
2022-09-26,Iron Supplement,Mineral,92,30.97,2564.17,0.1,3,USA,iHerb,9
2022-10-03,Iron Supplement,Mineral,71,21.22,1506.72,0.0,2,USA,Amazon,10
2022-10-10,Iron Supplement,Mineral,103,36.54,2634.76,0.3,3,USA,Amazon,10
2022-11-21,Iron Supplement,Mineral,120,18.79,2029.67,0.1,3,USA,iHerb,11
2022-12-05,Iron Supplement,Mineral,79,31.3,2472.78,0.0,3,USA,iHerb,12
2022-12-19,Iron Supplement,Mineral,97,48.04,3495.05,0.25,3,USA,Walmart,12
2022-12-26,Iron Supplement,Mineral,59,42.19,2488.95,0.0,0,USA,iHerb,12
2023-01-02,Iron Supplement,Mineral,155,20.05,2175.77,0.3,4,USA,Walmart,1
2023-01-16,Iron Supplement,Mineral,80,27.61,2208.83,0.0,0,USA,iHerb,1
2023-01-23,Iron Supplement,Mineral,94,47.14,3766.56,0.15,4,USA,iHerb,1
2023-02-13,Iron Supplement,Mineral,63,46.63,2937.81,0.0,2,USA,iHerb,2
2023-02-27,Iron Supplement,Mineral,158,21.18,2342.43,0.3,4,USA,iHerb,2
2023-03-13,Iron Supplement,Mineral,68,24.74,1682.56,0.0,2,USA,Walmart,3
2023-03-20,Iron Supplement,Mineral,80,15.58,1246.36,0.0,2,USA,iHerb,3
2023-04-03,Iron Supplement,Mineral,63,38.18,2164.59,0.1,3,USA,Walmart,4
2023-04-10,Iron Supplement,Mineral,95,22.59,1824.3,0.15,4,USA,Amazon,4
2023-04-24,Iron Supplement,Mineral,61,25.59,1560.83,0.0,1,USA,iHerb,4
2023-05-01,Iron Supplement,Mineral,75,26.77,2007.59,0.0,2,USA,Walmart,5
2023-05-08,Iron Supplement,Mineral,44,41.16,1810.99,0.0,0,USA,iHerb,5
2023-05-15,Iron Supplement,Mineral,92,26.35,1939.16,0.2,1,USA,iHerb,5
2023-05-29,Iron Supplement,Mineral,73,21.85,1595.3,0.0,2,USA,iHerb,5
2023-06-12,Iron Supplement,Mineral,72,23.78,1712.15,0.0,2,USA,Amazon,6
2023-06-19,Iron Supplement,Mineral,90,18.5,1498.37,0.1,3,USA,Amazon,6
2023-07-03,Iron Supplement,Mineral,63,46.75,2356.32,0.2,2,USA,iHerb,7
2023-07-10,Iron Supplement,Mineral,80,20.78,1579.53,0.05,2,USA,Walmart,7
2023-07-24,Iron Supplement,Mineral,74,22.96,1699.14,0.0,2,USA,Amazon,7
2023-08-07,Iron Supplement,Mineral,54,45.0,2308.44,0.05,1,USA,iHerb,8
2023-08-21,Iron Supplement,Mineral,46,41.11,1890.9,0.0,0,USA,Walmart,8
2023-09-04,Iron Supplement,Mineral,47,46.07,2165.35,0.0,2,USA,Amazon,9
2023-09-11,Iron Supplement,Mineral,79,28.84,2164.3,0.05,1,USA,Amazon,9
2023-09-25,Iron Supplement,Mineral,65,24.99,1624.63,0.0,1,USA,Amazon,9
2023-11-13,Iron Supplement,Mineral,97,14.94,1449.36,0.0,4,USA,Amazon,11
2023-12-25,Iron Supplement,Mineral,99,50.21,3479.71,0.3,3,USA,iHerb,12
2021-01-11,Electrolyte Powder,Hydration,74,36.28,2684.81,0.0,1,UK,iHerb,1
2021-02-08,Electrolyte Powder,Hydration,92,25.33,2213.67,0.05,4,UK,Amazon,2
2021-02-22,Electrolyte Powder,Hydration,110,29.28,2898.3,0.1,5,UK,iHerb,2
2021-03-08,Electrolyte Powder,Hydration,76,38.8,2654.17,0.1,1,UK,Walmart,3
2021-04-12,Electrolyte Powder,Hydration,71,25.49,1809.78,0.0,1,UK,Amazon,4
2021-05-03,Electrolyte Powder,Hydration,73,38.92,2414.89,0.15,2,UK,iHerb,5
2021-06-07,Electrolyte Powder,Hydration,60,29.63,1777.83,0.0,1,UK,Amazon,6
2021-06-21,Electrolyte Powder,Hydration,94,22.78,1713.19,0.2,2,UK,Amazon,6
2021-07-05,Electrolyte Powder,Hydration,82,32.82,2287.28,0.15,1,UK,Walmart,7
2021-10-11,Electrolyte Powder,Hydration,63,44.62,2389.53,0.15,1,UK,Walmart,10
2021-10-18,Electrolyte Powder,Hydration,112,14.85,1247.37,0.25,1,UK,iHerb,10
2021-11-01,Electrolyte Powder,Hydration,132,23.24,2300.54,0.25,1,UK,Amazon,11
2021-11-15,Electrolyte Powder,Hydration,82,34.79,2709.99,0.05,1,UK,Walmart,11
2021-12-27,Electrolyte Powder,Hydration,142,27.23,2706.33,0.3,6,UK,Amazon,12
2022-01-24,Electrolyte Powder,Hydration,65,49.99,3087.16,0.05,1,UK,Walmart,1
2022-01-31,Electrolyte Powder,Hydration,93,49.62,3691.47,0.2,3,UK,iHerb,1
2022-02-28,Electrolyte Powder,Hydration,122,27.47,2848.38,0.15,5,UK,Walmart,2
2022-03-21,Electrolyte Powder,Hydration,87,20.16,1666.52,0.05,3,UK,Walmart,3
2022-04-11,Electrolyte Powder,Hydration,92,20.94,1733.84,0.1,1,UK,Walmart,4
2022-05-16,Electrolyte Powder,Hydration,62,48.08,2683.02,0.1,2,UK,iHerb,5
2022-06-06,Electrolyte Powder,Hydration,49,43.96,2153.81,0.0,0,UK,Walmart,6
2022-06-13,Electrolyte Powder,Hydration,46,38.81,1785.11,0.0,1,UK,Amazon,6
2022-06-27,Electrolyte Powder,Hydration,58,37.01,2146.56,0.0,2,UK,Walmart,6
2022-07-04,Electrolyte Powder,Hydration,88,20.1,1680.56,0.05,1,UK,Walmart,7
2022-07-18,Electrolyte Powder,Hydration,57,38.61,2200.55,0.0,0,UK,iHerb,7
2022-08-01,Electrolyte Powder,Hydration,67,33.45,2241.01,0.0,1,UK,iHerb,8
2022-08-15,Electrolyte Powder,Hydration,64,45.6,2480.38,0.15,1,UK,Amazon,8
2022-08-29,Electrolyte Powder,Hydration,56,37.09,2077.22,0.0,1,UK,Amazon,8
2022-09-26,Electrolyte Powder,Hydration,47,41.06,1929.78,0.0,1,UK,Walmart,9
2022-10-17,Electrolyte Powder,Hydration,124,18.44,1600.94,0.3,1,UK,Amazon,10
2022-12-26,Electrolyte Powder,Hydration,119,32.61,2716.71,0.3,3,UK,Amazon,12
2023-01-02,Electrolyte Powder,Hydration,114,27.08,2624.02,0.15,1,UK,Walmart,1
2023-01-09,Electrolyte Powder,Hydration,80,31.27,2501.35,0.0,2,UK,Walmart,1
2023-01-16,Electrolyte Powder,Hydration,81,32.47,2629.88,0.0,1,UK,Amazon,1
2023-02-13,Electrolyte Powder,Hydration,62,43.0,2665.8,0.0,2,UK,iHerb,2
2023-02-20,Electrolyte Powder,Hydration,111,39.01,3247.34,0.25,2,UK,Walmart,2
2023-04-03,Electrolyte Powder,Hydration,66,48.75,2574.16,0.2,1,UK,iHerb,4
2023-05-01,Electrolyte Powder,Hydration,98,26.87,1975.26,0.25,1,UK,Amazon,5
2023-05-22,Electrolyte Powder,Hydration,46,42.17,1939.81,0.0,1,UK,Amazon,5
2023-06-05,Electrolyte Powder,Hydration,70,24.65,1725.33,0.0,3,UK,Amazon,6
2023-06-19,Electrolyte Powder,Hydration,39,50.41,1965.92,0.0,1,UK,Amazon,6
2023-06-26,Electrolyte Powder,Hydration,101,25.18,2034.46,0.2,1,UK,Walmart,6
2023-07-03,Electrolyte Powder,Hydration,79,39.24,2634.68,0.15,3,UK,Amazon,7
2023-07-17,Electrolyte Powder,Hydration,66,26.65,1758.88,0.0,1,UK,Amazon,7
2023-08-21,Electrolyte Powder,Hydration,46,43.19,1986.69,0.0,1,UK,Amazon,8
2023-08-28,Electrolyte Powder,Hydration,64,22.92,1466.63,0.0,1,UK,iHerb,8
2023-09-25,Electrolyte Powder,Hydration,82,48.05,2758.29,0.3,1,UK,Amazon,9
2023-11-20,Electrolyte Powder,Hydration,70,33.53,2346.77,0.0,0,UK,Walmart,11
2023-11-27,Electrolyte Powder,Hydration,69,37.54,2590.57,0.0,2,UK,Walmart,11
2021-01-18,Whey Protein,Protein,104,50.81,4491.84,0.15,4,Canada,Walmart,1
2021-02-08,Whey Protein,Protein,151,43.64,4613.12,0.3,5,Canada,Walmart,2
2021-02-15,Whey Protein,Protein,152,43.55,4634.06,0.3,1,Canada,Walmart,2
2021-03-15,Whey Protein,Protein,88,23.83,2096.84,0.0,1,Canada,Amazon,3
2021-03-29,Whey Protein,Protein,85,40.66,3110.53,0.1,2,Canada,Walmart,3
2021-05-03,Whey Protein,Protein,67,46.82,2980.29,0.05,2,Canada,Walmart,5
2021-05-31,Whey Protein,Protein,93,24.95,2320.52,0.0,3,Canada,Walmart,5
2021-06-21,Whey Protein,Protein,105,44.25,3252.03,0.3,3,Canada,iHerb,6
2021-06-28,Whey Protein,Protein,74,50.03,3147.07,0.15,2,Canada,Walmart,6
2021-07-19,Whey Protein,Protein,63,47.46,2989.69,0.0,3,Canada,Walmart,7
2021-08-16,Whey Protein,Protein,66,50.76,3349.94,0.0,0,Canada,Walmart,8
2021-09-13,Whey Protein,Protein,97,22.16,2149.56,0.0,2,Canada,Amazon,9
2021-09-20,Whey Protein,Protein,138,25.57,2469.74,0.3,3,Canada,Amazon,9
2021-11-22,Whey Protein,Protein,104,40.89,3827.53,0.1,1,Canada,Amazon,11
2021-11-29,Whey Protein,Protein,151,29.88,3384.19,0.25,5,Canada,Amazon,11
2021-12-13,Whey Protein,Protein,111,38.73,3439.66,0.2,2,Canada,Amazon,12
2021-12-27,Whey Protein,Protein,129,17.18,2104.88,0.05,3,Canada,Amazon,12
2022-02-28,Whey Protein,Protein,113,32.0,3254.49,0.1,1,Canada,Amazon,2
2022-03-14,Whey Protein,Protein,78,48.67,3416.71,0.1,3,Canada,iHerb,3
2022-05-09,Whey Protein,Protein,100,48.78,3658.46,0.25,1,Canada,Amazon,5
2022-05-23,Whey Protein,Protein,111,16.44,1642.39,0.1,5,Canada,Amazon,5
2022-05-30,Whey Protein,Protein,90,23.14,2083.02,0.0,1,Canada,Amazon,5
2022-06-06,Whey Protein,Protein,88,28.36,2495.39,0.0,3,Canada,Walmart,6
2022-07-18,Whey Protein,Protein,92,28.03,2578.42,0.0,4,Canada,Walmart,7
2022-08-29,Whey Protein,Protein,100,28.42,2415.71,0.15,1,Canada,iHerb,8
2022-09-19,Whey Protein,Protein,90,25.0,2250.16,0.0,4,Canada,iHerb,9
2022-10-17,Whey Protein,Protein,96,50.4,3870.72,0.2,2,Canada,Amazon,10
2022-10-24,Whey Protein,Protein,120,15.91,1718.25,0.1,2,Canada,iHerb,10
2022-11-28,Whey Protein,Protein,126,19.82,2497.68,0.0,5,Canada,Walmart,11
2022-12-12,Whey Protein,Protein,134,33.75,3392.09,0.25,5,Canada,iHerb,12
2023-01-09,Whey Protein,Protein,122,49.5,4529.53,0.25,4,Canada,Walmart,1
2023-01-23,Whey Protein,Protein,153,28.81,3526.71,0.2,5,Canada,iHerb,1
2023-01-30,Whey Protein,Protein,113,28.13,3178.57,0.0,3,Canada,Walmart,1
2023-02-06,Whey Protein,Protein,164,32.81,3766.23,0.3,7,Canada,Walmart,2
2023-02-20,Whey Protein,Protein,106,26.33,2790.8,0.0,2,Canada,Amazon,2
2023-02-27,Whey Protein,Protein,171,21.9,2808.55,0.25,8,Canada,iHerb,2
2023-05-01,Whey Protein,Protein,92,44.34,3263.09,0.2,1,Canada,Walmart,5
2023-05-15,Whey Protein,Protein,107,20.93,2015.76,0.1,1,Canada,iHerb,5
2023-05-22,Whey Protein,Protein,70,30.73,2151.24,0.0,3,Canada,Walmart,5
2023-07-10,Whey Protein,Protein,59,52.28,3084.26,0.0,1,Canada,iHerb,7
2023-08-21,Whey Protein,Protein,113,14.87,1512.64,0.1,2,Canada,Amazon,8
2023-10-09,Whey Protein,Protein,115,17.89,1851.45,0.1,1,Canada,Amazon,10
2023-10-16,Whey Protein,Protein,106,14.7,1558.65,0.0,1,Canada,Amazon,10
2023-10-30,Whey Protein,Protein,127,30.85,2742.73,0.3,3,Canada,iHerb,10
2023-11-20,Whey Protein,Protein,81,39.63,3210.42,0.0,1,Canada,Walmart,11
2023-12-11,Whey Protein,Protein,76,43.33,3293.05,0.0,2,Canada,iHerb,12
2021-01-18,Fish Oil,Omega,105,16.5,1732.81,0.0,4,UK,Amazon,1
2021-02-08,Fish Oil,Omega,87,33.37,2757.72,0.05,4,UK,Walmart,2
2021-03-01,Fish Oil,Omega,81,16.58,1275.9,0.05,3,UK,Amazon,3
2021-03-08,Fish Oil,Omega,99,43.24,2996.65,0.3,4,UK,Amazon,3
2021-03-15,Fish Oil,Omega,79,23.26,1653.88,0.1,2,UK,iHerb,3
2021-05-10,Fish Oil,Omega,48,43.68,1991.75,0.05,1,UK,Walmart,5
2021-05-17,Fish Oil,Omega,62,29.38,1821.74,0.0,1,UK,iHerb,5
2021-05-24,Fish Oil,Omega,56,42.33,2251.8,0.05,0,UK,Walmart,5
2021-05-31,Fish Oil,Omega,68,46.79,2545.42,0.2,3,UK,Amazon,5
2021-06-21,Fish Oil,Omega,72,23.56,1696.4,0.0,1,UK,iHerb,6
2021-06-28,Fish Oil,Omega,117,24.71,2023.84,0.3,1,UK,Amazon,6
2021-07-26,Fish Oil,Omega,42,46.65,1959.13,0.0,1,UK,Amazon,7
2021-08-02,Fish Oil,Omega,71,18.98,1347.8,0.0,1,UK,iHerb,8
2021-08-16,Fish Oil,Omega,88,47.14,3111.27,0.25,3,UK,Amazon,8
2021-08-23,Fish Oil,Omega,87,39.62,2584.98,0.25,1,UK,Amazon,8
2021-09-27,Fish Oil,Omega,58,26.63,1544.27,0.0,0,UK,iHerb,9
2021-10-11,Fish Oil,Omega,58,34.77,2016.41,0.0,1,UK,Amazon,10
2021-10-18,Fish Oil,Omega,66,38.47,2284.96,0.1,1,UK,Amazon,10
2021-10-25,Fish Oil,Omega,73,22.17,1618.48,0.0,2,UK,Walmart,10
2021-12-06,Fish Oil,Omega,80,30.56,2445.1,0.0,1,UK,Amazon,12
2021-12-27,Fish Oil,Omega,146,16.28,1663.35,0.3,7,UK,Amazon,12
2022-01-03,Fish Oil,Omega,94,20.97,1971.44,0.0,1,UK,Walmart,1
2022-01-17,Fish Oil,Omega,95,45.78,3479.07,0.2,2,UK,Walmart,1
2022-01-31,Fish Oil,Omega,167,21.94,2564.23,0.3,1,UK,iHerb,1
2022-02-14,Fish Oil,Omega,115,30.19,2951.48,0.15,4,UK,iHerb,2
2022-02-28,Fish Oil,Omega,79,32.41,2560.04,0.0,3,UK,Amazon,2
2022-03-21,Fish Oil,Omega,61,29.17,1779.59,0.0,2,UK,iHerb,3
2022-04-04,Fish Oil,Omega,63,28.88,1819.51,0.0,1,UK,Walmart,4
2022-04-11,Fish Oil,Omega,60,30.6,1836.03,0.0,1,UK,Amazon,4
2022-04-25,Fish Oil,Omega,124,18.14,1574.23,0.3,5,UK,Amazon,4
2022-06-06,Fish Oil,Omega,50,35.3,1765.22,0.0,1,UK,Walmart,6
2022-06-13,Fish Oil,Omega,71,15.72,1115.97,0.0,1,UK,Walmart,6
2022-07-04,Fish Oil,Omega,83,15.54,1289.48,0.0,1,UK,Walmart,7
2022-07-11,Fish Oil,Omega,85,32.71,2363.33,0.15,1,UK,Amazon,7
2022-08-08,Fish Oil,Omega,75,50.3,2829.1,0.25,1,UK,iHerb,8
2022-08-15,Fish Oil,Omega,62,29.62,1836.13,0.0,2,UK,Walmart,8
2022-09-19,Fish Oil,Omega,68,42.17,2437.5,0.15,2,UK,Walmart,9
2022-10-31,Fish Oil,Omega,126,11.91,1125.49,0.25,2,UK,Amazon,10
2022-11-07,Fish Oil,Omega,153,17.81,1907.57,0.3,2,UK,iHerb,11
2022-11-14,Fish Oil,Omega,143,22.43,2245.12,0.3,2,UK,Walmart,11
2022-12-05,Fish Oil,Omega,69,47.9,3304.81,0.0,2,UK,iHerb,12
2023-03-06,Fish Oil,Omega,81,19.58,1586.25,0.0,1,UK,Amazon,3
2023-03-13,Fish Oil,Omega,68,29.95,2036.5,0.0,2,UK,iHerb,3
2023-03-20,Fish Oil,Omega,99,29.07,2302.68,0.2,1,UK,Walmart,3
2023-04-10,Fish Oil,Omega,120,17.1,1436.62,0.3,4,UK,Walmart,4
2023-05-22,Fish Oil,Omega,83,21.37,1684.94,0.05,2,UK,Walmart,5
2023-05-29,Fish Oil,Omega,63,29.98,1888.55,0.0,1,UK,Walmart,5
2023-06-05,Fish Oil,Omega,54,40.45,2184.1,0.0,1,UK,Amazon,6
2023-06-26,Fish Oil,Omega,57,32.47,1850.61,0.0,1,UK,Amazon,6
2023-07-10,Fish Oil,Omega,55,33.11,1821.32,0.0,2,UK,iHerb,7
2023-07-31,Fish Oil,Omega,103,21.03,1733.06,0.2,3,UK,iHerb,7
2023-08-07,Fish Oil,Omega,65,25.2,1637.87,0.0,3,UK,Walmart,8
2023-08-28,Fish Oil,Omega,97,33.41,2268.21,0.3,1,UK,iHerb,8
2023-09-25,Fish Oil,Omega,95,30.76,2337.89,0.2,2,UK,Amazon,9
2023-10-02,Fish Oil,Omega,77,25.37,1953.74,0.0,2,UK,Amazon,10
2023-10-30,Fish Oil,Omega,55,36.2,1891.38,0.05,1,UK,Walmart,10
2023-11-06,Fish Oil,Omega,79,41.25,3096.0,0.05,1,UK,iHerb,11
2023-12-11,Fish Oil,Omega,106,47.38,3515.69,0.3,4,UK,Amazon,12
2023-12-18,Fish Oil,Omega,88,26.11,2182.82,0.05,2,UK,Walmart,12
2023-12-25,Fish Oil,Omega,134,28.67,2689.04,0.3,5,UK,Walmart,12
