notebooks/Supplement_Sales_Strong_Correlation.csv
Date,Product Name,Category,Units Sold,Price,Revenue,Discount,Units Returned,Location,Platform,Month
2021-01-18,Multivitamin,Vitamin,118,48.44,4000.95,0.3,5,USA,Amazon,1
2021-02-01,Multivitamin,Vitamin,65,45.85,2980.2,0.0,2,USA,Amazon,2
2021-02-08,Multivitamin,Vitamin,103,23.9,2461.43,0.0,1,USA,Walmart,2
2021-02-15,Multivitamin,Vitamin,123,41.9,3607.43,0.3,2,USA,Walmart,2
2021-02-22,Multivitamin,Vitamin,67,47.52,3184.0,0.0,3,USA,Walmart,2
2021-03-22,Multivitamin,Vitamin,86,21.59,1763.69,0.05,3,USA,Walmart,3
2021-03-29,Multivitamin,Vitamin,109,13.91,1364.15,0.1,3,USA,iHerb,3
2021-04-12,Multivitamin,Vitamin,108,24.02,2075.57,0.2,3,USA,Walmart,4
2021-05-10,Multivitamin,Vitamin,52,49.63,2580.54,0.0,2,USA,Walmart,5
2021-05-17,Multivitamin,Vitamin,112,36.32,2847.15,0.3,3,USA,Amazon,5
2021-05-31,Multivitamin,Vitamin,114,21.64,1973.54,0.2,5,USA,Amazon,5
2021-06-07,Multivitamin,Vitamin,87,18.72,1629.01,0.0,2,USA,Walmart,6
2021-06-14,Multivitamin,Vitamin,81,41.76,2706.01,0.2,2,USA,Amazon,6
2021-07-12,Multivitamin,Vitamin,93,20.64,1823.13,0.05,2,USA,iHerb,7
2021-07-19,Multivitamin,Vitamin,119,26.52,2209.42,0.3,1,USA,iHerb,7
2021-08-16,Multivitamin,Vitamin,94,23.4,1869.33,0.15,3,USA,iHerb,8
2021-09-20,Multivitamin,Vitamin,70,16.54,1157.98,0.0,1,USA,Walmart,9
2021-09-27,Multivitamin,Vitamin,94,44.07,3107.11,0.25,2,USA,iHerb,9
2021-10-11,Multivitamin,Vitamin,94,48.33,3180.16,0.3,2,USA,Amazon,10
2021-10-18,Multivitamin,Vitamin,78,24.25,1891.42,0.0,2,USA,iHerb,10
2021-11-01,Multivitamin,Vitamin,85,27.82,2364.38,0.0,1,USA,iHerb,11
2021-11-22,Multivitamin,Vitamin,96,28.75,2759.81,0.0,3,USA,Walmart,11
2021-11-29,Multivitamin,Vitamin,140,29.71,2911.12,0.3,3,USA,Amazon,11
2022-02-14,Multivitamin,Vitamin,72,41.34,2976.51,0.0,1,USA,Amazon,2
2022-02-28,Multivitamin,Vitamin,128,21.59,2349.33,0.15,4,USA,Walmart,2
2022-03-14,Multivitamin,Vitamin,59,43.1,2542.8,0.0,0,USA,iHerb,3
2022-03-21,Multivitamin,Vitamin,88,44.97,3166.2,0.2,3,USA,iHerb,3
2022-03-28,Multivitamin,Vitamin,81,42.51,2754.81,0.2,2,USA,Walmart,3
2022-04-25,Multivitamin,Vitamin,127,16.66,1587.21,0.25,5,USA,Amazon,4
2022-05-09,Multivitamin,Vitamin,96,40.72,2736.53,0.3,4,USA,iHerb,5
2022-05-16,Multivitamin,Vitamin,96,43.79,2942.56,0.3,1,USA,iHerb,5
2022-05-30,Multivitamin,Vitamin,96,28.21,2301.68,0.15,3,USA,Walmart,5
2022-06-06,Multivitamin,Vitamin,120,14.28,1370.61,0.2,4,USA,iHerb,6
2022-06-13,Multivitamin,Vitamin,57,49.32,2670.53,0.05,2,USA,iHerb,6
2022-06-20,Multivitamin,Vitamin,92,27.03,2238.4,0.1,4,USA,Walmart,6
2022-06-27,Multivitamin,Vitamin,75,40.15,2559.79,0.15,3,USA,iHerb,6
2022-08-08,Multivitamin,Vitamin,114,32.7,2609.65,0.3,2,USA,iHerb,8
2022-09-05,Multivitamin,Vitamin,78,26.24,2046.61,0.0,2,USA,iHerb,9
2022-09-12,Multivitamin,Vitamin,47,46.1,2166.55,0.0,0,USA,Walmart,9
2022-09-26,Multivitamin,Vitamin,59,38.8,2289.43,0.0,1,USA,iHerb,9
2022-10-03,Multivitamin,Vitamin,52,46.15,2399.74,0.0,1,USA,Walmart,10
2022-10-10,Multivitamin,Vitamin,78,24.85,1937.97,0.0,2,USA,iHerb,10
2022-10-17,Multivitamin,Vitamin,85,44.45,3211.56,0.15,2,USA,Amazon,10
2022-10-24,Multivitamin,Vitamin,38,51.99,1975.59,0.0,0,USA,Walmart,10
2022-11-14,Multivitamin,Vitamin,100,21.93,2192.73,0.0,2,USA,Amazon,11
2022-11-28,Multivitamin,Vitamin,93,39.14,3094.2,0.15,4,USA,Walmart,11
2022-12-12,Multivitamin,Vitamin,114,44.87,3580.45,0.3,1,USA,Amazon,12
2023-01-16,Multivitamin,Vitamin,93,20.78,1932.47,0.0,4,USA,Amazon,1
2023-01-30,Multivitamin,Vitamin,142,30.4,3237.53,0.25,4,USA,Walmart,1
2023-03-20,Multivitamin,Vitamin,78,25.45,1984.93,0.0,1,USA,Amazon,3
2023-03-27,Multivitamin,Vitamin,103,19.13,1674.6,0.15,3,USA,Walmart,3
2023-04-03,Multivitamin,Vitamin,63,37.89,2267.98,0.05,1,USA,iHerb,4
2023-04-10,Multivitamin,Vitamin,88,16.22,1427.01,0.0,3,USA,Walmart,4
2023-05-01,Multivitamin,Vitamin,109,23.75,2200.04,0.15,1,USA,Walmart,5
2023-06-19,Multivitamin,Vitamin,74,33.71,2369.8,0.05,3,USA,Walmart,6
2023-06-26,Multivitamin,Vitamin,103,14.11,1307.8,0.1,3,USA,Amazon,6
2023-07-03,Multivitamin,Vitamin,89,39.83,2835.91,0.2,2,USA,Walmart,7
2023-07-17,Multivitamin,Vitamin,93,41.91,2728.27,0.3,4,USA,Walmart,7
2023-07-24,Multivitamin,Vitamin,74,27.71,2050.35,0.0,0,USA,Walmart,7
2023-07-31,Multivitamin,Vitamin,55,38.87,2137.87,0.0,2,USA,iHerb,7
2023-08-07,Multivitamin,Vitamin,78,22.76,1775.45,0.0,3,USA,iHerb,8
2023-08-14,Multivitamin,Vitamin,75,26.79,1908.8,0.05,2,USA,Amazon,8
2023-08-21,Multivitamin,Vitamin,61,33.82,2063.21,0.0,1,USA,Amazon,8
2023-09-04,Multivitamin,Vitamin,43,46.03,1979.13,0.0,1,USA,Amazon,9
2023-09-18,Multivitamin,Vitamin,84,17.31,1453.97,0.0,2,USA,iHerb,9
2023-09-25,Multivitamin,Vitamin,84,26.73,2245.27,0.0,3,USA,iHerb,9
2023-10-09,Multivitamin,Vitamin,48,47.62,2285.6,0.0,1,USA,iHerb,10
2023-10-23,Multivitamin,Vitamin,123,20.23,1865.85,0.25,5,USA,Amazon,10
2023-11-06,Multivitamin,Vitamin,100,36.62,2929.71,0.2,4,USA,iHerb,11
2023-11-13,Multivitamin,Vitamin,84,27.82,2336.81,0.0,1,USA,iHerb,11
2023-11-27,Multivitamin,Vitamin,77,36.03,2635.62,0.05,3,USA,Walmart,11
2023-12-18,Multivitamin,Vitamin,101,47.7,3613.62,0.25,1,USA,Amazon,12
2023-12-25,Multivitamin,Vitamin,134,17.81,1908.93,0.2,5,USA,iHerb,12
2021-01-18,Pre-Workout,Performance,112,27.59,3089.56,0.0,3,UK,Amazon,1
2021-02-08,Pre-Workout,Performance,139,27.19,3213.02,0.15,3,UK,iHerb,2
2021-02-15,Pre-Workout,Performance,106,32.06,3058.25,0.1,1,UK,Amazon,2
2021-04-19,Pre-Workout,Performance,95,47.68,3397.29,0.25,1,UK,Walmart,4
2021-05-03,Pre-Workout,Performance,95,36.28,2929.81,0.15,3,UK,Walmart,5
2021-05-10,Pre-Workout,Performance,63,41.38,2606.87,0.0,2,UK,Amazon,5
2021-06-14,Pre-Workout,Performance,71,43.07,2905.28,0.05,0,UK,Amazon,6
2021-06-28,Pre-Workout,Performance,75,40.05,2853.51,0.05,1,UK,Amazon,6
2021-07-26,Pre-Workout,Performance,60,46.73,2803.9,0.0,1,UK,Walmart,7
2021-08-09,Pre-Workout,Performance,111,41.92,3257.47,0.3,2,UK,Amazon,8
2021-08-16,Pre-Workout,Performance,68,41.45,2677.59,0.05,1,UK,iHerb,8
2021-09-20,Pre-Workout,Performance,84,34.4,2745.43,0.05,2,UK,iHerb,9
2021-10-18,Pre-Workout,Performance,84,22.95,1927.62,0.0,1,UK,Amazon,10
2021-10-25,Pre-Workout,Performance,84,26.61,2235.27,0.0,3,UK,Walmart,10
2021-11-29,Pre-Workout,Performance,157,15.62,1838.99,0.25,7,UK,iHerb,11
2021-12-20,Pre-Workout,Performance,116,29.92,2950.2,0.15,2,UK,Amazon,12
2022-01-03,Pre-Workout,Performance,156,24.21,2832.26,0.25,5,UK,iHerb,1
2022-02-21,Pre-Workout,Performance,108,25.03,2703.74,0.0,2,UK,Amazon,2
2022-03-07,Pre-Workout,Performance,110,27.49,2268.2,0.25,5,UK,iHerb,3
2022-03-14,Pre-Workout,Performance,75,38.41,2880.53,0.0,2,UK,Amazon,3
2022-03-28,Pre-Workout,Performance,65,42.16,2603.43,0.05,2,UK,iHerb,3
2022-04-11,Pre-Workout,Performance,53,44.86,2377.81,0.0,1,UK,Walmart,4
2022-04-18,Pre-Workout,Performance,100,35.44,2835.47,0.2,1,UK,Amazon,4
2022-04-25,Pre-Workout,Performance,63,37.47,2360.53,0.0,0,UK,Walmart,4
2022-05-23,Pre-Workout,Performance,76,31.58,2399.84,0.0,3,UK,Amazon,5
2022-06-13,Pre-Workout,Performance,96,38.15,2930.07,0.2,4,UK,Amazon,6
2022-07-04,Pre-Workout,Performance,98,45.83,3368.24,0.25,1,UK,Walmart,7
2022-07-18,Pre-Workout,Performance,80,32.67,2613.23,0.0,2,UK,Walmart,7
2022-07-25,Pre-Workout,Performance,65,41.46,2695.15,0.0,2,UK,Amazon,7
2022-08-22,Pre-Workout,Performance,84,26.67,2240.52,0.0,3,UK,iHerb,8
2022-10-10,Pre-Workout,Performance,99,20.72,2051.38,0.0,1,UK,Walmart,10
2022-12-05,Pre-Workout,Performance,122,42.34,3874.02,0.25,1,UK,Walmart,12
2023-01-09,Pre-Workout,Performance,127,16.48,2093.58,0.0,3,UK,iHerb,1
2023-01-23,Pre-Workout,Performance,115,44.97,3878.86,0.25,2,UK,iHerb,1
2023-02-27,Pre-Workout,Performance,90,36.87,3318.13,0.0,1,UK,Amazon,2
2023-03-20,Pre-Workout,Performance,85,45.1,3258.59,0.15,2,UK,Amazon,3
2023-03-27,Pre-Workout,Performance,67,40.05,2683.15,0.0,2,UK,iHerb,3
2023-04-10,Pre-Workout,Performance,75,37.64,2681.81,0.05,0,UK,iHerb,4
2023-05-01,Pre-Workout,Performance,83,25.82,2142.79,0.0,1,UK,iHerb,5
2023-06-05,Pre-Workout,Performance,92,44.45,3067.15,0.25,2,UK,Amazon,6
2023-06-12,Pre-Workout,Performance,68,40.97,2785.68,0.0,2,UK,Walmart,6
2023-06-26,Pre-Workout,Performance,114,36.59,2920.06,0.3,4,UK,Amazon,6
2023-07-24,Pre-Workout,Performance,57,50.31,2867.61,0.0,1,UK,iHerb,7
2023-07-31,Pre-Workout,Performance,83,34.06,2827.06,0.0,2,UK,Amazon,7
2023-08-07,Pre-Workout,Performance,97,16.19,1570.61,0.0,4,UK,Amazon,8
2023-08-28,Pre-Workout,Performance,94,15.3,1438.2,0.0,3,UK,Walmart,8
2023-09-11,Pre-Workout,Performance,79,19.44,1535.76,0.0,1,UK,iHerb,9
2023-09-18,Pre-Workout,Performance,63,49.02,3088.02,0.0,1,UK,iHerb,9
2023-10-09,Pre-Workout,Performance,73,37.46,2734.62,0.0,2,UK,Amazon,10
2023-10-16,Pre-Workout,Performance,103,16.8,1730.68,0.0,1,UK,Walmart,10
2023-10-30,Pre-Workout,Performance,130,29.56,2690.28,0.3,3,UK,Walmart,10
2023-11-20,Pre-Workout,Performance,113,17.28,1952.38,0.0,3,UK,Walmart,11
2023-11-27,Pre-Workout,Performance,123,38.0,3973.34,0.15,3,UK,Amazon,11
2023-12-18,Pre-Workout,Performance,92,33.6,3091.1,0.0,3,UK,iHerb,12
2021-01-18,BCAA,Amino Acid,101,37.59,3227.39,0.15,5,UK,Walmart,1
2021-01-25,BCAA,Amino Acid,97,17.99,1744.99,0.0,2,UK,Amazon,1
2021-02-01,BCAA,Amino Acid,140,16.37,1947.88,0.15,2,UK,iHerb,2
2021-02-08,BCAA,Amino Acid,68,37.47,2548.04,0.0,1,UK,iHerb,2
2021-02-22,BCAA,Amino Acid,89,42.28,3198.57,0.15,1,UK,Amazon,2
2021-03-08,BCAA,Amino Acid,62,31.65,1962.56,0.0,2,UK,Amazon,3
2021-04-19,BCAA,Amino Acid,121,18.2,1651.26,0.25,5,UK,Amazon,4
2021-05-03,BCAA,Amino Acid,98,35.72,2625.77,0.25,2,UK,Walmart,5
2021-07-12,BCAA,Amino Acid,113,12.36,1117.69,0.2,4,UK,iHerb,7
2021-07-26,BCAA,Amino Acid,89,25.2,2018.67,0.1,3,UK,Amazon,7
2021-08-09,BCAA,Amino Acid,74,25.54,1890.09,0.0,0,UK,Amazon,8
2021-09-27,BCAA,Amino Acid,62,52.39,2436.31,0.25,3,UK,iHerb,9
2021-10-25,BCAA,Amino Acid,89,42.65,2657.24,0.3,3,UK,Walmart,10
2022-02-07,BCAA,Amino Acid,142,22.3,2533.67,0.2,5,UK,Walmart,2
2022-02-28,BCAA,Amino Acid,131,29.82,2930.28,0.25,6,UK,iHerb,2
2022-03-21,BCAA,Amino Acid,84,35.02,2353.23,0.2,3,UK,Amazon,3
2022-05-09,BCAA,Amino Acid,85,38.9,2480.02,0.25,1,UK,Walmart,5
2022-05-16,BCAA,Amino Acid,51,42.98,2192.19,0.0,2,UK,Walmart,5
2022-05-23,BCAA,Amino Acid,85,37.47,2707.05,0.15,2,UK,iHerb,5
2022-06-20,BCAA,Amino Acid,95,21.1,1703.47,0.15,2,UK,Walmart,6
2022-07-04,BCAA,Amino Acid,59,44.33,2615.69,0.0,1,UK,Amazon,7
2022-08-22,BCAA,Amino Acid,92,45.33,3127.44,0.25,2,UK,Walmart,8
2022-08-29,BCAA,Amino Acid,57,42.33,2292.34,0.05,2,UK,Amazon,8
2022-09-05,BCAA,Amino Acid,70,20.41,1428.8,0.0,1,UK,Amazon,9
2022-10-17,BCAA,Amino Acid,88,25.59,2026.39,0.1,1,UK,Amazon,10
2022-10-24,BCAA,Amino Acid,55,39.11,2043.47,0.05,1,UK,iHerb,10
2022-12-05,BCAA,Amino Acid,134,15.68,1681.05,0.2,1,UK,Walmart,12
2022-12-19,BCAA,Amino Acid,96,22.93,2091.17,0.05,1,UK,Walmart,12
2022-12-26,BCAA,Amino Acid,144,17.51,1765.38,0.3,1,UK,Walmart,12
2023-01-02,BCAA,Amino Acid,77,44.69,3097.24,0.1,1,UK,Walmart,1
2023-02-06,BCAA,Amino Acid,150,20.64,2477.39,0.2,1,UK,Walmart,2
2023-02-27,BCAA,Amino Acid,63,44.91,2829.41,0.0,2,UK,Amazon,2
2023-03-06,BCAA,Amino Acid,50,43.25,2162.73,0.0,1,UK,iHerb,3
2023-03-20,BCAA,Amino Acid,78,43.41,2709.05,0.2,2,UK,Walmart,3
2023-03-27,BCAA,Amino Acid,80,20.12,1609.7,0.0,1,UK,Amazon,3
2023-04-03,BCAA,Amino Acid,72,47.25,2891.71,0.15,1,UK,Amazon,4
2023-04-17,BCAA,Amino Acid,57,39.24,2236.59,0.0,0,UK,Walmart,4
2023-06-26,BCAA,Amino Acid,89,38.18,2718.75,0.2,2,UK,Amazon,6
2023-07-03,BCAA,Amino Acid,92,23.66,1959.32,0.1,3,UK,Walmart,7
2023-07-10,BCAA,Amino Acid,70,37.06,2205.35,0.15,0,UK,iHerb,7
2023-08-28,BCAA,Amino Acid,122,19.17,1637.32,0.3,2,UK,Amazon,8
2023-09-11,BCAA,Amino Acid,87,23.23,1818.86,0.1,2,UK,Amazon,9
2023-09-25,BCAA,Amino Acid,78,26.98,1999.02,0.05,2,UK,Walmart,9
2023-10-02,BCAA,Amino Acid,66,32.74,2160.85,0.0,0,UK,iHerb,10
2023-10-23,BCAA,Amino Acid,58,34.79,2017.81,0.0,0,UK,iHerb,10
2023-12-04,BCAA,Amino Acid,87,25.3,2201.2,0.0,2,UK,Amazon,12
2023-12-18,BCAA,Amino Acid,68,48.03,2939.57,0.1,2,UK,Walmart,12
2021-01-18,Creatine,Performance,129,33.86,3712.43,0.15,4,Canada,iHerb,1
2021-01-25,Creatine,Performance,132,14.64,1931.92,0.0,4,Canada,Walmart,1
2021-02-01,Creatine,Performance,107,21.43,2293.26,0.0,3,Canada,Walmart,2
2021-02-08,Creatine,Performance,134,19.48,2610.19,0.0,6,Canada,Amazon,2
2021-03-22,Creatine,Performance,99,46.82,3476.18,0.25,4,Canada,Amazon,3
2021-03-29,Creatine,Performance,75,43.26,2919.96,0.1,3,Canada,iHerb,3
2021-04-19,Creatine,Performance,71,41.64,2808.4,0.05,1,Canada,iHerb,4
2021-05-10,Creatine,Performance,124,23.91,2371.93,0.2,1,Canada,Walmart,5
2021-06-14,Creatine,Performance,62,44.64,2767.79,0.0,1,Canada,Amazon,6
2021-08-16,Creatine,Performance,77,30.44,2343.61,0.0,1,Canada,iHerb,8
2021-08-30,Creatine,Performance,109,27.78,2422.79,0.2,4,Canada,iHerb,8
2021-09-06,Creatine,Performance,66,48.35,3191.32,0.0,1,Canada,Amazon,9
2021-09-13,Creatine,Performance,97,16.24,1575.6,0.0,1,Canada,Walmart,9
2021-09-27,Creatine,Performance,67,41.02,2611.08,0.05,2,Canada,iHerb,9
2021-11-22,Creatine,Performance,87,36.76,3197.87,0.0,2,Canada,Walmart,11
2021-12-20,Creatine,Performance,110,23.81,2618.91,0.0,2,Canada,iHerb,12
2022-01-24,Creatine,Performance,106,32.1,3061.95,0.1,2,Canada,Amazon,1
2022-02-14,Creatine,Performance,60,49.64,2978.59,0.0,1,Canada,Amazon,2
2022-03-14,Creatine,Performance,83,23.25,1929.79,0.0,4,Canada,Walmart,3
2022-03-21,Creatine,Performance,91,31.67,2593.83,0.1,2,Canada,Amazon,3
2022-03-28,Creatine,Performance,124,19.8,1964.36,0.2,1,Canada,Walmart,3
2022-04-04,Creatine,Performance,99,24.61,2314.75,0.05,2,Canada,Walmart,4
2022-04-18,Creatine,Performance,83,24.0,1991.86,0.0,1,Canada,Walmart,4
2022-06-20,Creatine,Performance,75,25.29,1896.41,0.0,1,Canada,Walmart,6
2022-07-25,Creatine,Performance,76,34.38,2482.34,0.05,1,Canada,Walmart,7
2022-08-08,Creatine,Performance,118,28.23,2498.28,0.25,4,Canada,iHerb,8
2022-08-29,Creatine,Performance,88,21.13,1859.17,0.0,1,Canada,Amazon,8
2022-09-05,Creatine,Performance,134,11.39,1221.51,0.2,4,Canada,Walmart,9
2022-09-19,Creatine,Performance,57,46.01,2622.71,0.0,2,Canada,Amazon,9
2022-10-03,Creatine,Performance,110,30.21,2658.76,0.2,5,Canada,Walmart,10
2022-10-24,Creatine,Performance,93,27.79,2455.3,0.05,4,Canada,Amazon,10
2022-10-31,Creatine,Performance,88,30.63,2560.92,0.05,4,Canada,iHerb,10
2022-12-12,Creatine,Performance,59,45.99,2713.54,0.0,2,Canada,Walmart,12
2022-12-26,Creatine,Performance,101,28.7,2754.23,0.05,4,Canada,Amazon,12
2023-01-09,Creatine,Performance,144,49.97,5037.28,0.3,3,Canada,iHerb,1
2023-01-30,Creatine,Performance,99,42.15,3964.33,0.05,2,Canada,iHerb,1
2023-02-06,Creatine,Performance,101,27.86,2814.23,0.0,3,Canada,iHerb,2
2023-02-27,Creatine,Performance,85,47.17,4009.2,0.0,3,Canada,Walmart,2
2023-03-06,Creatine,Performance,80,33.3,2663.74,0.0,2,Canada,iHerb,3
2023-03-20,Creatine,Performance,95,40.85,3104.52,0.2,3,Canada,Amazon,3
2023-03-27,Creatine,Performance,103,33.43,2754.36,0.2,1,Canada,Amazon,3
2023-05-15,Creatine,Performance,111,17.42,1643.52,0.15,1,Canada,Amazon,5
2023-05-22,Creatine,Performance,99,42.19,3132.47,0.25,4,Canada,Walmart,5
2023-06-05,Creatine,Performance,113,19.2,1844.26,0.15,1,Canada,iHerb,6
2023-07-17,Creatine,Performance,67,45.2,3028.14,0.0,3,Canada,iHerb,7
2023-07-24,Creatine,Performance,58,46.02,2669.01,0.0,0,Canada,Walmart,7
2023-09-04,Creatine,Performance,86,22.53,1937.85,0.0,1,Canada,Amazon,9
2023-09-11,Creatine,Performance,102,36.65,2990.3,0.2,2,Canada,Walmart,9
2023-10-09,Creatine,Performance,80,45.45,2908.66,0.2,1,Canada,iHerb,10
2023-10-16,Creatine,Performance,83,34.47,2717.99,0.05,3,Canada,Walmart,10
2023-10-30,Creatine,Performance,60,43.35,2601.21,0.0,2,Canada,iHerb,10
2023-11-20,Creatine,Performance,89,48.18,3644.98,0.15,2,Canada,Walmart,11
2023-11-27,Creatine,Performance,86,30.67,2637.26,0.0,1,Canada,iHerb,11
2023-12-04,Creatine,Performance,84,41.67,3499.93,0.0,3,Canada,Amazon,12
2023-12-18,Creatine,Performance,99,22.3,2207.91,0.0,2,Canada,iHerb,12
