notebooks/Supplement_Sales_Strong_Correlation.csv
Date,Product Name,Category,Units Sold,Price,Revenue,Discount,Units Returned,Location,Platform,Month
2021-01-18,Ashwagandha,Herbal,39,45.82,1787.1,0.0,1,Canada,Walmart,1
2021-02-08,Ashwagandha,Herbal,136,18.92,2058.02,0.2,1,Canada,Amazon,2
2021-03-08,Ashwagandha,Herbal,56,40.83,1943.6,0.15,2,Canada,Amazon,3
2021-03-22,Ashwagandha,Herbal,52,33.68,1751.46,0.0,1,Canada,Walmart,3
2021-06-21,Ashwagandha,Herbal,100,38.11,2667.72,0.3,2,Canada,Walmart,6
2021-06-28,Ashwagandha,Herbal,107,13.81,1256.13,0.15,2,Canada,Walmart,6
2021-07-05,Ashwagandha,Herbal,71,14.74,1046.38,0.0,0,Canada,Walmart,7
2021-07-26,Ashwagandha,Herbal,67,20.62,1381.52,0.0,1,Canada,Amazon,7
2021-08-09,Ashwagandha,Herbal,49,44.54,2182.37,0.0,1,Canada,Walmart,8
2021-11-01,Ashwagandha,Herbal,61,34.42,2099.66,0.0,0,Canada,Walmart,11
2021-11-15,Ashwagandha,Herbal,70,30.39,2127.41,0.0,3,Canada,Amazon,11
2021-11-29,Ashwagandha,Herbal,65,33.53,2179.56,0.0,1,Canada,Amazon,11
2021-12-13,Ashwagandha,Herbal,122,30.23,2581.36,0.3,1,Canada,Amazon,12
2022-01-10,Ashwagandha,Herbal,81,48.57,3344.36,0.15,1,Canada,Amazon,1
2022-01-24,Ashwagandha,Herbal,99,20.86,2065.56,0.0,2,Canada,Walmart,1
2022-03-14,Ashwagandha,Herbal,62,40.97,2159.29,0.15,2,Canada,Walmart,3
2022-04-04,Ashwagandha,Herbal,91,25.95,1889.0,0.2,1,Canada,Amazon,4
2022-05-02,Ashwagandha,Herbal,98,19.77,1549.93,0.2,4,Canada,Walmart,5
2022-05-16,Ashwagandha,Herbal,80,26.69,1815.18,0.15,2,Canada,iHerb,5
2022-05-23,Ashwagandha,Herbal,34,47.92,1629.25,0.0,1,Canada,Walmart,5
2022-06-13,Ashwagandha,Herbal,95,18.61,1502.77,0.15,1,Canada,Walmart,6
2022-06-20,Ashwagandha,Herbal,49,31.03,1520.42,0.0,1,Canada,Walmart,6
2022-07-11,Ashwagandha,Herbal,84,18.16,1372.89,0.1,2,Canada,Walmart,7
2022-07-18,Ashwagandha,Herbal,49,46.15,2261.39,0.0,2,Canada,Amazon,7
2022-08-01,Ashwagandha,Herbal,33,49.5,1633.5,0.0,1,Canada,Amazon,8
2022-08-22,Ashwagandha,Herbal,82,15.24,1187.5,0.05,0,Canada,iHerb,8
2022-08-29,Ashwagandha,Herbal,28,46.18,1293.07,0.0,0,Canada,Walmart,8
2022-09-05,Ashwagandha,Herbal,94,29.06,1911.88,0.3,4,Canada,Amazon,9
2022-10-17,Ashwagandha,Herbal,64,35.93,2184.71,0.05,1,Canada,iHerb,10
2022-11-14,Ashwagandha,Herbal,103,25.44,2227.66,0.15,2,Canada,Amazon,11
2022-12-26,Ashwagandha,Herbal,55,37.95,2087.34,0.0,1,Canada,Walmart,12
2023-01-23,Ashwagandha,Herbal,73,47.0,3088.16,0.1,3,Canada,Walmart,1
2023-03-13,Ashwagandha,Herbal,73,38.51,2248.82,0.2,3,Canada,Amazon,3
2023-03-27,Ashwagandha,Herbal,40,48.54,1844.66,0.05,1,Canada,iHerb,3
2023-04-10,Ashwagandha,Herbal,41,50.92,1983.41,0.05,2,Canada,Walmart,4
2023-05-15,Ashwagandha,Herbal,70,23.8,1582.88,0.05,3,Canada,Walmart,5
2023-05-22,Ashwagandha,Herbal,49,33.02,1618.19,0.0,2,Canada,iHerb,5
2023-05-29,Ashwagandha,Herbal,34,51.4,1747.65,0.0,0,Canada,Walmart,5
2023-06-12,Ashwagandha,Herbal,72,32.7,2001.2,0.15,2,Canada,Amazon,6
2023-06-19,Ashwagandha,Herbal,58,36.09,1779.19,0.15,2,Canada,Walmart,6
2023-06-26,Ashwagandha,Herbal,104,20.05,1563.54,0.25,3,Canada,Walmart,6
2023-07-10,Ashwagandha,Herbal,65,27.25,1771.31,0.0,0,Canada,Amazon,7
2023-08-07,Ashwagandha,Herbal,90,21.18,1715.69,0.1,3,Canada,iHerb,8
2023-08-21,Ashwagandha,Herbal,77,15.26,1175.24,0.0,1,Canada,Walmart,8
2023-09-18,Ashwagandha,Herbal,54,34.54,1865.06,0.0,1,Canada,iHerb,9
2023-10-09,Ashwagandha,Herbal,57,30.19,1721.07,0.0,1,Canada,Amazon,10
2023-11-27,Ashwagandha,Herbal,64,29.48,1886.63,0.0,3,Canada,iHerb,11
2023-12-11,Ashwagandha,Herbal,88,39.2,2931.8,0.15,2,Canada,iHerb,12
2023-12-18,Ashwagandha,Herbal,58,46.13,2675.35,0.0,2,Canada,iHerb,12
2021-01-18,Electrolyte Powder,Hydration,109,14.3,1559.02,0.0,2,USA,iHerb,1
2021-02-01,Electrolyte Powder,Hydration,81,47.75,3674.56,0.05,3,USA,Walmart,2
2021-02-15,Electrolyte Powder,Hydration,153,18.09,2213.97,0.2,5,USA,Walmart,2
2021-03-01,Electrolyte Powder,Hydration,71,31.09,2207.27,0.0,3,USA,Amazon,3
2021-03-22,Electrolyte Powder,Hydration,109,33.51,2557.09,0.3,5,USA,Walmart,3
2021-03-29,Electrolyte Powder,Hydration,120,16.12,1353.68,0.3,2,USA,Walmart,3
2021-05-17,Electrolyte Powder,Hydration,88,44.63,2748.98,0.3,1,USA,iHerb,5
2021-05-24,Electrolyte Powder,Hydration,94,32.46,2288.54,0.25,3,USA,Amazon,5
2021-06-14,Electrolyte Powder,Hydration,110,18.26,1506.85,0.25,3,USA,Amazon,6
2021-06-28,Electrolyte Powder,Hydration,116,17.63,1431.69,0.3,5,USA,Amazon,6
2021-07-12,Electrolyte Powder,Hydration,63,24.08,1517.22,0.0,1,USA,iHerb,7
2021-07-26,Electrolyte Powder,Hydration,91,20.88,1614.75,0.15,3,USA,Amazon,7
2021-08-02,Electrolyte Powder,Hydration,70,26.82,1877.74,0.0,2,USA,Walmart,8
2021-08-16,Electrolyte Powder,Hydration,62,36.77,2279.54,0.0,2,USA,iHerb,8
2021-09-13,Electrolyte Powder,Hydration,68,25.15,1710.22,0.0,2,USA,Walmart,9
2021-09-20,Electrolyte Powder,Hydration,54,38.56,2082.02,0.0,1,USA,Amazon,9
2021-09-27,Electrolyte Powder,Hydration,60,32.25,1935.26,0.0,0,USA,iHerb,9
2021-12-06,Electrolyte Powder,Hydration,91,19.37,1762.67,0.0,1,USA,Walmart,12
2022-01-03,Electrolyte Powder,Hydration,97,20.15,1954.69,0.0,1,USA,iHerb,1
2022-01-10,Electrolyte Powder,Hydration,148,16.32,1931.79,0.2,6,USA,iHerb,1
2022-03-28,Electrolyte Powder,Hydration,73,39.85,2472.81,0.15,1,USA,iHerb,3
2022-04-25,Electrolyte Powder,Hydration,89,45.5,2834.39,0.3,3,USA,Walmart,4
2022-05-02,Electrolyte Powder,Hydration,56,36.27,2030.92,0.0,1,USA,Walmart,5
2022-05-30,Electrolyte Powder,Hydration,87,17.39,1361.92,0.1,3,USA,iHerb,5
2022-07-11,Electrolyte Powder,Hydration,77,17.12,1318.49,0.0,1,USA,Amazon,7
2022-07-25,Electrolyte Powder,Hydration,36,44.68,1608.65,0.0,0,USA,Amazon,7
2022-09-12,Electrolyte Powder,Hydration,86,41.77,2873.78,0.2,2,USA,iHerb,9
2022-09-19,Electrolyte Powder,Hydration,69,30.05,1969.47,0.05,1,USA,Walmart,9
2022-10-10,Electrolyte Powder,Hydration,65,22.3,1449.77,0.0,1,USA,iHerb,10
2022-10-24,Electrolyte Powder,Hydration,135,17.04,1610.01,0.3,3,USA,iHerb,10
2022-11-21,Electrolyte Powder,Hydration,59,41.13,2426.67,0.0,1,USA,Amazon,11
2022-12-12,Electrolyte Powder,Hydration,74,42.67,2683.82,0.15,3,USA,iHerb,12
2022-12-19,Electrolyte Powder,Hydration,121,21.0,2159.48,0.15,1,USA,Walmart,12
2023-03-06,Electrolyte Powder,Hydration,98,38.39,2821.62,0.25,2,USA,Amazon,3
2023-03-20,Electrolyte Powder,Hydration,68,27.48,1868.57,0.0,1,USA,Amazon,3
2023-03-27,Electrolyte Powder,Hydration,57,45.39,2328.32,0.1,2,USA,Amazon,3
2023-05-15,Electrolyte Powder,Hydration,78,15.58,1215.56,0.0,3,USA,Amazon,5
2023-06-12,Electrolyte Powder,Hydration,52,38.36,1994.75,0.0,2,USA,Walmart,6
2023-07-10,Electrolyte Powder,Hydration,41,42.46,1740.73,0.0,1,USA,Amazon,7
2023-07-31,Electrolyte Powder,Hydration,59,36.49,2152.71,0.0,2,USA,iHerb,7
2023-08-14,Electrolyte Powder,Hydration,39,49.51,1930.97,0.0,1,USA,iHerb,8
2023-09-04,Electrolyte Powder,Hydration,48,44.86,2153.19,0.0,0,USA,iHerb,9
2023-09-11,Electrolyte Powder,Hydration,52,38.63,2008.62,0.0,0,USA,iHerb,9
2023-10-02,Electrolyte Powder,Hydration,97,28.47,2209.29,0.2,3,USA,Walmart,10
2023-10-09,Electrolyte Powder,Hydration,97,36.2,2633.46,0.25,4,USA,iHerb,10
2023-10-23,Electrolyte Powder,Hydration,97,16.93,1395.71,0.15,4,USA,Walmart,10
2023-11-13,Electrolyte Powder,Hydration,62,39.98,2479.02,0.0,2,USA,Walmart,11
2023-12-04,Electrolyte Powder,Hydration,89,37.37,2993.52,0.1,2,USA,Amazon,12
2023-12-25,Electrolyte Powder,Hydration,86,27.46,2361.14,0.0,1,USA,iHerb,12
2021-01-25,Whey Protein,Protein,143,17.31,2351.99,0.05,1,USA,iHerb,1
2021-02-01,Whey Protein,Protein,131,39.93,4184.81,0.2,4,USA,Amazon,2
2021-03-08,Whey Protein,Protein,100,21.0,2099.93,0.0,4,USA,iHerb,3
2021-04-05,Whey Protein,Protein,139,16.73,1744.49,0.25,3,USA,iHerb,4
2021-05-17,Whey Protein,Protein,100,35.34,3180.68,0.1,1,USA,Amazon,5
2021-05-24,Whey Protein,Protein,140,17.63,1851.43,0.25,1,USA,iHerb,5
2021-06-07,Whey Protein,Protein,73,47.49,3466.74,0.0,1,USA,Walmart,6
2021-06-14,Whey Protein,Protein,85,50.45,3430.54,0.2,4,USA,Amazon,6
2021-07-05,Whey Protein,Protein,84,30.39,2552.93,0.0,1,USA,Amazon,7
2021-07-12,Whey Protein,Protein,118,40.63,3356.1,0.3,3,USA,Walmart,7
2021-08-02,Whey Protein,Protein,106,42.81,3403.36,0.25,4,USA,Walmart,8
2021-08-30,Whey Protein,Protein,61,49.66,3029.45,0.0,2,USA,Amazon,8
2021-09-06,Whey Protein,Protein,83,38.05,3000.32,0.05,3,USA,iHerb,9
2021-11-08,Whey Protein,Protein,116,32.69,3413.19,0.1,5,USA,Walmart,11
2021-11-15,Whey Protein,Protein,148,20.93,2478.32,0.2,6,USA,Amazon,11
2022-01-03,Whey Protein,Protein,184,11.75,1621.6,0.25,3,USA,Walmart,1
2022-02-07,Whey Protein,Protein,174,15.61,2037.24,0.25,3,USA,Walmart,2
2022-03-21,Whey Protein,Protein,75,44.01,3300.74,0.0,1,USA,Walmart,3
2022-04-04,Whey Protein,Protein,151,18.62,1968.46,0.3,2,USA,iHerb,4
2022-04-18,Whey Protein,Protein,69,43.61,3008.92,0.0,0,USA,iHerb,4
2022-04-25,Whey Protein,Protein,114,34.65,3160.47,0.2,3,USA,Amazon,4
2022-05-16,Whey Protein,Protein,97,50.71,3689.42,0.25,3,USA,iHerb,5
2022-06-20,Whey Protein,Protein,91,18.33,1668.02,0.0,2,USA,iHerb,6
2022-06-27,Whey Protein,Protein,113,38.97,3302.86,0.25,2,USA,iHerb,6
2022-07-04,Whey Protein,Protein,97,51.74,3512.86,0.3,4,USA,Amazon,7
2022-07-25,Whey Protein,Protein,80,28.17,2253.72,0.0,3,USA,iHerb,7
2022-08-01,Whey Protein,Protein,93,27.34,2542.68,0.0,3,USA,Amazon,8
2022-08-22,Whey Protein,Protein,130,30.51,2776.5,0.3,3,USA,Walmart,8
2022-09-12,Whey Protein,Protein,87,24.07,2093.91,0.0,2,USA,Amazon,9
2022-09-26,Whey Protein,Protein,114,40.53,3234.26,0.3,1,USA,Walmart,9
2022-10-03,Whey Protein,Protein,94,45.44,3630.65,0.15,2,USA,Walmart,10
2022-11-21,Whey Protein,Protein,89,45.23,4025.26,0.0,2,USA,Amazon,11
2022-12-05,Whey Protein,Protein,138,27.79,3259.58,0.15,6,USA,Walmart,12
2022-12-19,Whey Protein,Protein,71,49.53,3516.86,0.0,1,USA,Walmart,12
2023-01-02,Whey Protein,Protein,151,34.32,3886.8,0.25,6,USA,Amazon,1
2023-01-16,Whey Protein,Protein,167,30.27,3538.64,0.3,3,USA,iHerb,1
2023-03-06,Whey Protein,Protein,98,32.89,2578.62,0.2,2,USA,Walmart,3
2023-03-13,Whey Protein,Protein,110,27.33,2705.64,0.1,4,USA,Amazon,3
2023-04-10,Whey Protein,Protein,97,17.74,1720.98,0.0,1,USA,Amazon,4
2023-05-08,Whey Protein,Protein,78,38.67,3015.94,0.0,1,USA,Amazon,5
2023-07-17,Whey Protein,Protein,82,38.62,3166.68,0.0,2,USA,Walmart,7
2023-07-31,Whey Protein,Protein,89,21.27,1892.72,0.0,3,USA,iHerb,7
2023-09-04,Whey Protein,Protein,114,16.82,1821.09,0.05,5,USA,Walmart,9
2023-09-11,Whey Protein,Protein,138,19.14,1981.47,0.25,6,USA,Amazon,9
2023-11-13,Whey Protein,Protein,73,49.3,3599.13,0.0,2,USA,iHerb,11
2023-12-04,Whey Protein,Protein,87,51.27,4237.17,0.05,3,USA,Walmart,12
2021-01-25,Vitamin C,Vitamin,84,31.35,2633.14,0.0,4,USA,iHerb,1
2021-03-01,Vitamin C,Vitamin,75,23.36,1752.05,0.0,1,USA,Walmart,3
2021-03-08,Vitamin C,Vitamin,64,45.62,2627.69,0.1,2,USA,Amazon,3
2021-05-31,Vitamin C,Vitamin,73,44.92,2787.51,0.15,0,USA,iHerb,5
2021-06-21,Vitamin C,Vitamin,121,17.96,1629.54,0.25,4,USA,Walmart,6
2021-08-09,Vitamin C,Vitamin,67,24.78,1660.56,0.0,2,USA,Amazon,8
2021-08-16,Vitamin C,Vitamin,120,19.82,1784.06,0.25,4,USA,Walmart,8
2021-08-23,Vitamin C,Vitamin,99,34.17,2875.24,0.15,1,USA,Walmart,8
2021-09-27,Vitamin C,Vitamin,36,44.14,1588.95,0.0,1,USA,Amazon,9
2021-11-01,Vitamin C,Vitamin,88,40.87,3417.0,0.05,3,USA,Walmart,11
2021-11-08,Vitamin C,Vitamin,70,35.04,2452.5,0.0,1,USA,Walmart,11
2021-11-15,Vitamin C,Vitamin,99,26.85,2524.91,0.05,2,USA,Walmart,11
2021-11-22,Vitamin C,Vitamin,93,36.85,2912.7,0.15,3,USA,Walmart,11
2021-11-29,Vitamin C,Vitamin,93,27.37,2545.09,0.0,1,USA,Walmart,11
2021-12-13,Vitamin C,Vitamin,98,19.42,1903.09,0.0,3,USA,Amazon,12
2021-12-27,Vitamin C,Vitamin,79,36.2,2859.45,0.0,1,USA,Amazon,12
2022-01-31,Vitamin C,Vitamin,148,19.18,2270.37,0.2,4,USA,iHerb,1
2022-02-14,Vitamin C,Vitamin,99,26.66,2639.63,0.0,4,USA,iHerb,2
2022-03-28,Vitamin C,Vitamin,99,32.34,2401.11,0.25,2,USA,iHerb,3
2022-05-02,Vitamin C,Vitamin,93,34.81,2427.83,0.25,1,USA,Amazon,5
2022-05-09,Vitamin C,Vitamin,85,40.64,2763.68,0.2,3,USA,Amazon,5
2022-06-13,Vitamin C,Vitamin,110,27.56,2121.76,0.3,4,USA,iHerb,6
2022-06-20,Vitamin C,Vitamin,93,23.98,1895.28,0.15,3,USA,iHerb,6
2022-06-27,Vitamin C,Vitamin,88,39.4,2947.13,0.15,4,USA,iHerb,6
2022-09-19,Vitamin C,Vitamin,72,47.11,2713.79,0.2,3,USA,iHerb,9
2022-10-10,Vitamin C,Vitamin,113,22.71,1924.68,0.25,2,USA,iHerb,10
2022-11-28,Vitamin C,Vitamin,139,28.88,2810.5,0.3,3,USA,iHerb,11
2022-12-05,Vitamin C,Vitamin,82,45.87,3385.12,0.1,3,USA,Amazon,12
2023-01-23,Vitamin C,Vitamin,74,39.61,2931.23,0.0,2,USA,Walmart,1
2023-01-30,Vitamin C,Vitamin,101,23.91,2414.62,0.0,4,USA,Amazon,1
2023-02-20,Vitamin C,Vitamin,140,27.95,2934.99,0.25,3,USA,iHerb,2
2023-03-06,Vitamin C,Vitamin,80,24.67,1875.24,0.05,2,USA,Walmart,3
2023-03-13,Vitamin C,Vitamin,48,48.65,2335.35,0.0,1,USA,Amazon,3
2023-03-27,Vitamin C,Vitamin,89,28.19,2132.48,0.15,1,USA,iHerb,3
2023-04-03,Vitamin C,Vitamin,57,43.8,2496.69,0.0,1,USA,Amazon,4
2023-04-24,Vitamin C,Vitamin,65,30.64,1991.87,0.0,1,USA,iHerb,4
2023-05-01,Vitamin C,Vitamin,110,16.54,1455.39,0.2,1,USA,iHerb,5
2023-05-08,Vitamin C,Vitamin,75,32.46,2434.15,0.0,1,USA,Amazon,5
2023-06-05,Vitamin C,Vitamin,119,20.62,1717.55,0.3,1,USA,iHerb,6
2023-07-10,Vitamin C,Vitamin,132,14.68,1356.62,0.3,6,USA,Amazon,7
2023-07-17,Vitamin C,Vitamin,124,17.52,1629.36,0.25,2,USA,iHerb,7
2023-09-04,Vitamin C,Vitamin,54,46.31,2500.51,0.0,2,USA,Amazon,9
2023-09-11,Vitamin C,Vitamin,100,28.05,2384.34,0.15,3,USA,iHerb,9
2023-09-25,Vitamin C,Vitamin,69,46.42,2562.23,0.2,3,USA,Amazon,9
2023-11-06,Vitamin C,Vitamin,118,25.27,2385.84,0.2,2,USA,Amazon,11
2023-11-20,Vitamin C,Vitamin,80,39.09,2814.36,0.1,1,USA,iHerb,11
2023-11-27,Vitamin C,Vitamin,54,47.42,2560.68,0.0,1,USA,Walmart,11
2021-01-25,Zinc,Mineral,60,47.34,2840.23,0.0,1,USA,iHerb,1
2021-02-08,Zinc,Mineral,98,25.3,2355.71,0.05,3,USA,Walmart,2
2021-04-05,Zinc,Mineral,85,45.61,2907.7,0.25,2,USA,Amazon,4
2021-04-26,Zinc,Mineral,78,18.64,1453.85,0.0,0,USA,iHerb,4
2021-05-10,Zinc,Mineral,89,12.34,1098.65,0.0,4,USA,iHerb,5
2021-06-07,Zinc,Mineral,47,36.44,1712.8,0.0,1,USA,iHerb,6
2021-07-12,Zinc,Mineral,97,32.35,2353.61,0.25,1,USA,Walmart,7
2021-08-23,Zinc,Mineral,117,19.98,1636.62,0.3,5,USA,iHerb,8
2021-09-13,Zinc,Mineral,76,48.37,2756.91,0.25,3,USA,Walmart,9
2021-11-15,Zinc,Mineral,88,31.35,2620.79,0.05,1,USA,Walmart,11
2021-11-29,Zinc,Mineral,93,40.72,3029.51,0.2,1,USA,iHerb,11
2022-01-03,Zinc,Mineral,111,26.32,2775.32,0.05,2,USA,Walmart,1
2022-01-10,Zinc,Mineral,66,38.81,2561.76,0.0,1,USA,iHerb,1
2022-01-24,Zinc,Mineral,53,46.0,2438.12,0.0,1,USA,Amazon,1
2022-03-07,Zinc,Mineral,35,47.78,1672.3,0.0,0,USA,iHerb,3
2022-04-04,Zinc,Mineral,92,17.45,1525.21,0.05,3,USA,Walmart,4
2022-04-11,Zinc,Mineral,36,42.57,1532.38,0.0,0,USA,Walmart,4
2022-04-25,Zinc,Mineral,91,15.52,1271.32,0.1,4,USA,iHerb,4
2022-05-02,Zinc,Mineral,51,45.09,2299.73,0.0,2,USA,Walmart,5
2022-05-30,Zinc,Mineral,59,43.82,2326.86,0.1,0,USA,Walmart,5
2022-06-13,Zinc,Mineral,53,37.84,2005.41,0.0,1,USA,Amazon,6
2022-06-20,Zinc,Mineral,86,39.33,2705.79,0.2,1,USA,Amazon,6
2022-10-31,Zinc,Mineral,44,40.12,1765.44,0.0,1,USA,iHerb,10
2022-12-26,Zinc,Mineral,64,37.97,2430.26,0.0,1,USA,Walmart,12
2023-01-30,Zinc,Mineral,78,29.49,2300.42,0.0,1,USA,Walmart,1
2023-02-27,Zinc,Mineral,121,29.29,2834.8,0.2,3,USA,iHerb,2
2023-04-17,Zinc,Mineral,48,40.96,1965.9,0.0,1,USA,Walmart,4
2023-04-24,Zinc,Mineral,52,38.6,2007.02,0.0,1,USA,Amazon,4
2023-07-03,Zinc,Mineral,74,51.0,2830.54,0.25,3,USA,iHerb,7
2023-07-17,Zinc,Mineral,69,24.73,1706.37,0.0,1,USA,Walmart,7
2023-08-14,Zinc,Mineral,52,50.47,2361.92,0.1,1,USA,Amazon,8
2023-09-11,Zinc,Mineral,96,16.07,1388.72,0.1,3,USA,iHerb,9
2023-09-25,Zinc,Mineral,78,21.56,1681.71,0.0,3,USA,iHerb,9
2023-10-02,Zinc,Mineral,67,19.99,1339.31,0.0,1,USA,iHerb,10
2023-11-20,Zinc,Mineral,68,33.37,2269.25,0.0,3,USA,iHerb,11
2023-12-11,Zinc,Mineral,151,19.82,2094.65,0.3,4,USA,Walmart,12
2023-12-25,Zinc,Mineral,122,19.98,2072.44,0.15,2,USA,iHerb,12
