notebooks/Supplement_Sales_Strong_Correlation.csv
Date,Product Name,Category,Units Sold,Price,Revenue,Discount,Units Returned,Location,Platform,Month
2021-01-25,Biotin,Vitamin,122,18.32,2011.4,0.1,2,Canada,iHerb,1
2021-02-22,Biotin,Vitamin,101,32.58,2632.34,0.2,1,Canada,Walmart,2
2021-03-15,Biotin,Vitamin,53,42.71,2263.74,0.0,1,Canada,iHerb,3
2021-03-22,Biotin,Vitamin,81,35.47,2585.61,0.1,0,Canada,iHerb,3
2021-04-05,Biotin,Vitamin,65,40.22,2483.61,0.05,1,Canada,Amazon,4
2021-04-12,Biotin,Vitamin,83,31.31,2208.8,0.15,4,Canada,iHerb,4
2021-05-03,Biotin,Vitamin,62,35.37,2192.64,0.0,2,Canada,Walmart,5
2021-05-10,Biotin,Vitamin,115,28.51,2294.88,0.3,5,Canada,Walmart,5
2021-05-17,Biotin,Vitamin,107,34.75,2788.95,0.25,3,Canada,iHerb,5
2021-05-24,Biotin,Vitamin,51,47.18,2286.1,0.05,2,Canada,Amazon,5
2021-07-05,Biotin,Vitamin,50,41.92,2096.15,0.0,1,Canada,Walmart,7
2021-07-12,Biotin,Vitamin,104,27.23,2265.74,0.2,4,Canada,iHerb,7
2021-07-19,Biotin,Vitamin,80,40.38,2745.66,0.15,3,Canada,Walmart,7
2021-10-18,Biotin,Vitamin,44,48.91,2152.04,0.0,0,Canada,Amazon,10
2021-10-25,Biotin,Vitamin,54,46.8,2527.0,0.0,2,Canada,iHerb,10
2021-11-08,Biotin,Vitamin,102,16.02,1633.94,0.0,4,Canada,Amazon,11
2021-11-22,Biotin,Vitamin,68,37.15,2525.89,0.0,1,Canada,iHerb,11
2021-12-13,Biotin,Vitamin,90,27.44,2469.76,0.0,2,Canada,iHerb,12
2021-12-27,Biotin,Vitamin,130,43.26,3936.27,0.3,2,Canada,iHerb,12
2022-01-10,Biotin,Vitamin,125,44.11,3859.94,0.3,3,Canada,Walmart,1
2022-01-24,Biotin,Vitamin,79,37.3,2947.08,0.0,0,Canada,Amazon,1
2022-03-21,Biotin,Vitamin,65,36.56,2376.72,0.0,1,Canada,Walmart,3
2022-04-25,Biotin,Vitamin,98,40.71,2992.41,0.25,2,Canada,Walmart,4
2022-05-02,Biotin,Vitamin,77,30.91,2261.37,0.05,2,Canada,Amazon,5
2022-05-09,Biotin,Vitamin,82,19.48,1597.16,0.0,3,Canada,Walmart,5
2022-06-06,Biotin,Vitamin,49,42.3,2072.67,0.0,1,Canada,iHerb,6
2022-07-25,Biotin,Vitamin,75,39.88,2542.67,0.15,2,Canada,Amazon,7
2022-08-08,Biotin,Vitamin,99,22.71,2023.45,0.1,4,Canada,iHerb,8
2022-08-22,Biotin,Vitamin,57,33.8,1926.46,0.0,2,Canada,Amazon,8
2022-09-19,Biotin,Vitamin,112,20.8,1747.34,0.25,4,Canada,Walmart,9
2022-09-26,Biotin,Vitamin,72,34.08,2085.65,0.15,1,Canada,Walmart,9
2022-10-10,Biotin,Vitamin,71,38.76,2614.43,0.05,1,Canada,iHerb,10
2022-10-17,Biotin,Vitamin,120,32.92,2765.13,0.3,5,Canada,iHerb,10
2022-11-07,Biotin,Vitamin,118,22.31,2237.46,0.15,3,Canada,Walmart,11
2022-11-21,Biotin,Vitamin,63,48.38,3047.99,0.0,0,Canada,Amazon,11
2022-11-28,Biotin,Vitamin,116,23.91,2357.51,0.15,2,Canada,Amazon,11
2022-12-05,Biotin,Vitamin,129,34.93,3154.53,0.3,3,Canada,iHerb,12
2023-01-09,Biotin,Vitamin,102,18.6,1897.61,0.0,4,Canada,Walmart,1
2023-02-06,Biotin,Vitamin,136,27.17,3140.99,0.15,4,Canada,iHerb,2
2023-08-28,Biotin,Vitamin,113,23.84,2020.27,0.25,5,Canada,iHerb,8
2023-09-11,Biotin,Vitamin,84,20.78,1745.8,0.0,3,Canada,Walmart,9
2023-09-18,Biotin,Vitamin,60,45.12,2571.6,0.05,0,Canada,Amazon,9
2023-11-06,Biotin,Vitamin,84,48.8,3279.39,0.2,3,Canada,Amazon,11
2021-01-25,Green Tea Extract,Fat Burner,119,45.97,3829.53,0.3,4,USA,iHerb,1
2021-02-01,Green Tea Extract,Fat Burner,139,22.06,2299.37,0.25,5,USA,Walmart,2
2021-02-08,Green Tea Extract,Fat Burner,85,40.87,3126.79,0.1,2,USA,Walmart,2
2021-02-15,Green Tea Extract,Fat Burner,139,26.72,2785.21,0.25,3,USA,Amazon,2
2021-02-22,Green Tea Extract,Fat Burner,83,45.3,3195.85,0.15,2,USA,iHerb,2
2021-03-08,Green Tea Extract,Fat Burner,61,45.7,2369.7,0.15,1,USA,Amazon,3
2021-03-22,Green Tea Extract,Fat Burner,66,32.76,2161.91,0.0,3,USA,Walmart,3
2021-03-29,Green Tea Extract,Fat Burner,123,20.22,1865.61,0.25,5,USA,Walmart,3
2021-04-26,Green Tea Extract,Fat Burner,39,51.94,2025.57,0.0,0,USA,Amazon,4
2021-06-21,Green Tea Extract,Fat Burner,55,37.74,2075.53,0.0,0,USA,Amazon,6
2021-06-28,Green Tea Extract,Fat Burner,79,16.55,1307.71,0.0,2,USA,Amazon,6
2021-07-12,Green Tea Extract,Fat Burner,112,26.33,2064.22,0.3,1,USA,Amazon,7
2021-07-26,Green Tea Extract,Fat Burner,112,35.05,2748.31,0.3,3,USA,Walmart,7
2021-08-09,Green Tea Extract,Fat Burner,78,22.33,1654.8,0.05,3,USA,iHerb,8
2021-08-16,Green Tea Extract,Fat Burner,81,44.04,2853.81,0.2,3,USA,Walmart,8
2021-08-23,Green Tea Extract,Fat Burner,49,48.79,2390.51,0.0,0,USA,Walmart,8
2021-09-20,Green Tea Extract,Fat Burner,115,29.17,2348.39,0.3,3,USA,iHerb,9
2021-10-18,Green Tea Extract,Fat Burner,108,23.02,1864.54,0.25,3,USA,Walmart,10
2021-11-08,Green Tea Extract,Fat Burner,60,50.13,2707.0,0.1,2,USA,Walmart,11
2021-11-15,Green Tea Extract,Fat Burner,83,42.93,2850.31,0.2,3,USA,iHerb,11
2021-11-29,Green Tea Extract,Fat Burner,105,28.89,2578.39,0.15,3,USA,iHerb,11
2021-12-27,Green Tea Extract,Fat Burner,107,31.38,2686.26,0.2,2,USA,Amazon,12
2022-01-31,Green Tea Extract,Fat Burner,70,48.06,3027.56,0.1,2,USA,Walmart,1
2022-02-14,Green Tea Extract,Fat Burner,106,15.95,1690.48,0.0,4,USA,Walmart,2
2022-02-28,Green Tea Extract,Fat Burner,95,20.32,1930.77,0.0,1,USA,Walmart,2
2022-03-14,Green Tea Extract,Fat Burner,56,33.02,1849.32,0.0,2,USA,Amazon,3
2022-03-28,Green Tea Extract,Fat Burner,114,14.3,1222.84,0.25,4,USA,Amazon,3
2022-06-06,Green Tea Extract,Fat Burner,52,42.76,2223.35,0.0,2,USA,Amazon,6
2022-07-04,Green Tea Extract,Fat Burner,94,28.99,2180.22,0.2,1,USA,Amazon,7
2022-08-01,Green Tea Extract,Fat Burner,56,37.57,2103.88,0.0,1,USA,Amazon,8
2022-08-08,Green Tea Extract,Fat Burner,79,22.5,1777.88,0.0,2,USA,Walmart,8
2022-08-15,Green Tea Extract,Fat Burner,69,21.57,1488.11,0.0,1,USA,Walmart,8
2022-08-22,Green Tea Extract,Fat Burner,93,17.32,1449.58,0.1,1,USA,Amazon,8
2022-10-03,Green Tea Extract,Fat Burner,111,24.23,2016.83,0.25,4,USA,Amazon,10
2022-11-07,Green Tea Extract,Fat Burner,119,27.61,2628.12,0.2,4,USA,Walmart,11
2022-11-14,Green Tea Extract,Fat Burner,118,14.89,1581.18,0.1,2,USA,iHerb,11
2022-11-28,Green Tea Extract,Fat Burner,100,27.88,2369.84,0.15,1,USA,Walmart,11
2022-12-12,Green Tea Extract,Fat Burner,64,35.96,2301.73,0.0,2,USA,iHerb,12
2022-12-19,Green Tea Extract,Fat Burner,67,30.59,2049.75,0.0,0,USA,Walmart,12
2023-01-09,Green Tea Extract,Fat Burner,121,41.92,3804.35,0.25,5,USA,Walmart,1
2023-01-30,Green Tea Extract,Fat Burner,95,22.68,2154.8,0.0,3,USA,Amazon,1
2023-02-06,Green Tea Extract,Fat Burner,99,21.18,2096.81,0.0,4,USA,Walmart,2
2023-02-13,Green Tea Extract,Fat Burner,87,46.3,3423.92,0.15,4,USA,Walmart,2
2023-02-20,Green Tea Extract,Fat Burner,152,13.62,1449.34,0.3,6,USA,iHerb,2
2023-02-27,Green Tea Extract,Fat Burner,84,45.32,3425.97,0.1,2,USA,Amazon,2
2023-04-03,Green Tea Extract,Fat Burner,117,30.16,2469.93,0.3,1,USA,Walmart,4
2023-05-22,Green Tea Extract,Fat Burner,96,22.19,1704.24,0.2,2,USA,Amazon,5
2023-06-05,Green Tea Extract,Fat Burner,53,37.28,1976.0,0.0,2,USA,iHerb,6
2023-06-19,Green Tea Extract,Fat Burner,102,38.3,2734.74,0.3,1,USA,Walmart,6
2023-07-03,Green Tea Extract,Fat Burner,49,43.8,2145.98,0.0,1,USA,Amazon,7
2023-07-24,Green Tea Extract,Fat Burner,48,35.96,1726.29,0.0,1,USA,Walmart,7
2023-07-31,Green Tea Extract,Fat Burner,35,51.52,1803.2,0.0,0,USA,Amazon,7
2023-08-21,Green Tea Extract,Fat Burner,62,35.46,2088.47,0.05,1,USA,Walmart,8
2023-08-28,Green Tea Extract,Fat Burner,80,18.69,1495.33,0.0,0,USA,Amazon,8
2023-10-16,Green Tea Extract,Fat Burner,58,43.26,2258.3,0.1,0,USA,iHerb,10
2023-10-23,Green Tea Extract,Fat Burner,74,23.52,1566.7,0.1,3,USA,iHerb,10
2023-10-30,Green Tea Extract,Fat Burner,79,48.0,2654.48,0.3,3,USA,Amazon,10
2023-11-06,Green Tea Extract,Fat Burner,63,46.41,2631.67,0.1,1,USA,iHerb,11
2023-11-27,Green Tea Extract,Fat Burner,124,27.62,2568.49,0.25,3,USA,Amazon,11
2021-02-08,Magnesium,Mineral,103,47.01,3631.2,0.25,4,Canada,iHerb,2
2021-03-01,Magnesium,Mineral,57,42.01,2274.71,0.05,1,Canada,Amazon,3
2021-03-29,Magnesium,Mineral,50,37.6,1786.01,0.05,0,Canada,iHerb,3
2021-04-05,Magnesium,Mineral,59,31.92,1883.03,0.0,1,Canada,Walmart,4
2021-04-19,Magnesium,Mineral,65,52.23,2715.77,0.2,1,Canada,Amazon,4
2021-05-10,Magnesium,Mineral,40,50.12,2004.94,0.0,1,Canada,iHerb,5
2021-07-05,Magnesium,Mineral,91,40.08,2735.8,0.25,2,Canada,Amazon,7
2021-08-16,Magnesium,Mineral,70,22.37,1566.23,0.0,2,Canada,Amazon,8
2021-09-13,Magnesium,Mineral,77,16.94,1304.28,0.0,0,Canada,Walmart,9
2021-10-25,Magnesium,Mineral,49,43.18,2115.89,0.0,1,Canada,iHerb,10
2021-11-15,Magnesium,Mineral,84,50.71,3194.75,0.25,2,Canada,Walmart,11
2021-11-22,Magnesium,Mineral,93,30.43,2688.92,0.05,2,Canada,Walmart,11
2021-12-06,Magnesium,Mineral,85,45.45,3283.58,0.15,4,Canada,iHerb,12
2021-12-27,Magnesium,Mineral,70,41.37,2606.19,0.1,1,Canada,iHerb,12
2022-02-07,Magnesium,Mineral,131,13.49,1590.9,0.1,3,Canada,Walmart,2
2022-03-14,Magnesium,Mineral,59,39.8,2113.27,0.1,2,Canada,iHerb,3
2022-04-11,Magnesium,Mineral,84,16.46,1313.47,0.05,3,Canada,iHerb,4
2022-04-18,Magnesium,Mineral,62,27.51,1705.35,0.0,1,Canada,iHerb,4
2022-05-16,Magnesium,Mineral,95,38.25,2543.44,0.3,3,Canada,Amazon,5
2022-07-11,Magnesium,Mineral,53,43.45,2302.83,0.0,1,Canada,iHerb,7
2022-07-25,Magnesium,Mineral,78,20.79,1621.69,0.0,2,Canada,Amazon,7
2022-09-05,Magnesium,Mineral,102,22.95,1872.87,0.2,1,Canada,Walmart,9
2022-09-19,Magnesium,Mineral,71,23.7,1683.03,0.0,1,Canada,iHerb,9
2022-10-24,Magnesium,Mineral,46,45.03,2071.44,0.0,2,Canada,Walmart,10
2022-10-31,Magnesium,Mineral,51,41.23,2102.76,0.0,2,Canada,Walmart,10
2022-11-07,Magnesium,Mineral,99,30.46,2563.09,0.15,4,Canada,Walmart,11
2022-12-05,Magnesium,Mineral,69,39.73,2604.45,0.05,1,Canada,iHerb,12
2023-01-09,Magnesium,Mineral,52,46.52,2419.22,0.0,1,Canada,iHerb,1
2023-01-23,Magnesium,Mineral,75,35.21,2640.57,0.0,0,Canada,iHerb,1
2023-02-06,Magnesium,Mineral,94,21.72,2041.34,0.0,1,Canada,Walmart,2
2023-02-13,Magnesium,Mineral,81,29.55,2393.76,0.0,1,Canada,Amazon,2
2023-03-06,Magnesium,Mineral,40,45.46,1818.57,0.0,1,Canada,iHerb,3
2023-03-20,Magnesium,Mineral,83,22.1,1834.6,0.0,1,Canada,iHerb,3
2023-04-03,Magnesium,Mineral,56,36.23,2028.78,0.0,1,Canada,iHerb,4
2023-05-01,Magnesium,Mineral,58,33.74,1956.87,0.0,2,Canada,iHerb,5
2023-05-15,Magnesium,Mineral,81,31.05,2263.42,0.1,3,Canada,iHerb,5
2023-05-22,Magnesium,Mineral,107,16.86,1533.64,0.15,1,Canada,Amazon,5
2023-05-29,Magnesium,Mineral,115,24.6,2121.61,0.25,4,Canada,Walmart,5
2023-08-07,Magnesium,Mineral,81,23.92,1840.98,0.05,2,Canada,Amazon,8
2023-08-14,Magnesium,Mineral,92,49.59,3193.78,0.3,1,Canada,Amazon,8
2023-08-28,Magnesium,Mineral,108,10.96,1065.27,0.1,3,Canada,Walmart,8
2023-10-09,Magnesium,Mineral,62,42.43,2235.82,0.15,1,Canada,iHerb,10
2023-11-13,Magnesium,Mineral,105,31.78,2836.14,0.15,4,Canada,Walmart,11
2023-11-20,Magnesium,Mineral,88,32.43,2711.31,0.05,4,Canada,iHerb,11
2023-11-27,Magnesium,Mineral,73,37.13,2710.62,0.0,3,Canada,Amazon,11
2023-12-11,Magnesium,Mineral,90,33.45,2709.65,0.1,3,Canada,iHerb,12
2023-12-18,Magnesium,Mineral,148,19.77,2047.68,0.3,2,Canada,iHerb,12
2021-02-08,Probiotic,Digestive,116,33.71,3128.31,0.2,3,USA,iHerb,2
2021-02-22,Probiotic,Digestive,158,18.6,2057.71,0.3,4,USA,Amazon,2
2021-03-29,Probiotic,Digestive,80,21.63,1557.28,0.1,2,USA,Walmart,3
2021-04-12,Probiotic,Digestive,47,50.83,2389.1,0.0,0,USA,iHerb,4
2021-05-17,Probiotic,Digestive,45,47.28,2127.73,0.0,1,USA,Amazon,5
2021-06-07,Probiotic,Digestive,77,28.77,1993.73,0.1,1,USA,iHerb,6
2021-06-14,Probiotic,Digestive,94,23.07,1843.2,0.15,2,USA,iHerb,6
2021-07-19,Probiotic,Digestive,48,38.93,1868.84,0.0,0,USA,iHerb,7
2021-07-26,Probiotic,Digestive,77,20.24,1558.41,0.0,1,USA,Walmart,7
2021-08-02,Probiotic,Digestive,103,21.25,1750.8,0.2,4,USA,iHerb,8
2021-08-16,Probiotic,Digestive,81,42.49,2581.26,0.25,1,USA,Walmart,8
2021-10-04,Probiotic,Digestive,43,48.8,1888.67,0.1,2,USA,iHerb,10
2021-10-11,Probiotic,Digestive,48,37.42,1796.24,0.0,1,USA,Walmart,10
2021-11-08,Probiotic,Digestive,75,39.8,2835.68,0.05,2,USA,iHerb,11
2021-11-29,Probiotic,Digestive,86,38.32,2966.33,0.1,3,USA,iHerb,11
2021-12-20,Probiotic,Digestive,98,23.47,2185.44,0.05,4,USA,iHerb,12
2022-01-03,Probiotic,Digestive,57,49.71,2833.68,0.0,2,USA,Walmart,1
2022-01-10,Probiotic,Digestive,90,39.68,3392.57,0.05,1,USA,iHerb,1
2022-01-17,Probiotic,Digestive,55,49.64,2730.4,0.0,1,USA,iHerb,1
2022-03-07,Probiotic,Digestive,74,48.38,2685.23,0.25,2,USA,Amazon,3
2022-03-21,Probiotic,Digestive,73,31.88,1977.93,0.15,2,USA,iHerb,3
2022-04-11,Probiotic,Digestive,96,38.22,2751.52,0.25,4,USA,iHerb,4
2022-06-13,Probiotic,Digestive,71,47.37,2522.21,0.25,1,USA,iHerb,6
2022-06-27,Probiotic,Digestive,57,30.32,1728.36,0.0,1,USA,Amazon,6
2022-07-04,Probiotic,Digestive,77,38.01,2487.71,0.15,3,USA,iHerb,7
2022-07-25,Probiotic,Digestive,94,25.7,2053.54,0.15,3,USA,Walmart,7
2022-08-08,Probiotic,Digestive,49,43.2,2116.9,0.0,1,USA,iHerb,8
2022-08-22,Probiotic,Digestive,93,27.14,2019.12,0.2,1,USA,Walmart,8
2022-08-29,Probiotic,Digestive,91,22.21,1718.04,0.15,1,USA,iHerb,8
2022-09-12,Probiotic,Digestive,58,29.62,1718.06,0.0,2,USA,Walmart,9
2022-09-19,Probiotic,Digestive,47,41.77,1963.38,0.0,1,USA,iHerb,9
2022-09-26,Probiotic,Digestive,95,26.89,2171.53,0.15,3,USA,Walmart,9
2022-10-10,Probiotic,Digestive,79,27.35,2052.97,0.05,2,USA,Walmart,10
2022-10-31,Probiotic,Digestive,64,36.64,2110.61,0.1,1,USA,iHerb,10
2023-01-23,Probiotic,Digestive,122,25.51,2645.25,0.15,1,USA,Walmart,1
2023-02-13,Probiotic,Digestive,113,17.64,1793.54,0.1,4,USA,Walmart,2
2023-03-13,Probiotic,Digestive,48,41.61,1997.27,0.0,1,USA,Walmart,3
2023-04-03,Probiotic,Digestive,51,46.37,2365.05,0.0,1,USA,Amazon,4
2023-05-01,Probiotic,Digestive,102,17.54,1610.57,0.1,4,USA,Walmart,5
2023-06-05,Probiotic,Digestive,57,34.43,1962.56,0.0,2,USA,Amazon,6
2023-07-17,Probiotic,Digestive,33,50.09,1653.0,0.0,1,USA,iHerb,7
2023-07-31,Probiotic,Digestive,43,43.53,1871.69,0.0,1,USA,Amazon,7
2023-09-18,Probiotic,Digestive,101,35.4,2502.68,0.3,3,USA,Walmart,9
2023-10-09,Probiotic,Digestive,52,45.0,2339.83,0.0,1,USA,Amazon,10
2023-10-16,Probiotic,Digestive,70,33.47,2108.89,0.1,3,USA,iHerb,10
2023-10-30,Probiotic,Digestive,51,43.17,2201.43,0.0,2,USA,Walmart,10
2023-11-06,Probiotic,Digestive,68,34.12,2320.35,0.0,1,USA,Amazon,11
2023-12-04,Probiotic,Digestive,42,45.67,1918.08,0.0,0,USA,Amazon,12
2023-12-11,Probiotic,Digestive,60,38.04,2282.61,0.0,2,USA,Amazon,12
2023-12-18,Probiotic,Digestive,127,37.38,3322.67,0.3,4,USA,iHerb,12
2023-12-25,Probiotic,Digestive,127,19.46,1977.09,0.2,1,USA,Amazon,12
2021-02-08,Melatonin,Sleep Aid,127,25.65,2606.31,0.2,2,Canada,Walmart,2
2021-03-01,Melatonin,Sleep Aid,72,21.75,1565.81,0.0,3,Canada,iHerb,3
2021-04-05,Melatonin,Sleep Aid,95,32.18,2293.11,0.25,2,Canada,Walmart,4
2021-04-19,Melatonin,Sleep Aid,69,24.82,1712.54,0.0,1,Canada,Walmart,4
2021-05-24,Melatonin,Sleep Aid,55,40.38,2220.66,0.0,1,Canada,Amazon,5
2021-06-14,Melatonin,Sleep Aid,110,25.15,2075.23,0.25,3,Canada,Walmart,6
2021-06-28,Melatonin,Sleep Aid,74,41.34,2447.1,0.2,1,Canada,Walmart,6
2021-07-12,Melatonin,Sleep Aid,87,26.96,1993.93,0.15,1,Canada,iHerb,7
2021-07-26,Melatonin,Sleep Aid,57,41.75,2260.53,0.05,2,Canada,iHerb,7
2021-08-02,Melatonin,Sleep Aid,89,27.91,2235.9,0.1,1,Canada,Walmart,8
2021-08-09,Melatonin,Sleep Aid,51,39.83,2031.34,0.0,1,Canada,iHerb,8
2021-08-16,Melatonin,Sleep Aid,54,33.39,1803.19,0.0,1,Canada,Walmart,8
2021-08-23,Melatonin,Sleep Aid,121,16.47,1494.46,0.25,5,Canada,iHerb,8
2021-08-30,Melatonin,Sleep Aid,62,32.01,1984.45,0.0,2,Canada,iHerb,8
2021-09-20,Melatonin,Sleep Aid,64,37.66,2289.84,0.05,2,Canada,Amazon,9
2021-10-11,Melatonin,Sleep Aid,48,43.07,1963.91,0.05,2,Canada,Walmart,10
2021-11-01,Melatonin,Sleep Aid,106,16.59,1670.36,0.05,1,Canada,iHerb,11
2021-11-15,Melatonin,Sleep Aid,91,26.89,2202.17,0.1,1,Canada,Walmart,11
2021-12-20,Melatonin,Sleep Aid,115,18.22,1676.6,0.2,3,Canada,Amazon,12
2022-01-03,Melatonin,Sleep Aid,88,27.39,2410.25,0.0,4,Canada,iHerb,1
2022-01-10,Melatonin,Sleep Aid,111,23.48,2476.13,0.05,5,Canada,Amazon,1
2022-02-14,Melatonin,Sleep Aid,82,46.62,3440.55,0.1,3,Canada,Amazon,2
2022-02-28,Melatonin,Sleep Aid,94,26.14,2456.79,0.0,2,Canada,Walmart,2
2022-03-14,Melatonin,Sleep Aid,71,29.94,2126.05,0.0,3,Canada,iHerb,3
2022-03-21,Melatonin,Sleep Aid,44,47.3,1977.3,0.05,0,Canada,iHerb,3
2022-05-16,Melatonin,Sleep Aid,66,33.44,2096.5,0.05,2,Canada,Amazon,5
2022-05-30,Melatonin,Sleep Aid,76,22.31,1695.51,0.0,1,Canada,iHerb,5
2022-07-11,Melatonin,Sleep Aid,94,18.91,1777.48,0.0,1,Canada,iHerb,7
2022-07-18,Melatonin,Sleep Aid,91,15.64,1423.31,0.0,1,Canada,Amazon,7
2022-08-22,Melatonin,Sleep Aid,76,21.7,1649.34,0.0,1,Canada,iHerb,8
2022-08-29,Melatonin,Sleep Aid,83,24.1,2000.34,0.0,3,Canada,iHerb,8
2022-09-12,Melatonin,Sleep Aid,45,47.82,2151.74,0.0,0,Canada,Amazon,9
2022-09-19,Melatonin,Sleep Aid,98,40.04,2942.59,0.25,1,Canada,Amazon,9
2022-11-07,Melatonin,Sleep Aid,74,31.65,2342.37,0.0,1,Canada,Amazon,11
2022-12-19,Melatonin,Sleep Aid,111,22.71,2016.78,0.2,3,Canada,Walmart,12
2023-01-02,Melatonin,Sleep Aid,80,47.75,3247.3,0.15,2,Canada,Walmart,1
2023-04-10,Melatonin,Sleep Aid,87,13.3,1156.68,0.0,3,Canada,Walmart,4
2023-05-08,Melatonin,Sleep Aid,78,43.69,2726.39,0.2,3,Canada,Walmart,5
2023-05-29,Melatonin,Sleep Aid,76,16.43,1248.76,0.0,1,Canada,Amazon,5
2023-07-24,Melatonin,Sleep Aid,73,35.57,2336.86,0.1,2,Canada,iHerb,7
2023-08-07,Melatonin,Sleep Aid,58,34.53,2002.62,0.0,1,Canada,iHerb,8
2023-08-14,Melatonin,Sleep Aid,66,28.76,1898.01,0.0,3,Canada,Walmart,8
2023-08-21,Melatonin,Sleep Aid,79,42.39,2846.75,0.15,3,Canada,Walmart,8
2023-09-25,Melatonin,Sleep Aid,95,42.94,2855.67,0.3,2,Canada,Walmart,9
2023-11-06,Melatonin,Sleep Aid,70,35.43,2479.85,0.0,0,Canada,iHerb,11
2023-11-27,Melatonin,Sleep Aid,127,20.65,2098.26,0.2,5,Canada,Amazon,11
2023-12-11,Melatonin,Sleep Aid,107,46.46,3479.59,0.3,4,Canada,Amazon,12
