notebooks/Supplement_Sales_Strong_Correlation.csv
Date,Product Name,Category,Units Sold,Price,Revenue,Discount,Units Returned,Location,Platform,Month
2021-02-22,Iron Supplement,Mineral,103,22.34,2300.68,0.0,1,UK,iHerb,2
2021-03-29,Iron Supplement,Mineral,105,33.5,2462.4,0.3,1,UK,iHerb,3
2021-04-05,Iron Supplement,Mineral,43,46.64,2005.5,0.0,2,UK,Amazon,4
2021-05-17,Iron Supplement,Mineral,71,22.59,1603.56,0.0,1,UK,iHerb,5
2021-05-24,Iron Supplement,Mineral,31,48.56,1505.46,0.0,1,UK,Walmart,5
2021-06-21,Iron Supplement,Mineral,64,38.97,2369.16,0.05,1,UK,Amazon,6
2021-07-05,Iron Supplement,Mineral,93,32.4,2410.3,0.2,3,UK,iHerb,7
2021-07-19,Iron Supplement,Mineral,64,47.28,2572.06,0.15,2,UK,Amazon,7
2021-08-16,Iron Supplement,Mineral,64,33.27,2129.47,0.0,1,UK,iHerb,8
2021-08-23,Iron Supplement,Mineral,84,38.36,2416.7,0.25,3,UK,iHerb,8
2021-10-04,Iron Supplement,Mineral,82,20.3,1580.99,0.05,0,UK,Walmart,10
2021-10-25,Iron Supplement,Mineral,36,49.97,1798.74,0.0,0,UK,Walmart,10
2021-11-01,Iron Supplement,Mineral,105,20.3,1918.79,0.1,1,UK,iHerb,11
2021-11-22,Iron Supplement,Mineral,126,20.8,2096.76,0.2,5,UK,Amazon,11
2021-11-29,Iron Supplement,Mineral,100,27.78,2499.92,0.1,4,UK,iHerb,11
2021-12-06,Iron Supplement,Mineral,69,39.9,2477.84,0.1,1,UK,Walmart,12
2021-12-20,Iron Supplement,Mineral,68,35.26,2397.95,0.0,2,UK,Walmart,12
2022-01-03,Iron Supplement,Mineral,140,27.73,2717.82,0.3,4,UK,Walmart,1
2022-01-24,Iron Supplement,Mineral,95,28.65,2722.18,0.0,1,UK,iHerb,1
2022-02-14,Iron Supplement,Mineral,82,36.82,2868.16,0.05,1,UK,Walmart,2
2022-02-21,Iron Supplement,Mineral,92,16.79,1544.31,0.0,1,UK,Walmart,2
2022-02-28,Iron Supplement,Mineral,115,31.08,2859.41,0.2,5,UK,Amazon,2
2022-03-28,Iron Supplement,Mineral,54,48.58,2229.67,0.15,1,UK,Amazon,3
2022-04-25,Iron Supplement,Mineral,73,45.45,2654.35,0.2,1,UK,Walmart,4
2022-05-02,Iron Supplement,Mineral,90,11.9,1017.86,0.05,1,UK,iHerb,5
2022-06-20,Iron Supplement,Mineral,52,38.63,2009.01,0.0,1,UK,iHerb,6
2022-07-04,Iron Supplement,Mineral,51,46.61,2258.26,0.05,1,UK,iHerb,7
2022-07-11,Iron Supplement,Mineral,51,40.39,2059.97,0.0,2,UK,Walmart,7
2022-09-12,Iron Supplement,Mineral,79,41.62,2794.7,0.15,2,UK,Amazon,9
2022-09-19,Iron Supplement,Mineral,116,18.67,1623.89,0.25,5,UK,iHerb,9
2022-10-17,Iron Supplement,Mineral,84,26.39,2106.26,0.05,1,UK,Amazon,10
2022-10-31,Iron Supplement,Mineral,126,19.15,1688.87,0.3,1,UK,Walmart,10
2022-11-07,Iron Supplement,Mineral,129,34.89,3150.89,0.3,2,UK,iHerb,11
2022-11-28,Iron Supplement,Mineral,77,49.69,3060.91,0.2,2,UK,Amazon,11
2023-02-20,Iron Supplement,Mineral,144,17.27,1989.55,0.2,5,UK,Amazon,2
2023-03-06,Iron Supplement,Mineral,76,19.01,1444.66,0.0,1,UK,Amazon,3
2023-04-17,Iron Supplement,Mineral,71,23.6,1675.95,0.0,1,UK,iHerb,4
2023-06-05,Iron Supplement,Mineral,82,23.64,1841.77,0.05,3,UK,Walmart,6
2023-06-26,Iron Supplement,Mineral,41,50.94,2088.36,0.0,0,UK,Amazon,6
2023-08-14,Iron Supplement,Mineral,89,30.46,2032.94,0.25,3,UK,Walmart,8
2023-08-28,Iron Supplement,Mineral,82,26.33,2051.17,0.05,2,UK,Walmart,8
2023-09-18,Iron Supplement,Mineral,78,20.49,1598.36,0.0,1,UK,iHerb,9
2023-10-16,Iron Supplement,Mineral,58,36.09,2092.98,0.0,1,UK,Walmart,10
2023-11-20,Iron Supplement,Mineral,65,39.73,2582.35,0.0,1,UK,Amazon,11
2023-12-11,Iron Supplement,Mineral,98,38.6,3215.46,0.15,1,UK,iHerb,12
2023-12-18,Iron Supplement,Mineral,76,28.78,2187.37,0.0,1,UK,iHerb,12
2021-03-08,Melatonin,Sleep Aid,74,38.53,2280.73,0.2,1,UK,Amazon,3
2021-03-15,Melatonin,Sleep Aid,54,34.03,1837.53,0.0,2,UK,Amazon,3
2021-05-03,Melatonin,Sleep Aid,79,30.71,2183.17,0.1,2,UK,iHerb,5
2021-05-31,Melatonin,Sleep Aid,72,26.64,1822.14,0.05,3,UK,Amazon,5
2021-06-07,Melatonin,Sleep Aid,90,44.04,2774.55,0.3,1,UK,Amazon,6
2021-07-05,Melatonin,Sleep Aid,92,38.44,2829.39,0.2,3,UK,Walmart,7
2021-09-13,Melatonin,Sleep Aid,93,34.05,2374.79,0.25,3,UK,iHerb,9
2021-09-27,Melatonin,Sleep Aid,88,35.37,2334.21,0.25,1,UK,iHerb,9
2021-12-06,Melatonin,Sleep Aid,86,29.01,2495.28,0.0,1,UK,Amazon,12
2022-01-31,Melatonin,Sleep Aid,108,18.97,1844.11,0.1,1,UK,Amazon,1
2022-02-07,Melatonin,Sleep Aid,92,27.33,2388.86,0.05,3,UK,Amazon,2
2022-02-21,Melatonin,Sleep Aid,106,32.76,2951.6,0.15,5,UK,Walmart,2
2022-03-07,Melatonin,Sleep Aid,85,47.86,2847.66,0.3,2,UK,iHerb,3
2022-04-04,Melatonin,Sleep Aid,67,35.82,2039.77,0.15,2,UK,iHerb,4
2022-04-18,Melatonin,Sleep Aid,74,35.52,2497.28,0.05,1,UK,iHerb,4
2022-05-09,Melatonin,Sleep Aid,51,50.97,2599.55,0.0,0,UK,Amazon,5
2022-05-23,Melatonin,Sleep Aid,51,46.76,2384.56,0.0,2,UK,Walmart,5
2022-06-20,Melatonin,Sleep Aid,53,41.37,2192.39,0.0,2,UK,iHerb,6
2022-07-25,Melatonin,Sleep Aid,64,35.68,2283.23,0.0,1,UK,Amazon,7
2022-08-01,Melatonin,Sleep Aid,71,39.13,2500.35,0.1,0,UK,Walmart,8
2022-08-15,Melatonin,Sleep Aid,82,36.49,2692.77,0.1,3,UK,Walmart,8
2022-10-03,Melatonin,Sleep Aid,57,32.15,1832.43,0.0,2,UK,Amazon,10
2022-10-10,Melatonin,Sleep Aid,59,31.56,1861.9,0.0,2,UK,Amazon,10
2022-10-17,Melatonin,Sleep Aid,38,47.05,1787.84,0.0,1,UK,iHerb,10
2022-10-31,Melatonin,Sleep Aid,66,38.74,2301.16,0.1,1,UK,Amazon,10
2023-01-09,Melatonin,Sleep Aid,102,24.41,2490.18,0.0,2,UK,Amazon,1
2023-01-23,Melatonin,Sleep Aid,148,14.88,1761.49,0.2,5,UK,Walmart,1
2023-02-27,Melatonin,Sleep Aid,108,15.99,1727.11,0.0,2,UK,Amazon,2
2023-03-06,Melatonin,Sleep Aid,67,33.92,2272.88,0.0,2,UK,iHerb,3
2023-03-13,Melatonin,Sleep Aid,90,18.33,1484.56,0.1,1,UK,Walmart,3
2023-03-20,Melatonin,Sleep Aid,103,34.73,2503.8,0.3,3,UK,iHerb,3
2023-03-27,Melatonin,Sleep Aid,100,27.79,2084.32,0.25,3,UK,Walmart,3
2023-04-17,Melatonin,Sleep Aid,68,35.95,2444.4,0.0,1,UK,Amazon,4
2023-04-24,Melatonin,Sleep Aid,82,15.4,1262.45,0.0,1,UK,iHerb,4
2023-05-01,Melatonin,Sleep Aid,64,30.93,1979.65,0.0,1,UK,Amazon,5
2023-05-15,Melatonin,Sleep Aid,49,33.62,1647.32,0.0,0,UK,Amazon,5
2023-09-18,Melatonin,Sleep Aid,128,13.38,1199.25,0.3,3,UK,Amazon,9
2023-10-09,Melatonin,Sleep Aid,82,39.17,2569.71,0.2,2,UK,Walmart,10
2023-10-16,Melatonin,Sleep Aid,66,44.56,2499.86,0.15,2,UK,iHerb,10
2023-10-23,Melatonin,Sleep Aid,106,27.53,2042.68,0.3,4,UK,iHerb,10
2023-12-04,Melatonin,Sleep Aid,84,25.08,2107.13,0.0,3,UK,Walmart,12
2023-12-18,Melatonin,Sleep Aid,89,36.71,2777.44,0.15,2,UK,iHerb,12
2021-03-22,BCAA,Amino Acid,128,13.59,1304.31,0.25,3,USA,iHerb,3
2021-03-29,BCAA,Amino Acid,111,23.98,2129.79,0.2,3,USA,Amazon,3
2021-04-05,BCAA,Amino Acid,80,48.39,2903.39,0.25,2,USA,Walmart,4
2021-04-26,BCAA,Amino Acid,40,48.65,1945.98,0.0,1,USA,Amazon,4
2021-05-10,BCAA,Amino Acid,78,17.21,1342.63,0.0,1,USA,Amazon,5
2021-06-07,BCAA,Amino Acid,65,29.19,1897.33,0.0,2,USA,Amazon,6
2021-08-16,BCAA,Amino Acid,39,47.42,1849.27,0.0,0,USA,Walmart,8
2021-08-23,BCAA,Amino Acid,60,54.56,2946.08,0.1,2,USA,Walmart,8
2021-08-30,BCAA,Amino Acid,124,18.51,1606.4,0.3,3,USA,iHerb,8
2021-09-06,BCAA,Amino Acid,38,42.24,1605.21,0.0,1,USA,iHerb,9
2021-09-13,BCAA,Amino Acid,106,23.97,1906.01,0.25,1,USA,Walmart,9
2021-10-11,BCAA,Amino Acid,54,39.64,2140.55,0.0,2,USA,Walmart,10
2021-10-18,BCAA,Amino Acid,79,15.35,1212.86,0.0,2,USA,iHerb,10
2021-11-29,BCAA,Amino Acid,46,49.24,2265.14,0.0,2,USA,Amazon,11
2021-12-06,BCAA,Amino Acid,61,38.52,2349.92,0.0,0,USA,Amazon,12
2022-01-03,BCAA,Amino Acid,74,50.71,3189.57,0.15,3,USA,iHerb,1
2022-01-17,BCAA,Amino Acid,52,44.67,2323.06,0.0,0,USA,Amazon,1
2022-01-24,BCAA,Amino Acid,145,26.16,2655.28,0.3,3,USA,Walmart,1
2022-02-14,BCAA,Amino Acid,104,23.11,2283.06,0.05,4,USA,iHerb,2
2022-02-21,BCAA,Amino Acid,79,44.03,3130.21,0.1,3,USA,Amazon,2
2022-03-07,BCAA,Amino Acid,84,39.68,2499.86,0.25,3,USA,iHerb,3
2022-04-11,BCAA,Amino Acid,49,44.54,2182.53,0.0,0,USA,Amazon,4
2022-04-18,BCAA,Amino Acid,71,33.65,2150.1,0.1,1,USA,Amazon,4
2022-07-25,BCAA,Amino Acid,92,27.12,1995.78,0.2,1,USA,iHerb,7
2022-08-01,BCAA,Amino Acid,79,19.71,1557.01,0.0,1,USA,Walmart,8
2022-08-08,BCAA,Amino Acid,102,34.03,2429.42,0.3,3,USA,iHerb,8
2022-08-15,BCAA,Amino Acid,75,26.92,1918.38,0.05,2,USA,Walmart,8
2022-09-12,BCAA,Amino Acid,44,42.27,1860.02,0.0,0,USA,Amazon,9
2022-09-19,BCAA,Amino Acid,84,18.7,1570.95,0.0,2,USA,Amazon,9
2022-09-26,BCAA,Amino Acid,82,23.53,1833.18,0.05,2,USA,Amazon,9
2022-10-03,BCAA,Amino Acid,65,39.1,2541.45,0.0,2,USA,iHerb,10
2022-10-31,BCAA,Amino Acid,107,20.84,1672.58,0.25,3,USA,iHerb,10
2022-11-28,BCAA,Amino Acid,74,44.89,3155.84,0.05,2,USA,Walmart,11
2022-12-12,BCAA,Amino Acid,106,41.36,3288.01,0.25,4,USA,Amazon,12
2023-01-16,BCAA,Amino Acid,116,45.86,3723.83,0.3,3,USA,Walmart,1
2023-01-23,BCAA,Amino Acid,77,40.35,2951.55,0.05,2,USA,Amazon,1
2023-02-13,BCAA,Amino Acid,76,22.83,1735.04,0.0,2,USA,Amazon,2
2023-02-20,BCAA,Amino Acid,149,28.71,3208.2,0.25,7,USA,Walmart,2
2023-03-13,BCAA,Amino Acid,54,40.45,2184.29,0.0,0,USA,iHerb,3
2023-04-10,BCAA,Amino Acid,78,42.51,2486.75,0.25,3,USA,Amazon,4
2023-04-24,BCAA,Amino Acid,54,42.15,2276.22,0.0,1,USA,Walmart,4
2023-05-08,BCAA,Amino Acid,46,39.49,1816.55,0.0,1,USA,iHerb,5
2023-05-15,BCAA,Amino Acid,74,44.91,2658.69,0.2,2,USA,iHerb,5
2023-05-29,BCAA,Amino Acid,65,40.93,2394.3,0.1,2,USA,Amazon,5
2023-06-05,BCAA,Amino Acid,48,44.95,2049.66,0.05,0,USA,Amazon,6
2023-06-12,BCAA,Amino Acid,78,14.78,1153.17,0.0,1,USA,iHerb,6
2023-07-17,BCAA,Amino Acid,52,45.82,2382.71,0.0,0,USA,Amazon,7
2023-07-31,BCAA,Amino Acid,98,30.32,2376.77,0.2,4,USA,Walmart,7
2023-08-07,BCAA,Amino Acid,95,30.39,2165.04,0.25,2,USA,Amazon,8
2023-08-14,BCAA,Amino Acid,48,44.91,2155.64,0.0,1,USA,Amazon,8
2023-09-04,BCAA,Amino Acid,82,13.35,1039.9,0.05,3,USA,iHerb,9
2023-09-18,BCAA,Amino Acid,72,30.65,2206.44,0.0,0,USA,iHerb,9
2023-10-16,BCAA,Amino Acid,60,25.99,1559.2,0.0,2,USA,iHerb,10
2023-10-30,BCAA,Amino Acid,83,35.0,2614.56,0.1,1,USA,Amazon,10
2023-11-06,BCAA,Amino Acid,94,26.39,2356.29,0.05,1,USA,Walmart,11
2023-11-27,BCAA,Amino Acid,62,39.14,2426.65,0.0,1,USA,iHerb,11
2023-12-11,BCAA,Amino Acid,85,40.73,2942.57,0.15,3,USA,iHerb,12
2023-12-25,BCAA,Amino Acid,86,40.56,3139.27,0.1,2,USA,Amazon,12
